[2020-07-26T23:49:35.509-0500][gc,heap] Heap region size: 1M
[2020-07-26T23:49:35.534-0500][gc     ] Using G1
[2020-07-26T23:49:35.535-0500][gc,heap,coops] Heap address: 0x00000000c0000000, size: 1024 MB, Compressed Oops mode: 32-bit
[2020-07-26T23:49:35.535-0500][gc,cds       ] Mark closed archive regions in map: [0x00000000fff00000, 0x00000000fff69ff8]
[2020-07-26T23:49:35.535-0500][gc,cds       ] Mark open archive regions in map: [0x00000000ffe00000, 0x00000000ffe46ff8]
[2020-07-26T23:49:55.067-0500][gc,start     ] GC(0) Pause Young (Normal) (G1 Evacuation Pause)
[2020-07-26T23:49:55.101-0500][gc,task      ] GC(0) Using 4 workers of 4 for evacuation
[2020-07-26T23:49:55.253-0500][gc,mmu       ] GC(0) MMU target violated: 21.0ms (20.0ms/21.0ms)
[2020-07-26T23:49:55.253-0500][gc,phases    ] GC(0)   Pre Evacuate Collection Set: 0.1ms
[2020-07-26T23:49:55.253-0500][gc,phases    ] GC(0)   Evacuate Collection Set: 149.7ms
[2020-07-26T23:49:55.253-0500][gc,phases    ] GC(0)   Post Evacuate Collection Set: 1.3ms
[2020-07-26T23:49:55.253-0500][gc,phases    ] GC(0)   Other: 35.0ms
[2020-07-26T23:49:55.253-0500][gc,heap      ] GC(0) Eden regions: 51->0(44)
[2020-07-26T23:49:55.253-0500][gc,heap      ] GC(0) Survivor regions: 0->7(7)
[2020-07-26T23:49:55.253-0500][gc,heap      ] GC(0) Old regions: 2->2
[2020-07-26T23:49:55.253-0500][gc,heap      ] GC(0) Humongous regions: 0->0
[2020-07-26T23:49:55.253-0500][gc,metaspace ] GC(0) Metaspace: 17112K->17112K(1064960K)
[2020-07-26T23:49:55.253-0500][gc           ] GC(0) Pause Young (Normal) (G1 Evacuation Pause) 51M->7M(1024M) 186.442ms
[2020-07-26T23:49:55.253-0500][gc,cpu       ] GC(0) User=0.28s Sys=0.01s Real=0.19s
[2020-07-26T23:49:56.481-0500][gc,start     ] GC(1) Pause Young (Concurrent Start) (Metadata GC Threshold)
[2020-07-26T23:49:56.481-0500][gc,task      ] GC(1) Using 4 workers of 4 for evacuation
[2020-07-26T23:49:56.520-0500][gc,mmu       ] GC(1) MMU target violated: 21.0ms (20.0ms/21.0ms)
[2020-07-26T23:49:56.520-0500][gc,phases    ] GC(1)   Pre Evacuate Collection Set: 0.1ms
[2020-07-26T23:49:56.520-0500][gc,phases    ] GC(1)   Evacuate Collection Set: 38.1ms
[2020-07-26T23:49:56.520-0500][gc,phases    ] GC(1)   Post Evacuate Collection Set: 0.9ms
[2020-07-26T23:49:56.520-0500][gc,phases    ] GC(1)   Other: 0.6ms
[2020-07-26T23:49:56.520-0500][gc,heap      ] GC(1) Eden regions: 18->0(49)
[2020-07-26T23:49:56.520-0500][gc,heap      ] GC(1) Survivor regions: 7->2(7)
[2020-07-26T23:49:56.521-0500][gc,heap      ] GC(1) Old regions: 2->9
[2020-07-26T23:49:56.521-0500][gc,heap      ] GC(1) Humongous regions: 129->129
[2020-07-26T23:49:56.521-0500][gc,metaspace ] GC(1) Metaspace: 20616K->20616K(1067008K)
[2020-07-26T23:49:56.521-0500][gc           ] GC(1) Pause Young (Concurrent Start) (Metadata GC Threshold) 154M->137M(1024M) 39.906ms
[2020-07-26T23:49:56.521-0500][gc,cpu       ] GC(1) User=0.07s Sys=0.01s Real=0.04s
[2020-07-26T23:49:56.521-0500][gc           ] GC(2) Concurrent Cycle
[2020-07-26T23:49:56.521-0500][gc,marking   ] GC(2) Concurrent Clear Claimed Marks
[2020-07-26T23:49:56.521-0500][gc,marking   ] GC(2) Concurrent Clear Claimed Marks 0.090ms
[2020-07-26T23:49:56.521-0500][gc,marking   ] GC(2) Concurrent Scan Root Regions
[2020-07-26T23:49:56.529-0500][gc,marking   ] GC(2) Concurrent Scan Root Regions 8.452ms
[2020-07-26T23:49:56.529-0500][gc,marking   ] GC(2) Concurrent Mark (21.034s)
[2020-07-26T23:49:56.529-0500][gc,marking   ] GC(2) Concurrent Mark From Roots
[2020-07-26T23:49:56.529-0500][gc,task      ] GC(2) Using 1 workers of 1 for marking
[2020-07-26T23:49:56.580-0500][gc,marking   ] GC(2) Concurrent Mark From Roots 50.504ms
[2020-07-26T23:49:56.580-0500][gc,marking   ] GC(2) Concurrent Preclean
[2020-07-26T23:49:56.580-0500][gc,marking   ] GC(2) Concurrent Preclean 0.240ms
[2020-07-26T23:49:56.580-0500][gc,marking   ] GC(2) Concurrent Mark (21.034s, 21.085s) 50.874ms
[2020-07-26T23:49:56.581-0500][gc,start     ] GC(2) Pause Remark
[2020-07-26T23:49:56.589-0500][gc,stringtable] GC(2) Cleaned string and symbol table, strings: 5017 processed, 0 removed, symbols: 51246 processed, 49 removed
[2020-07-26T23:49:56.590-0500][gc            ] GC(2) Pause Remark 139M->139M(1024M) 8.988ms
[2020-07-26T23:49:56.590-0500][gc,cpu        ] GC(2) User=0.02s Sys=0.00s Real=0.01s
[2020-07-26T23:49:56.590-0500][gc,marking    ] GC(2) Concurrent Rebuild Remembered Sets
[2020-07-26T23:49:56.604-0500][gc,marking    ] GC(2) Concurrent Rebuild Remembered Sets 13.600ms
[2020-07-26T23:49:56.604-0500][gc,start      ] GC(2) Pause Cleanup
[2020-07-26T23:49:56.605-0500][gc            ] GC(2) Pause Cleanup 139M->139M(1024M) 0.743ms
[2020-07-26T23:49:56.605-0500][gc,cpu        ] GC(2) User=0.00s Sys=0.00s Real=0.00s
[2020-07-26T23:49:56.605-0500][gc,marking    ] GC(2) Concurrent Cleanup for Next Mark
[2020-07-26T23:49:56.626-0500][gc,marking    ] GC(2) Concurrent Cleanup for Next Mark 20.826ms
[2020-07-26T23:49:56.626-0500][gc            ] GC(2) Concurrent Cycle 105.290ms
[2020-07-26T23:49:59.018-0500][gc,start      ] GC(3) Pause Young (Concurrent Start) (GCLocker Initiated GC)
[2020-07-26T23:49:59.018-0500][gc,task       ] GC(3) Using 4 workers of 4 for evacuation
[2020-07-26T23:49:59.037-0500][gc,phases     ] GC(3)   Pre Evacuate Collection Set: 0.1ms
[2020-07-26T23:49:59.037-0500][gc,phases     ] GC(3)   Evacuate Collection Set: 17.9ms
[2020-07-26T23:49:59.037-0500][gc,phases     ] GC(3)   Post Evacuate Collection Set: 1.1ms
[2020-07-26T23:49:59.037-0500][gc,phases     ] GC(3)   Other: 0.5ms
[2020-07-26T23:49:59.037-0500][gc,heap       ] GC(3) Eden regions: 50->0(46)
[2020-07-26T23:49:59.037-0500][gc,heap       ] GC(3) Survivor regions: 2->5(7)
[2020-07-26T23:49:59.037-0500][gc,heap       ] GC(3) Old regions: 9->9
[2020-07-26T23:49:59.037-0500][gc,heap       ] GC(3) Humongous regions: 129->129
[2020-07-26T23:49:59.037-0500][gc,metaspace  ] GC(3) Metaspace: 29195K->29195K(1075200K)
[2020-07-26T23:49:59.037-0500][gc            ] GC(3) Pause Young (Concurrent Start) (GCLocker Initiated GC) 186M->140M(1024M) 19.907ms
[2020-07-26T23:49:59.037-0500][gc,cpu        ] GC(3) User=0.05s Sys=0.00s Real=0.02s
[2020-07-26T23:49:59.038-0500][gc            ] GC(4) Concurrent Cycle
[2020-07-26T23:49:59.038-0500][gc,marking    ] GC(4) Concurrent Clear Claimed Marks
[2020-07-26T23:49:59.038-0500][gc,marking    ] GC(4) Concurrent Clear Claimed Marks 0.133ms
[2020-07-26T23:49:59.038-0500][gc,marking    ] GC(4) Concurrent Scan Root Regions
[2020-07-26T23:49:59.062-0500][gc,marking    ] GC(4) Concurrent Scan Root Regions 24.391ms
[2020-07-26T23:49:59.062-0500][gc,marking    ] GC(4) Concurrent Mark (23.567s)
[2020-07-26T23:49:59.062-0500][gc,marking    ] GC(4) Concurrent Mark From Roots
[2020-07-26T23:49:59.062-0500][gc,task       ] GC(4) Using 1 workers of 1 for marking
[2020-07-26T23:49:59.110-0500][gc,marking    ] GC(4) Concurrent Mark From Roots 47.711ms
[2020-07-26T23:49:59.110-0500][gc,marking    ] GC(4) Concurrent Preclean
[2020-07-26T23:49:59.110-0500][gc,marking    ] GC(4) Concurrent Preclean 0.228ms
[2020-07-26T23:49:59.110-0500][gc,marking    ] GC(4) Concurrent Mark (23.567s, 23.615s) 48.048ms
[2020-07-26T23:49:59.114-0500][gc,start      ] GC(4) Pause Remark
[2020-07-26T23:49:59.121-0500][gc,stringtable] GC(4) Cleaned string and symbol table, strings: 9715 processed, 6 removed, symbols: 72847 processed, 25 removed
[2020-07-26T23:49:59.122-0500][gc            ] GC(4) Pause Remark 142M->142M(1024M) 8.547ms
[2020-07-26T23:49:59.122-0500][gc,cpu        ] GC(4) User=0.02s Sys=0.00s Real=0.01s
[2020-07-26T23:49:59.122-0500][gc,marking    ] GC(4) Concurrent Rebuild Remembered Sets
[2020-07-26T23:49:59.160-0500][gc,marking    ] GC(4) Concurrent Rebuild Remembered Sets 37.843ms
[2020-07-26T23:49:59.161-0500][gc,start      ] GC(4) Pause Cleanup
[2020-07-26T23:49:59.161-0500][gc            ] GC(4) Pause Cleanup 143M->143M(1024M) 0.877ms
[2020-07-26T23:49:59.161-0500][gc,cpu        ] GC(4) User=0.00s Sys=0.00s Real=0.01s
[2020-07-26T23:49:59.162-0500][gc,marking    ] GC(4) Concurrent Cleanup for Next Mark
[2020-07-26T23:49:59.223-0500][gc,marking    ] GC(4) Concurrent Cleanup for Next Mark 61.151ms
[2020-07-26T23:49:59.227-0500][gc            ] GC(4) Concurrent Cycle 189.055ms
[2020-07-26T23:50:01.640-0500][gc,start      ] GC(5) Pause Young (Normal) (G1 Evacuation Pause)
[2020-07-26T23:50:01.640-0500][gc,task       ] GC(5) Using 4 workers of 4 for evacuation
[2020-07-26T23:50:01.669-0500][gc,mmu        ] GC(5) MMU target violated: 21.0ms (20.0ms/21.0ms)
[2020-07-26T23:50:01.669-0500][gc,phases     ] GC(5)   Pre Evacuate Collection Set: 0.1ms
[2020-07-26T23:50:01.669-0500][gc,phases     ] GC(5)   Evacuate Collection Set: 27.4ms
[2020-07-26T23:50:01.669-0500][gc,phases     ] GC(5)   Post Evacuate Collection Set: 1.2ms
[2020-07-26T23:50:01.669-0500][gc,phases     ] GC(5)   Other: 0.4ms
[2020-07-26T23:50:01.669-0500][gc,heap       ] GC(5) Eden regions: 46->0(48)
[2020-07-26T23:50:01.669-0500][gc,heap       ] GC(5) Survivor regions: 5->3(7)
[2020-07-26T23:50:01.669-0500][gc,heap       ] GC(5) Old regions: 9->14
[2020-07-26T23:50:01.669-0500][gc,heap       ] GC(5) Humongous regions: 129->129
[2020-07-26T23:50:01.669-0500][gc,metaspace  ] GC(5) Metaspace: 35603K->35603K(1081344K)
[2020-07-26T23:50:01.670-0500][gc            ] GC(5) Pause Young (Normal) (G1 Evacuation Pause) 186M->143M(1024M) 29.275ms
[2020-07-26T23:50:01.670-0500][gc,cpu        ] GC(5) User=0.07s Sys=0.01s Real=0.03s
[2020-07-26T23:50:07.096-0500][gc,start      ] GC(6) Pause Young (Normal) (G1 Evacuation Pause)
[2020-07-26T23:50:07.096-0500][gc,task       ] GC(6) Using 4 workers of 4 for evacuation
[2020-07-26T23:50:07.124-0500][gc,mmu        ] GC(6) MMU target violated: 21.0ms (20.0ms/21.0ms)
[2020-07-26T23:50:07.124-0500][gc,phases     ] GC(6)   Pre Evacuate Collection Set: 0.1ms
[2020-07-26T23:50:07.124-0500][gc,phases     ] GC(6)   Evacuate Collection Set: 17.7ms
[2020-07-26T23:50:07.124-0500][gc,phases     ] GC(6)   Post Evacuate Collection Set: 9.8ms
[2020-07-26T23:50:07.124-0500][gc,phases     ] GC(6)   Other: 0.5ms
[2020-07-26T23:50:07.124-0500][gc,heap       ] GC(6) Eden regions: 48->0(44)
[2020-07-26T23:50:07.124-0500][gc,heap       ] GC(6) Survivor regions: 3->7(7)
[2020-07-26T23:50:07.124-0500][gc,heap       ] GC(6) Old regions: 14->14
[2020-07-26T23:50:07.124-0500][gc,heap       ] GC(6) Humongous regions: 129->129
[2020-07-26T23:50:07.124-0500][gc,metaspace  ] GC(6) Metaspace: 44155K->44155K(1089536K)
[2020-07-26T23:50:07.124-0500][gc            ] GC(6) Pause Young (Normal) (G1 Evacuation Pause) 191M->147M(1024M) 28.188ms
[2020-07-26T23:50:07.124-0500][gc,cpu        ] GC(6) User=0.08s Sys=0.00s Real=0.03s
[2020-07-26T23:50:10.060-0500][gc,heap,exit  ] Heap
[2020-07-26T23:50:10.060-0500][gc,heap,exit  ]  garbage-first heap   total 1048576K, used 162607K [0x00000000c0000000, 0x0000000100000000)
[2020-07-26T23:50:10.060-0500][gc,heap,exit  ]   region size 1024K, 19 young (19456K), 7 survivors (7168K)
[2020-07-26T23:50:10.060-0500][gc,heap,exit  ]  Metaspace       used 44902K, capacity 46674K, committed 46972K, reserved 1089536K
[2020-07-26T23:50:10.060-0500][gc,heap,exit  ]   class space    used 5815K, capacity 6681K, committed 6780K, reserved 1048576K
