[2020-07-25T11:11:58.891-0500][gc,heap] Heap region size: 1M
[2020-07-25T11:11:58.917-0500][gc     ] Using G1
[2020-07-25T11:11:58.917-0500][gc,heap,coops] Heap address: 0x00000000c0000000, size: 1024 MB, Compressed Oops mode: 32-bit
[2020-07-25T11:11:58.918-0500][gc,cds       ] Mark closed archive regions in map: [0x00000000fff00000, 0x00000000fff69ff8]
[2020-07-25T11:11:58.918-0500][gc,cds       ] Mark open archive regions in map: [0x00000000ffe00000, 0x00000000ffe46ff8]
[2020-07-25T11:12:02.653-0500][gc,start     ] GC(0) Pause Young (Normal) (G1 Evacuation Pause)
[2020-07-25T11:12:02.654-0500][gc,task      ] GC(0) Using 4 workers of 4 for evacuation
[2020-07-25T11:12:02.684-0500][gc,mmu       ] GC(0) MMU target violated: 21.0ms (20.0ms/21.0ms)
[2020-07-25T11:12:02.685-0500][gc,phases    ] GC(0)   Pre Evacuate Collection Set: 0.1ms
[2020-07-25T11:12:02.685-0500][gc,phases    ] GC(0)   Evacuate Collection Set: 29.0ms
[2020-07-25T11:12:02.685-0500][gc,phases    ] GC(0)   Post Evacuate Collection Set: 1.4ms
[2020-07-25T11:12:02.685-0500][gc,phases    ] GC(0)   Other: 1.4ms
[2020-07-25T11:12:02.685-0500][gc,heap      ] GC(0) Eden regions: 51->0(44)
[2020-07-25T11:12:02.685-0500][gc,heap      ] GC(0) Survivor regions: 0->7(7)
[2020-07-25T11:12:02.685-0500][gc,heap      ] GC(0) Old regions: 2->2
[2020-07-25T11:12:02.685-0500][gc,heap      ] GC(0) Humongous regions: 0->0
[2020-07-25T11:12:02.685-0500][gc,metaspace ] GC(0) Metaspace: 17103K->17103K(1064960K)
[2020-07-25T11:12:02.685-0500][gc           ] GC(0) Pause Young (Normal) (G1 Evacuation Pause) 51M->7M(1024M) 32.182ms
[2020-07-25T11:12:02.685-0500][gc,cpu       ] GC(0) User=0.09s Sys=0.01s Real=0.03s
[2020-07-25T11:12:03.550-0500][gc,start     ] GC(1) Pause Young (Concurrent Start) (Metadata GC Threshold)
[2020-07-25T11:12:03.551-0500][gc,task      ] GC(1) Using 4 workers of 4 for evacuation
[2020-07-25T11:12:03.580-0500][gc,mmu       ] GC(1) MMU target violated: 21.0ms (20.0ms/21.0ms)
[2020-07-25T11:12:03.580-0500][gc,phases    ] GC(1)   Pre Evacuate Collection Set: 0.1ms
[2020-07-25T11:12:03.580-0500][gc,phases    ] GC(1)   Evacuate Collection Set: 28.1ms
[2020-07-25T11:12:03.580-0500][gc,phases    ] GC(1)   Post Evacuate Collection Set: 1.1ms
[2020-07-25T11:12:03.580-0500][gc,phases    ] GC(1)   Other: 0.6ms
[2020-07-25T11:12:03.580-0500][gc,heap      ] GC(1) Eden regions: 18->0(49)
[2020-07-25T11:12:03.580-0500][gc,heap      ] GC(1) Survivor regions: 7->2(7)
[2020-07-25T11:12:03.580-0500][gc,heap      ] GC(1) Old regions: 2->9
[2020-07-25T11:12:03.580-0500][gc,heap      ] GC(1) Humongous regions: 129->129
[2020-07-25T11:12:03.580-0500][gc,metaspace ] GC(1) Metaspace: 20591K->20591K(1067008K)
[2020-07-25T11:12:03.581-0500][gc           ] GC(1) Pause Young (Concurrent Start) (Metadata GC Threshold) 154M->137M(1024M) 30.061ms
[2020-07-25T11:12:03.581-0500][gc,cpu       ] GC(1) User=0.07s Sys=0.01s Real=0.02s
[2020-07-25T11:12:03.581-0500][gc           ] GC(2) Concurrent Cycle
[2020-07-25T11:12:03.581-0500][gc,marking   ] GC(2) Concurrent Clear Claimed Marks
[2020-07-25T11:12:03.581-0500][gc,marking   ] GC(2) Concurrent Clear Claimed Marks 0.084ms
[2020-07-25T11:12:03.581-0500][gc,marking   ] GC(2) Concurrent Scan Root Regions
[2020-07-25T11:12:03.586-0500][gc,marking   ] GC(2) Concurrent Scan Root Regions 4.743ms
[2020-07-25T11:12:03.586-0500][gc,marking   ] GC(2) Concurrent Mark (4.703s)
[2020-07-25T11:12:03.586-0500][gc,marking   ] GC(2) Concurrent Mark From Roots
[2020-07-25T11:12:03.586-0500][gc,task      ] GC(2) Using 1 workers of 1 for marking
[2020-07-25T11:12:03.632-0500][gc,marking   ] GC(2) Concurrent Mark From Roots 46.616ms
[2020-07-25T11:12:03.632-0500][gc,marking   ] GC(2) Concurrent Preclean
[2020-07-25T11:12:03.633-0500][gc,marking   ] GC(2) Concurrent Preclean 0.416ms
[2020-07-25T11:12:03.633-0500][gc,marking   ] GC(2) Concurrent Mark (4.703s, 4.750s) 47.153ms
[2020-07-25T11:12:03.633-0500][gc,start     ] GC(2) Pause Remark
[2020-07-25T11:12:03.642-0500][gc,stringtable] GC(2) Cleaned string and symbol table, strings: 4988 processed, 0 removed, symbols: 50851 processed, 50 removed
[2020-07-25T11:12:03.643-0500][gc            ] GC(2) Pause Remark 139M->139M(1024M) 10.176ms
[2020-07-25T11:12:03.643-0500][gc,cpu        ] GC(2) User=0.02s Sys=0.00s Real=0.01s
[2020-07-25T11:12:03.645-0500][gc,marking    ] GC(2) Concurrent Rebuild Remembered Sets
[2020-07-25T11:12:03.658-0500][gc,marking    ] GC(2) Concurrent Rebuild Remembered Sets 12.689ms
[2020-07-25T11:12:03.658-0500][gc,start      ] GC(2) Pause Cleanup
[2020-07-25T11:12:03.659-0500][gc            ] GC(2) Pause Cleanup 139M->139M(1024M) 0.697ms
[2020-07-25T11:12:03.659-0500][gc,cpu        ] GC(2) User=0.00s Sys=0.00s Real=0.00s
[2020-07-25T11:12:03.659-0500][gc,marking    ] GC(2) Concurrent Cleanup for Next Mark
[2020-07-25T11:12:03.679-0500][gc,marking    ] GC(2) Concurrent Cleanup for Next Mark 20.096ms
[2020-07-25T11:12:03.679-0500][gc            ] GC(2) Concurrent Cycle 98.730ms
[2020-07-25T11:12:05.478-0500][gc,start      ] GC(3) Pause Young (Normal) (G1 Evacuation Pause)
[2020-07-25T11:12:05.478-0500][gc,task       ] GC(3) Using 4 workers of 4 for evacuation
[2020-07-25T11:12:05.491-0500][gc,phases     ] GC(3)   Pre Evacuate Collection Set: 0.1ms
[2020-07-25T11:12:05.491-0500][gc,phases     ] GC(3)   Evacuate Collection Set: 11.9ms
[2020-07-25T11:12:05.491-0500][gc,phases     ] GC(3)   Post Evacuate Collection Set: 1.0ms
[2020-07-25T11:12:05.491-0500][gc,phases     ] GC(3)   Other: 0.4ms
[2020-07-25T11:12:05.491-0500][gc,heap       ] GC(3) Eden regions: 49->0(46)
[2020-07-25T11:12:05.491-0500][gc,heap       ] GC(3) Survivor regions: 2->5(7)
[2020-07-25T11:12:05.491-0500][gc,heap       ] GC(3) Old regions: 9->9
[2020-07-25T11:12:05.491-0500][gc,heap       ] GC(3) Humongous regions: 129->129
[2020-07-25T11:12:05.491-0500][gc,metaspace  ] GC(3) Metaspace: 29179K->29179K(1075200K)
[2020-07-25T11:12:05.491-0500][gc            ] GC(3) Pause Young (Normal) (G1 Evacuation Pause) 186M->141M(1024M) 13.595ms
[2020-07-25T11:12:05.491-0500][gc,cpu        ] GC(3) User=0.04s Sys=0.00s Real=0.02s
[2020-07-25T11:12:06.242-0500][gc,start      ] GC(4) Pause Young (Concurrent Start) (Metadata GC Threshold)
[2020-07-25T11:12:06.242-0500][gc,task       ] GC(4) Using 4 workers of 4 for evacuation
[2020-07-25T11:12:06.260-0500][gc,phases     ] GC(4)   Pre Evacuate Collection Set: 0.2ms
[2020-07-25T11:12:06.260-0500][gc,phases     ] GC(4)   Evacuate Collection Set: 16.3ms
[2020-07-25T11:12:06.260-0500][gc,phases     ] GC(4)   Post Evacuate Collection Set: 1.0ms
[2020-07-25T11:12:06.260-0500][gc,phases     ] GC(4)   Other: 0.5ms
[2020-07-25T11:12:06.260-0500][gc,heap       ] GC(4) Eden regions: 25->0(49)
[2020-07-25T11:12:06.260-0500][gc,heap       ] GC(4) Survivor regions: 5->2(7)
[2020-07-25T11:12:06.260-0500][gc,heap       ] GC(4) Old regions: 9->14
[2020-07-25T11:12:06.260-0500][gc,heap       ] GC(4) Humongous regions: 129->129
[2020-07-25T11:12:06.260-0500][gc,metaspace  ] GC(4) Metaspace: 34436K->34436K(1079296K)
[2020-07-25T11:12:06.260-0500][gc            ] GC(4) Pause Young (Concurrent Start) (Metadata GC Threshold) 165M->142M(1024M) 18.176ms
[2020-07-25T11:12:06.260-0500][gc,cpu        ] GC(4) User=0.06s Sys=0.00s Real=0.01s
[2020-07-25T11:12:06.261-0500][gc            ] GC(5) Concurrent Cycle
[2020-07-25T11:12:06.261-0500][gc,marking    ] GC(5) Concurrent Clear Claimed Marks
[2020-07-25T11:12:06.261-0500][gc,marking    ] GC(5) Concurrent Clear Claimed Marks 0.168ms
[2020-07-25T11:12:06.261-0500][gc,marking    ] GC(5) Concurrent Scan Root Regions
[2020-07-25T11:12:06.265-0500][gc,marking    ] GC(5) Concurrent Scan Root Regions 3.965ms
[2020-07-25T11:12:06.265-0500][gc,marking    ] GC(5) Concurrent Mark (7.382s)
[2020-07-25T11:12:06.265-0500][gc,marking    ] GC(5) Concurrent Mark From Roots
[2020-07-25T11:12:06.265-0500][gc,task       ] GC(5) Using 1 workers of 1 for marking
[2020-07-25T11:12:06.435-0500][gc,marking    ] GC(5) Concurrent Mark From Roots 170.152ms
[2020-07-25T11:12:06.435-0500][gc,marking    ] GC(5) Concurrent Preclean
[2020-07-25T11:12:06.435-0500][gc,marking    ] GC(5) Concurrent Preclean 0.270ms
[2020-07-25T11:12:06.435-0500][gc,marking    ] GC(5) Concurrent Mark (7.382s, 7.553s) 170.576ms
[2020-07-25T11:12:06.437-0500][gc,start      ] GC(5) Pause Remark
[2020-07-25T11:12:06.444-0500][gc,stringtable] GC(5) Cleaned string and symbol table, strings: 10913 processed, 6 removed, symbols: 81984 processed, 28 removed
[2020-07-25T11:12:06.445-0500][gc            ] GC(5) Pause Remark 145M->145M(1024M) 8.496ms
[2020-07-25T11:12:06.446-0500][gc,cpu        ] GC(5) User=0.03s Sys=0.00s Real=0.01s
[2020-07-25T11:12:06.446-0500][gc,marking    ] GC(5) Concurrent Rebuild Remembered Sets
[2020-07-25T11:12:06.478-0500][gc,marking    ] GC(5) Concurrent Rebuild Remembered Sets 32.206ms
[2020-07-25T11:12:06.478-0500][gc,start      ] GC(5) Pause Cleanup
[2020-07-25T11:12:06.479-0500][gc            ] GC(5) Pause Cleanup 145M->145M(1024M) 1.106ms
[2020-07-25T11:12:06.479-0500][gc,cpu        ] GC(5) User=0.00s Sys=0.00s Real=0.00s
[2020-07-25T11:12:06.480-0500][gc,marking    ] GC(5) Concurrent Cleanup for Next Mark
[2020-07-25T11:12:06.502-0500][gc,marking    ] GC(5) Concurrent Cleanup for Next Mark 22.597ms
[2020-07-25T11:12:06.502-0500][gc            ] GC(5) Concurrent Cycle 241.784ms
[2020-07-25T11:16:21.415-0500][gc,start      ] GC(6) Pause Young (Normal) (G1 Evacuation Pause)
[2020-07-25T11:16:21.415-0500][gc,task       ] GC(6) Using 4 workers of 4 for evacuation
[2020-07-25T11:16:21.439-0500][gc,mmu        ] GC(6) MMU target violated: 21.0ms (20.0ms/21.0ms)
[2020-07-25T11:16:21.439-0500][gc,phases     ] GC(6)   Pre Evacuate Collection Set: 0.1ms
[2020-07-25T11:16:21.439-0500][gc,phases     ] GC(6)   Evacuate Collection Set: 21.3ms
[2020-07-25T11:16:21.439-0500][gc,phases     ] GC(6)   Post Evacuate Collection Set: 2.6ms
[2020-07-25T11:16:21.439-0500][gc,phases     ] GC(6)   Other: 0.6ms
[2020-07-25T11:16:21.439-0500][gc,heap       ] GC(6) Eden regions: 49->0(45)
[2020-07-25T11:16:21.439-0500][gc,heap       ] GC(6) Survivor regions: 2->6(7)
[2020-07-25T11:16:21.439-0500][gc,heap       ] GC(6) Old regions: 14->14
[2020-07-25T11:16:21.439-0500][gc,heap       ] GC(6) Humongous regions: 129->129
[2020-07-25T11:16:21.439-0500][gc,metaspace  ] GC(6) Metaspace: 44030K->44030K(1089536K)
[2020-07-25T11:16:21.439-0500][gc            ] GC(6) Pause Young (Normal) (G1 Evacuation Pause) 191M->146M(1024M) 24.771ms
[2020-07-25T11:16:21.439-0500][gc,cpu        ] GC(6) User=0.07s Sys=0.00s Real=0.02s
[2020-07-25T11:29:21.364-0500][gc,start      ] GC(7) Pause Young (Normal) (G1 Evacuation Pause)
[2020-07-25T11:29:21.365-0500][gc,task       ] GC(7) Using 4 workers of 4 for evacuation
[2020-07-25T11:29:21.384-0500][gc,phases     ] GC(7)   Pre Evacuate Collection Set: 0.1ms
[2020-07-25T11:29:21.384-0500][gc,phases     ] GC(7)   Evacuate Collection Set: 18.1ms
[2020-07-25T11:29:21.384-0500][gc,phases     ] GC(7)   Post Evacuate Collection Set: 1.2ms
[2020-07-25T11:29:21.384-0500][gc,phases     ] GC(7)   Other: 0.8ms
[2020-07-25T11:29:21.384-0500][gc,heap       ] GC(7) Eden regions: 45->0(49)
[2020-07-25T11:29:21.384-0500][gc,heap       ] GC(7) Survivor regions: 6->2(7)
[2020-07-25T11:29:21.385-0500][gc,heap       ] GC(7) Old regions: 14->19
[2020-07-25T11:29:21.385-0500][gc,heap       ] GC(7) Humongous regions: 129->129
[2020-07-25T11:29:21.385-0500][gc,metaspace  ] GC(7) Metaspace: 46202K->46202K(1091584K)
[2020-07-25T11:29:21.385-0500][gc            ] GC(7) Pause Young (Normal) (G1 Evacuation Pause) 191M->147M(1024M) 20.377ms
[2020-07-25T11:29:21.385-0500][gc,cpu        ] GC(7) User=0.05s Sys=0.01s Real=0.02s
[2020-07-25T11:42:41.844-0500][gc,start      ] GC(8) Pause Young (Normal) (G1 Evacuation Pause)
[2020-07-25T11:42:41.844-0500][gc,task       ] GC(8) Using 4 workers of 4 for evacuation
[2020-07-25T11:42:41.856-0500][gc,phases     ] GC(8)   Pre Evacuate Collection Set: 0.1ms
[2020-07-25T11:42:41.856-0500][gc,phases     ] GC(8)   Evacuate Collection Set: 10.1ms
[2020-07-25T11:42:41.856-0500][gc,phases     ] GC(8)   Post Evacuate Collection Set: 1.0ms
[2020-07-25T11:42:41.856-0500][gc,phases     ] GC(8)   Other: 0.5ms
[2020-07-25T11:42:41.856-0500][gc,heap       ] GC(8) Eden regions: 49->0(48)
[2020-07-25T11:42:41.856-0500][gc,heap       ] GC(8) Survivor regions: 2->3(7)
[2020-07-25T11:42:41.856-0500][gc,heap       ] GC(8) Old regions: 19->19
[2020-07-25T11:42:41.856-0500][gc,heap       ] GC(8) Humongous regions: 129->129
[2020-07-25T11:42:41.856-0500][gc,metaspace  ] GC(8) Metaspace: 46927K->46927K(1091584K)
[2020-07-25T11:42:41.856-0500][gc            ] GC(8) Pause Young (Normal) (G1 Evacuation Pause) 196M->148M(1024M) 11.863ms
[2020-07-25T11:42:41.856-0500][gc,cpu        ] GC(8) User=0.04s Sys=0.00s Real=0.01s
[2020-07-25T11:51:24.646-0500][gc,start      ] GC(9) Pause Young (Normal) (G1 Evacuation Pause)
[2020-07-25T11:51:24.647-0500][gc,task       ] GC(9) Using 4 workers of 4 for evacuation
[2020-07-25T11:51:24.662-0500][gc,phases     ] GC(9)   Pre Evacuate Collection Set: 0.1ms
[2020-07-25T11:51:24.663-0500][gc,phases     ] GC(9)   Evacuate Collection Set: 14.0ms
[2020-07-25T11:51:24.663-0500][gc,phases     ] GC(9)   Post Evacuate Collection Set: 1.4ms
[2020-07-25T11:51:24.663-0500][gc,phases     ] GC(9)   Other: 0.5ms
[2020-07-25T11:51:24.663-0500][gc,heap       ] GC(9) Eden regions: 48->0(47)
[2020-07-25T11:51:24.663-0500][gc,heap       ] GC(9) Survivor regions: 3->4(7)
[2020-07-25T11:51:24.663-0500][gc,heap       ] GC(9) Old regions: 19->19
[2020-07-25T11:51:24.663-0500][gc,heap       ] GC(9) Humongous regions: 129->129
[2020-07-25T11:51:24.663-0500][gc,metaspace  ] GC(9) Metaspace: 46990K->46990K(1091584K)
[2020-07-25T11:51:24.663-0500][gc            ] GC(9) Pause Young (Normal) (G1 Evacuation Pause) 196M->149M(1024M) 16.279ms
[2020-07-25T11:51:24.663-0500][gc,cpu        ] GC(9) User=0.04s Sys=0.00s Real=0.02s
[2020-07-25T12:00:16.364-0500][gc,start      ] GC(10) Pause Young (Normal) (G1 Evacuation Pause)
[2020-07-25T12:00:16.364-0500][gc,task       ] GC(10) Using 4 workers of 4 for evacuation
[2020-07-25T12:00:16.377-0500][gc,phases     ] GC(10)   Pre Evacuate Collection Set: 0.1ms
[2020-07-25T12:00:16.377-0500][gc,phases     ] GC(10)   Evacuate Collection Set: 11.1ms
[2020-07-25T12:00:16.377-0500][gc,phases     ] GC(10)   Post Evacuate Collection Set: 1.5ms
[2020-07-25T12:00:16.377-0500][gc,phases     ] GC(10)   Other: 0.5ms
[2020-07-25T12:00:16.377-0500][gc,heap       ] GC(10) Eden regions: 47->0(47)
[2020-07-25T12:00:16.377-0500][gc,heap       ] GC(10) Survivor regions: 4->4(7)
[2020-07-25T12:00:16.377-0500][gc,heap       ] GC(10) Old regions: 19->19
[2020-07-25T12:00:16.377-0500][gc,heap       ] GC(10) Humongous regions: 129->129
[2020-07-25T12:00:16.377-0500][gc,metaspace  ] GC(10) Metaspace: 47021K->47021K(1091584K)
[2020-07-25T12:00:16.377-0500][gc            ] GC(10) Pause Young (Normal) (G1 Evacuation Pause) 196M->149M(1024M) 13.425ms
[2020-07-25T12:00:16.377-0500][gc,cpu        ] GC(10) User=0.05s Sys=0.00s Real=0.01s
[2020-07-25T12:09:18.771-0500][gc,start      ] GC(11) Pause Young (Normal) (G1 Evacuation Pause)
[2020-07-25T12:09:18.771-0500][gc,task       ] GC(11) Using 4 workers of 4 for evacuation
[2020-07-25T12:09:18.785-0500][gc,phases     ] GC(11)   Pre Evacuate Collection Set: 0.1ms
[2020-07-25T12:09:18.785-0500][gc,phases     ] GC(11)   Evacuate Collection Set: 12.0ms
[2020-07-25T12:09:18.785-0500][gc,phases     ] GC(11)   Post Evacuate Collection Set: 1.4ms
[2020-07-25T12:09:18.785-0500][gc,phases     ] GC(11)   Other: 0.6ms
[2020-07-25T12:09:18.785-0500][gc,heap       ] GC(11) Eden regions: 47->0(47)
[2020-07-25T12:09:18.785-0500][gc,heap       ] GC(11) Survivor regions: 4->4(7)
[2020-07-25T12:09:18.785-0500][gc,heap       ] GC(11) Old regions: 19->19
[2020-07-25T12:09:18.785-0500][gc,heap       ] GC(11) Humongous regions: 129->129
[2020-07-25T12:09:18.785-0500][gc,metaspace  ] GC(11) Metaspace: 47052K->47052K(1091584K)
[2020-07-25T12:09:18.785-0500][gc            ] GC(11) Pause Young (Normal) (G1 Evacuation Pause) 196M->149M(1024M) 14.354ms
[2020-07-25T12:09:18.785-0500][gc,cpu        ] GC(11) User=0.05s Sys=0.00s Real=0.01s
[2020-07-25T12:17:46.364-0500][gc,start      ] GC(12) Pause Young (Normal) (G1 Evacuation Pause)
[2020-07-25T12:17:46.364-0500][gc,task       ] GC(12) Using 4 workers of 4 for evacuation
[2020-07-25T12:17:46.379-0500][gc,phases     ] GC(12)   Pre Evacuate Collection Set: 0.1ms
[2020-07-25T12:17:46.379-0500][gc,phases     ] GC(12)   Evacuate Collection Set: 13.0ms
[2020-07-25T12:17:46.379-0500][gc,phases     ] GC(12)   Post Evacuate Collection Set: 0.9ms
[2020-07-25T12:17:46.379-0500][gc,phases     ] GC(12)   Other: 0.6ms
[2020-07-25T12:17:46.379-0500][gc,heap       ] GC(12) Eden regions: 47->0(47)
[2020-07-25T12:17:46.379-0500][gc,heap       ] GC(12) Survivor regions: 4->4(7)
[2020-07-25T12:17:46.379-0500][gc,heap       ] GC(12) Old regions: 19->20
[2020-07-25T12:17:46.379-0500][gc,heap       ] GC(12) Humongous regions: 129->129
[2020-07-25T12:17:46.379-0500][gc,metaspace  ] GC(12) Metaspace: 47106K->47106K(1091584K)
[2020-07-25T12:17:46.379-0500][gc            ] GC(12) Pause Young (Normal) (G1 Evacuation Pause) 196M->150M(1024M) 14.698ms
[2020-07-25T12:17:46.379-0500][gc,cpu        ] GC(12) User=0.05s Sys=0.01s Real=0.01s
[2020-07-25T12:29:53.216-0500][gc,start      ] GC(13) Pause Young (Normal) (G1 Evacuation Pause)
[2020-07-25T12:29:53.216-0500][gc,task       ] GC(13) Using 4 workers of 4 for evacuation
[2020-07-25T12:29:53.227-0500][gc,phases     ] GC(13)   Pre Evacuate Collection Set: 0.1ms
[2020-07-25T12:29:53.227-0500][gc,phases     ] GC(13)   Evacuate Collection Set: 9.7ms
[2020-07-25T12:29:53.227-0500][gc,phases     ] GC(13)   Post Evacuate Collection Set: 0.9ms
[2020-07-25T12:29:53.227-0500][gc,phases     ] GC(13)   Other: 0.6ms
[2020-07-25T12:29:53.227-0500][gc,heap       ] GC(13) Eden regions: 47->0(48)
[2020-07-25T12:29:53.227-0500][gc,heap       ] GC(13) Survivor regions: 4->3(7)
[2020-07-25T12:29:53.227-0500][gc,heap       ] GC(13) Old regions: 20->20
[2020-07-25T12:29:53.227-0500][gc,heap       ] GC(13) Humongous regions: 129->129
[2020-07-25T12:29:53.227-0500][gc,metaspace  ] GC(13) Metaspace: 47114K->47114K(1091584K)
[2020-07-25T12:29:53.227-0500][gc            ] GC(13) Pause Young (Normal) (G1 Evacuation Pause) 197M->149M(1024M) 11.402ms
[2020-07-25T12:29:53.227-0500][gc,cpu        ] GC(13) User=0.04s Sys=0.00s Real=0.01s
[2020-07-25T12:43:36.003-0500][gc,start      ] GC(14) Pause Young (Normal) (G1 Evacuation Pause)
[2020-07-25T12:43:36.004-0500][gc,task       ] GC(14) Using 4 workers of 4 for evacuation
[2020-07-25T12:43:36.017-0500][gc,phases     ] GC(14)   Pre Evacuate Collection Set: 0.1ms
[2020-07-25T12:43:36.017-0500][gc,phases     ] GC(14)   Evacuate Collection Set: 12.4ms
[2020-07-25T12:43:36.017-0500][gc,phases     ] GC(14)   Post Evacuate Collection Set: 0.9ms
[2020-07-25T12:43:36.017-0500][gc,phases     ] GC(14)   Other: 0.6ms
[2020-07-25T12:43:36.018-0500][gc,heap       ] GC(14) Eden regions: 48->0(47)
[2020-07-25T12:43:36.018-0500][gc,heap       ] GC(14) Survivor regions: 3->4(7)
[2020-07-25T12:43:36.018-0500][gc,heap       ] GC(14) Old regions: 20->20
[2020-07-25T12:43:36.018-0500][gc,heap       ] GC(14) Humongous regions: 129->129
[2020-07-25T12:43:36.018-0500][gc,metaspace  ] GC(14) Metaspace: 47508K->47508K(1091584K)
[2020-07-25T12:43:36.018-0500][gc            ] GC(14) Pause Young (Normal) (G1 Evacuation Pause) 197M->150M(1024M) 14.236ms
[2020-07-25T12:43:36.018-0500][gc,cpu        ] GC(14) User=0.05s Sys=0.00s Real=0.01s
[2020-07-25T12:49:54.145-0500][gc,start      ] GC(15) Pause Young (Normal) (G1 Evacuation Pause)
[2020-07-25T12:49:54.145-0500][gc,task       ] GC(15) Using 4 workers of 4 for evacuation
[2020-07-25T12:49:54.167-0500][gc,mmu        ] GC(15) MMU target violated: 21.0ms (20.0ms/21.0ms)
[2020-07-25T12:49:54.167-0500][gc,phases     ] GC(15)   Pre Evacuate Collection Set: 0.1ms
[2020-07-25T12:49:54.167-0500][gc,phases     ] GC(15)   Evacuate Collection Set: 19.7ms
[2020-07-25T12:49:54.167-0500][gc,phases     ] GC(15)   Post Evacuate Collection Set: 1.2ms
[2020-07-25T12:49:54.167-0500][gc,phases     ] GC(15)   Other: 0.5ms
[2020-07-25T12:49:54.167-0500][gc,heap       ] GC(15) Eden regions: 47->0(47)
[2020-07-25T12:49:54.167-0500][gc,heap       ] GC(15) Survivor regions: 4->4(7)
[2020-07-25T12:49:54.167-0500][gc,heap       ] GC(15) Old regions: 20->20
[2020-07-25T12:49:54.167-0500][gc,heap       ] GC(15) Humongous regions: 129->129
[2020-07-25T12:49:54.167-0500][gc,metaspace  ] GC(15) Metaspace: 47605K->47605K(1091584K)
[2020-07-25T12:49:54.167-0500][gc            ] GC(15) Pause Young (Normal) (G1 Evacuation Pause) 197M->150M(1024M) 21.769ms
[2020-07-25T12:49:54.167-0500][gc,cpu        ] GC(15) User=0.04s Sys=0.00s Real=0.02s
[2020-07-25T12:56:27.232-0500][gc,start      ] GC(16) Pause Young (Normal) (G1 Evacuation Pause)
[2020-07-25T12:56:27.232-0500][gc,task       ] GC(16) Using 4 workers of 4 for evacuation
[2020-07-25T12:56:27.246-0500][gc,phases     ] GC(16)   Pre Evacuate Collection Set: 0.1ms
[2020-07-25T12:56:27.246-0500][gc,phases     ] GC(16)   Evacuate Collection Set: 11.9ms
[2020-07-25T12:56:27.246-0500][gc,phases     ] GC(16)   Post Evacuate Collection Set: 1.4ms
[2020-07-25T12:56:27.246-0500][gc,phases     ] GC(16)   Other: 0.5ms
[2020-07-25T12:56:27.246-0500][gc,heap       ] GC(16) Eden regions: 47->0(47)
[2020-07-25T12:56:27.246-0500][gc,heap       ] GC(16) Survivor regions: 4->4(7)
[2020-07-25T12:56:27.246-0500][gc,heap       ] GC(16) Old regions: 20->20
[2020-07-25T12:56:27.246-0500][gc,heap       ] GC(16) Humongous regions: 129->129
[2020-07-25T12:56:27.246-0500][gc,metaspace  ] GC(16) Metaspace: 47658K->47658K(1091584K)
[2020-07-25T12:56:27.246-0500][gc            ] GC(16) Pause Young (Normal) (G1 Evacuation Pause) 197M->150M(1024M) 14.161ms
[2020-07-25T12:56:27.246-0500][gc,cpu        ] GC(16) User=0.04s Sys=0.00s Real=0.01s
[2020-07-25T13:02:51.111-0500][gc,start      ] GC(17) Pause Young (Normal) (G1 Evacuation Pause)
[2020-07-25T13:02:51.111-0500][gc,task       ] GC(17) Using 4 workers of 4 for evacuation
[2020-07-25T13:02:51.122-0500][gc,phases     ] GC(17)   Pre Evacuate Collection Set: 0.1ms
[2020-07-25T13:02:51.122-0500][gc,phases     ] GC(17)   Evacuate Collection Set: 10.0ms
[2020-07-25T13:02:51.123-0500][gc,phases     ] GC(17)   Post Evacuate Collection Set: 1.2ms
[2020-07-25T13:02:51.123-0500][gc,phases     ] GC(17)   Other: 0.5ms
[2020-07-25T13:02:51.123-0500][gc,heap       ] GC(17) Eden regions: 47->0(51)
[2020-07-25T13:02:51.123-0500][gc,heap       ] GC(17) Survivor regions: 4->3(7)
[2020-07-25T13:02:51.123-0500][gc,heap       ] GC(17) Old regions: 20->20
[2020-07-25T13:02:51.123-0500][gc,heap       ] GC(17) Humongous regions: 129->129
[2020-07-25T13:02:51.123-0500][gc,metaspace  ] GC(17) Metaspace: 47672K->47672K(1091584K)
[2020-07-25T13:02:51.123-0500][gc            ] GC(17) Pause Young (Normal) (G1 Evacuation Pause) 197M->149M(1024M) 12.066ms
[2020-07-25T13:02:51.123-0500][gc,cpu        ] GC(17) User=0.04s Sys=0.00s Real=0.01s
[2020-07-25T13:09:52.987-0500][gc,start      ] GC(18) Pause Young (Normal) (G1 Evacuation Pause)
[2020-07-25T13:09:52.987-0500][gc,task       ] GC(18) Using 4 workers of 4 for evacuation
[2020-07-25T13:09:53.000-0500][gc,phases     ] GC(18)   Pre Evacuate Collection Set: 0.1ms
[2020-07-25T13:09:53.000-0500][gc,phases     ] GC(18)   Evacuate Collection Set: 10.4ms
[2020-07-25T13:09:53.000-0500][gc,phases     ] GC(18)   Post Evacuate Collection Set: 1.7ms
[2020-07-25T13:09:53.000-0500][gc,phases     ] GC(18)   Other: 0.5ms
[2020-07-25T13:09:53.000-0500][gc,heap       ] GC(18) Eden regions: 51->0(54)
[2020-07-25T13:09:53.000-0500][gc,heap       ] GC(18) Survivor regions: 3->4(7)
[2020-07-25T13:09:53.000-0500][gc,heap       ] GC(18) Old regions: 20->20
[2020-07-25T13:09:53.000-0500][gc,heap       ] GC(18) Humongous regions: 129->129
[2020-07-25T13:09:53.000-0500][gc,metaspace  ] GC(18) Metaspace: 47681K->47681K(1091584K)
[2020-07-25T13:09:53.000-0500][gc            ] GC(18) Pause Young (Normal) (G1 Evacuation Pause) 200M->150M(1024M) 12.839ms
[2020-07-25T13:09:53.000-0500][gc,cpu        ] GC(18) User=0.04s Sys=0.00s Real=0.01s
[2020-07-25T13:17:00.213-0500][gc,start      ] GC(19) Pause Young (Normal) (G1 Evacuation Pause)
[2020-07-25T13:17:00.213-0500][gc,task       ] GC(19) Using 4 workers of 4 for evacuation
[2020-07-25T13:17:00.226-0500][gc,phases     ] GC(19)   Pre Evacuate Collection Set: 0.1ms
[2020-07-25T13:17:00.226-0500][gc,phases     ] GC(19)   Evacuate Collection Set: 11.9ms
[2020-07-25T13:17:00.227-0500][gc,phases     ] GC(19)   Post Evacuate Collection Set: 0.9ms
[2020-07-25T13:17:00.227-0500][gc,phases     ] GC(19)   Other: 0.6ms
[2020-07-25T13:17:00.227-0500][gc,heap       ] GC(19) Eden regions: 54->0(64)
[2020-07-25T13:17:00.227-0500][gc,heap       ] GC(19) Survivor regions: 4->3(8)
[2020-07-25T13:17:00.227-0500][gc,heap       ] GC(19) Old regions: 20->20
[2020-07-25T13:17:00.227-0500][gc,heap       ] GC(19) Humongous regions: 129->129
[2020-07-25T13:17:00.227-0500][gc,metaspace  ] GC(19) Metaspace: 47685K->47685K(1091584K)
[2020-07-25T13:17:00.227-0500][gc            ] GC(19) Pause Young (Normal) (G1 Evacuation Pause) 204M->150M(1024M) 13.752ms
[2020-07-25T13:17:00.227-0500][gc,cpu        ] GC(19) User=0.03s Sys=0.01s Real=0.01s
[2020-07-25T13:25:55.693-0500][gc,start      ] GC(20) Pause Young (Normal) (G1 Evacuation Pause)
[2020-07-25T13:25:55.694-0500][gc,task       ] GC(20) Using 4 workers of 4 for evacuation
[2020-07-25T13:25:55.707-0500][gc,phases     ] GC(20)   Pre Evacuate Collection Set: 0.1ms
[2020-07-25T13:25:55.707-0500][gc,phases     ] GC(20)   Evacuate Collection Set: 11.8ms
[2020-07-25T13:25:55.707-0500][gc,phases     ] GC(20)   Post Evacuate Collection Set: 1.3ms
[2020-07-25T13:25:55.707-0500][gc,phases     ] GC(20)   Other: 0.6ms
[2020-07-25T13:25:55.707-0500][gc,heap       ] GC(20) Eden regions: 64->0(65)
[2020-07-25T13:25:55.707-0500][gc,heap       ] GC(20) Survivor regions: 3->4(9)
[2020-07-25T13:25:55.707-0500][gc,heap       ] GC(20) Old regions: 20->20
[2020-07-25T13:25:55.707-0500][gc,heap       ] GC(20) Humongous regions: 129->129
[2020-07-25T13:25:55.707-0500][gc,metaspace  ] GC(20) Metaspace: 47716K->47716K(1091584K)
[2020-07-25T13:25:55.707-0500][gc            ] GC(20) Pause Young (Normal) (G1 Evacuation Pause) 214M->150M(1024M) 13.968ms
[2020-07-25T13:25:55.707-0500][gc,cpu        ] GC(20) User=0.05s Sys=0.00s Real=0.01s
[2020-07-25T13:34:58.455-0500][gc,start      ] GC(21) Pause Young (Normal) (G1 Evacuation Pause)
[2020-07-25T13:34:58.455-0500][gc,task       ] GC(21) Using 4 workers of 4 for evacuation
[2020-07-25T13:34:58.467-0500][gc,phases     ] GC(21)   Pre Evacuate Collection Set: 0.1ms
[2020-07-25T13:34:58.467-0500][gc,phases     ] GC(21)   Evacuate Collection Set: 11.2ms
[2020-07-25T13:34:58.468-0500][gc,phases     ] GC(21)   Post Evacuate Collection Set: 1.2ms
[2020-07-25T13:34:58.468-0500][gc,phases     ] GC(21)   Other: 0.5ms
[2020-07-25T13:34:58.468-0500][gc,heap       ] GC(21) Eden regions: 65->0(106)
[2020-07-25T13:34:58.468-0500][gc,heap       ] GC(21) Survivor regions: 4->4(9)
[2020-07-25T13:34:58.468-0500][gc,heap       ] GC(21) Old regions: 20->20
[2020-07-25T13:34:58.468-0500][gc,heap       ] GC(21) Humongous regions: 129->129
[2020-07-25T13:34:58.468-0500][gc,metaspace  ] GC(21) Metaspace: 47718K->47718K(1091584K)
[2020-07-25T13:34:58.468-0500][gc            ] GC(21) Pause Young (Normal) (G1 Evacuation Pause) 215M->150M(1024M) 13.180ms
[2020-07-25T13:34:58.468-0500][gc,cpu        ] GC(21) User=0.04s Sys=0.00s Real=0.01s
[2020-07-25T13:49:46.959-0500][gc,start      ] GC(22) Pause Young (Normal) (G1 Evacuation Pause)
[2020-07-25T13:49:46.959-0500][gc,task       ] GC(22) Using 4 workers of 4 for evacuation
[2020-07-25T13:49:46.970-0500][gc,phases     ] GC(22)   Pre Evacuate Collection Set: 0.1ms
[2020-07-25T13:49:46.970-0500][gc,phases     ] GC(22)   Evacuate Collection Set: 9.4ms
[2020-07-25T13:49:46.970-0500][gc,phases     ] GC(22)   Post Evacuate Collection Set: 1.1ms
[2020-07-25T13:49:46.970-0500][gc,phases     ] GC(22)   Other: 0.5ms
[2020-07-25T13:49:46.970-0500][gc,heap       ] GC(22) Eden regions: 106->0(118)
[2020-07-25T13:49:46.970-0500][gc,heap       ] GC(22) Survivor regions: 4->3(14)
[2020-07-25T13:49:46.970-0500][gc,heap       ] GC(22) Old regions: 20->20
[2020-07-25T13:49:46.970-0500][gc,heap       ] GC(22) Humongous regions: 129->129
[2020-07-25T13:49:46.970-0500][gc,metaspace  ] GC(22) Metaspace: 47729K->47729K(1091584K)
[2020-07-25T13:49:46.970-0500][gc            ] GC(22) Pause Young (Normal) (G1 Evacuation Pause) 256M->149M(1024M) 11.415ms
[2020-07-25T13:49:46.970-0500][gc,cpu        ] GC(22) User=0.03s Sys=0.01s Real=0.02s
[2020-07-25T14:06:17.775-0500][gc,start      ] GC(23) Pause Young (Normal) (G1 Evacuation Pause)
[2020-07-25T14:06:17.775-0500][gc,task       ] GC(23) Using 4 workers of 4 for evacuation
[2020-07-25T14:06:17.786-0500][gc,phases     ] GC(23)   Pre Evacuate Collection Set: 0.1ms
[2020-07-25T14:06:17.787-0500][gc,phases     ] GC(23)   Evacuate Collection Set: 9.7ms
[2020-07-25T14:06:17.787-0500][gc,phases     ] GC(23)   Post Evacuate Collection Set: 1.6ms
[2020-07-25T14:06:17.787-0500][gc,phases     ] GC(23)   Other: 0.6ms
[2020-07-25T14:06:17.787-0500][gc,heap       ] GC(23) Eden regions: 118->0(121)
[2020-07-25T14:06:17.787-0500][gc,heap       ] GC(23) Survivor regions: 3->3(16)
[2020-07-25T14:06:17.787-0500][gc,heap       ] GC(23) Old regions: 20->20
[2020-07-25T14:06:17.787-0500][gc,heap       ] GC(23) Humongous regions: 129->129
[2020-07-25T14:06:17.787-0500][gc,metaspace  ] GC(23) Metaspace: 47765K->47765K(1091584K)
[2020-07-25T14:06:17.787-0500][gc            ] GC(23) Pause Young (Normal) (G1 Evacuation Pause) 267M->149M(1024M) 12.247ms
[2020-07-25T14:06:17.787-0500][gc,cpu        ] GC(23) User=0.04s Sys=0.01s Real=0.01s
[2020-07-25T14:22:41.364-0500][gc,start      ] GC(24) Pause Young (Normal) (G1 Evacuation Pause)
[2020-07-25T14:22:41.364-0500][gc,task       ] GC(24) Using 4 workers of 4 for evacuation
[2020-07-25T14:22:41.379-0500][gc,phases     ] GC(24)   Pre Evacuate Collection Set: 0.1ms
[2020-07-25T14:22:41.379-0500][gc,phases     ] GC(24)   Evacuate Collection Set: 13.4ms
[2020-07-25T14:22:41.379-0500][gc,phases     ] GC(24)   Post Evacuate Collection Set: 0.9ms
[2020-07-25T14:22:41.379-0500][gc,phases     ] GC(24)   Other: 0.6ms
[2020-07-25T14:22:41.379-0500][gc,heap       ] GC(24) Eden regions: 121->0(130)
[2020-07-25T14:22:41.379-0500][gc,heap       ] GC(24) Survivor regions: 3->4(16)
[2020-07-25T14:22:41.379-0500][gc,heap       ] GC(24) Old regions: 20->20
[2020-07-25T14:22:41.379-0500][gc,heap       ] GC(24) Humongous regions: 129->129
[2020-07-25T14:22:41.379-0500][gc,metaspace  ] GC(24) Metaspace: 47773K->47773K(1091584K)
[2020-07-25T14:22:41.380-0500][gc            ] GC(24) Pause Young (Normal) (G1 Evacuation Pause) 270M->150M(1024M) 15.209ms
[2020-07-25T14:22:41.380-0500][gc,cpu        ] GC(24) User=0.05s Sys=0.00s Real=0.01s
[2020-07-25T14:40:55.666-0500][gc,start      ] GC(25) Pause Young (Normal) (G1 Evacuation Pause)
[2020-07-25T14:40:55.666-0500][gc,task       ] GC(25) Using 4 workers of 4 for evacuation
[2020-07-25T14:40:55.680-0500][gc,phases     ] GC(25)   Pre Evacuate Collection Set: 0.1ms
[2020-07-25T14:40:55.680-0500][gc,phases     ] GC(25)   Evacuate Collection Set: 11.9ms
[2020-07-25T14:40:55.680-0500][gc,phases     ] GC(25)   Post Evacuate Collection Set: 1.1ms
[2020-07-25T14:40:55.680-0500][gc,phases     ] GC(25)   Other: 0.6ms
[2020-07-25T14:40:55.680-0500][gc,heap       ] GC(25) Eden regions: 130->0(137)
[2020-07-25T14:40:55.680-0500][gc,heap       ] GC(25) Survivor regions: 4->4(17)
[2020-07-25T14:40:55.680-0500][gc,heap       ] GC(25) Old regions: 20->20
[2020-07-25T14:40:55.680-0500][gc,heap       ] GC(25) Humongous regions: 129->129
[2020-07-25T14:40:55.680-0500][gc,metaspace  ] GC(25) Metaspace: 47781K->47781K(1091584K)
[2020-07-25T14:40:55.680-0500][gc            ] GC(25) Pause Young (Normal) (G1 Evacuation Pause) 280M->150M(1024M) 13.911ms
[2020-07-25T14:40:55.680-0500][gc,cpu        ] GC(25) User=0.04s Sys=0.00s Real=0.01s
[2020-07-25T15:00:06.364-0500][gc,start      ] GC(26) Pause Young (Normal) (G1 Evacuation Pause)
[2020-07-25T15:00:06.364-0500][gc,task       ] GC(26) Using 4 workers of 4 for evacuation
[2020-07-25T15:00:06.377-0500][gc,phases     ] GC(26)   Pre Evacuate Collection Set: 0.1ms
[2020-07-25T15:00:06.377-0500][gc,phases     ] GC(26)   Evacuate Collection Set: 11.3ms
[2020-07-25T15:00:06.377-0500][gc,phases     ] GC(26)   Post Evacuate Collection Set: 1.0ms
[2020-07-25T15:00:06.377-0500][gc,phases     ] GC(26)   Other: 0.5ms
[2020-07-25T15:00:06.377-0500][gc,heap       ] GC(26) Eden regions: 137->0(610)
[2020-07-25T15:00:06.377-0500][gc,heap       ] GC(26) Survivor regions: 4->4(18)
[2020-07-25T15:00:06.377-0500][gc,heap       ] GC(26) Old regions: 20->20
[2020-07-25T15:00:06.377-0500][gc,heap       ] GC(26) Humongous regions: 129->129
[2020-07-25T15:00:06.377-0500][gc,metaspace  ] GC(26) Metaspace: 47783K->47783K(1091584K)
[2020-07-25T15:00:06.377-0500][gc            ] GC(26) Pause Young (Normal) (G1 Evacuation Pause) 287M->150M(1024M) 13.167ms
[2020-07-25T15:00:06.378-0500][gc,cpu        ] GC(26) User=0.04s Sys=0.01s Real=0.01s
[2020-07-25T16:25:23.310-0500][gc,start      ] GC(27) Pause Young (Normal) (G1 Evacuation Pause)
[2020-07-25T16:25:23.310-0500][gc,task       ] GC(27) Using 4 workers of 4 for evacuation
[2020-07-25T16:25:23.327-0500][gc,phases     ] GC(27)   Pre Evacuate Collection Set: 0.1ms
[2020-07-25T16:25:23.327-0500][gc,phases     ] GC(27)   Evacuate Collection Set: 14.8ms
[2020-07-25T16:25:23.327-0500][gc,phases     ] GC(27)   Post Evacuate Collection Set: 1.8ms
[2020-07-25T16:25:23.327-0500][gc,phases     ] GC(27)   Other: 0.9ms
[2020-07-25T16:25:23.327-0500][gc,heap       ] GC(27) Eden regions: 610->0(610)
[2020-07-25T16:25:23.327-0500][gc,heap       ] GC(27) Survivor regions: 4->4(77)
[2020-07-25T16:25:23.327-0500][gc,heap       ] GC(27) Old regions: 20->20
[2020-07-25T16:25:23.327-0500][gc,heap       ] GC(27) Humongous regions: 129->129
[2020-07-25T16:25:23.327-0500][gc,metaspace  ] GC(27) Metaspace: 47848K->47848K(1091584K)
[2020-07-25T16:25:23.327-0500][gc            ] GC(27) Pause Young (Normal) (G1 Evacuation Pause) 760M->150M(1024M) 17.744ms
[2020-07-25T16:25:23.327-0500][gc,cpu        ] GC(27) User=0.06s Sys=0.00s Real=0.01s
[2020-07-25T17:14:46.016-0500][gc,start      ] GC(28) Pause Young (Normal) (G1 Evacuation Pause)
[2020-07-25T17:14:46.017-0500][gc,task       ] GC(28) Using 4 workers of 4 for evacuation
[2020-07-25T17:14:46.036-0500][gc,phases     ] GC(28)   Pre Evacuate Collection Set: 0.1ms
[2020-07-25T17:14:46.036-0500][gc,phases     ] GC(28)   Evacuate Collection Set: 14.3ms
[2020-07-25T17:14:46.036-0500][gc,phases     ] GC(28)   Post Evacuate Collection Set: 4.0ms
[2020-07-25T17:14:46.036-0500][gc,phases     ] GC(28)   Other: 0.9ms
[2020-07-25T17:14:46.036-0500][gc,heap       ] GC(28) Eden regions: 358->0(172)
[2020-07-25T17:14:46.036-0500][gc,heap       ] GC(28) Survivor regions: 4->4(46)
[2020-07-25T17:14:46.036-0500][gc,heap       ] GC(28) Old regions: 20->20
[2020-07-25T17:14:46.036-0500][gc,heap       ] GC(28) Humongous regions: 129->129
[2020-07-25T17:14:46.036-0500][gc,metaspace  ] GC(28) Metaspace: 48999K->48999K(1093632K)
[2020-07-25T17:14:46.036-0500][gc            ] GC(28) Pause Young (Normal) (G1 Evacuation Pause) 508M->150M(1024M) 19.547ms
[2020-07-25T17:14:46.036-0500][gc,cpu        ] GC(28) User=0.04s Sys=0.00s Real=0.02s
[2020-07-25T17:14:49.734-0500][gc,heap,exit  ] Heap
[2020-07-25T17:14:49.735-0500][gc,heap,exit  ]  garbage-first heap   total 1048576K, used 159234K [0x00000000c0000000, 0x0000000100000000)
[2020-07-25T17:14:49.735-0500][gc,heap,exit  ]   region size 1024K, 10 young (10240K), 4 survivors (4096K)
[2020-07-25T17:14:49.735-0500][gc,heap,exit  ]  Metaspace       used 49270K, capacity 51730K, committed 51868K, reserved 1093632K
[2020-07-25T17:14:49.735-0500][gc,heap,exit  ]   class space    used 6480K, capacity 7646K, committed 7676K, reserved 1048576K
