[2020-07-26T12:48:02.618-0500][gc,heap] Heap region size: 1M
[2020-07-26T12:48:02.645-0500][gc     ] Using G1
[2020-07-26T12:48:02.645-0500][gc,heap,coops] Heap address: 0x00000000c0000000, size: 1024 MB, Compressed Oops mode: 32-bit
[2020-07-26T12:48:02.646-0500][gc,cds       ] Mark closed archive regions in map: [0x00000000fff00000, 0x00000000fff69ff8]
[2020-07-26T12:48:02.646-0500][gc,cds       ] Mark open archive regions in map: [0x00000000ffe00000, 0x00000000ffe46ff8]
[2020-07-26T12:48:06.895-0500][gc,start     ] GC(0) Pause Young (Normal) (G1 Evacuation Pause)
[2020-07-26T12:48:06.896-0500][gc,task      ] GC(0) Using 4 workers of 4 for evacuation
[2020-07-26T12:48:06.928-0500][gc,mmu       ] GC(0) MMU target violated: 21.0ms (20.0ms/21.0ms)
[2020-07-26T12:48:06.928-0500][gc,phases    ] GC(0)   Pre Evacuate Collection Set: 0.1ms
[2020-07-26T12:48:06.928-0500][gc,phases    ] GC(0)   Evacuate Collection Set: 30.6ms
[2020-07-26T12:48:06.928-0500][gc,phases    ] GC(0)   Post Evacuate Collection Set: 1.1ms
[2020-07-26T12:48:06.928-0500][gc,phases    ] GC(0)   Other: 1.3ms
[2020-07-26T12:48:06.928-0500][gc,heap      ] GC(0) Eden regions: 51->0(44)
[2020-07-26T12:48:06.928-0500][gc,heap      ] GC(0) Survivor regions: 0->7(7)
[2020-07-26T12:48:06.928-0500][gc,heap      ] GC(0) Old regions: 2->2
[2020-07-26T12:48:06.928-0500][gc,heap      ] GC(0) Humongous regions: 0->0
[2020-07-26T12:48:06.928-0500][gc,metaspace ] GC(0) Metaspace: 17079K->17079K(1064960K)
[2020-07-26T12:48:06.928-0500][gc           ] GC(0) Pause Young (Normal) (G1 Evacuation Pause) 51M->7M(1024M) 33.267ms
[2020-07-26T12:48:06.928-0500][gc,cpu       ] GC(0) User=0.09s Sys=0.01s Real=0.04s
[2020-07-26T12:48:07.952-0500][gc,start     ] GC(1) Pause Young (Concurrent Start) (Metadata GC Threshold)
[2020-07-26T12:48:07.952-0500][gc,task      ] GC(1) Using 4 workers of 4 for evacuation
[2020-07-26T12:48:07.992-0500][gc,mmu       ] GC(1) MMU target violated: 21.0ms (20.0ms/21.0ms)
[2020-07-26T12:48:07.992-0500][gc,phases    ] GC(1)   Pre Evacuate Collection Set: 0.1ms
[2020-07-26T12:48:07.992-0500][gc,phases    ] GC(1)   Evacuate Collection Set: 38.0ms
[2020-07-26T12:48:07.992-0500][gc,phases    ] GC(1)   Post Evacuate Collection Set: 1.0ms
[2020-07-26T12:48:07.992-0500][gc,phases    ] GC(1)   Other: 0.7ms
[2020-07-26T12:48:07.992-0500][gc,heap      ] GC(1) Eden regions: 19->0(49)
[2020-07-26T12:48:07.992-0500][gc,heap      ] GC(1) Survivor regions: 7->2(7)
[2020-07-26T12:48:07.992-0500][gc,heap      ] GC(1) Old regions: 2->9
[2020-07-26T12:48:07.992-0500][gc,heap      ] GC(1) Humongous regions: 129->129
[2020-07-26T12:48:07.992-0500][gc,metaspace ] GC(1) Metaspace: 20643K->20643K(1067008K)
[2020-07-26T12:48:07.992-0500][gc           ] GC(1) Pause Young (Concurrent Start) (Metadata GC Threshold) 155M->137M(1024M) 39.927ms
[2020-07-26T12:48:07.992-0500][gc,cpu       ] GC(1) User=0.07s Sys=0.02s Real=0.04s
[2020-07-26T12:48:07.992-0500][gc           ] GC(2) Concurrent Cycle
[2020-07-26T12:48:07.993-0500][gc,marking   ] GC(2) Concurrent Clear Claimed Marks
[2020-07-26T12:48:07.993-0500][gc,marking   ] GC(2) Concurrent Clear Claimed Marks 0.085ms
[2020-07-26T12:48:07.993-0500][gc,marking   ] GC(2) Concurrent Scan Root Regions
[2020-07-26T12:48:07.995-0500][gc,marking   ] GC(2) Concurrent Scan Root Regions 2.095ms
[2020-07-26T12:48:07.995-0500][gc,marking   ] GC(2) Concurrent Mark (5.386s)
[2020-07-26T12:48:07.995-0500][gc,marking   ] GC(2) Concurrent Mark From Roots
[2020-07-26T12:48:07.995-0500][gc,task      ] GC(2) Using 1 workers of 1 for marking
[2020-07-26T12:48:08.039-0500][gc,marking   ] GC(2) Concurrent Mark From Roots 43.779ms
[2020-07-26T12:48:08.039-0500][gc,marking   ] GC(2) Concurrent Preclean
[2020-07-26T12:48:08.039-0500][gc,marking   ] GC(2) Concurrent Preclean 0.227ms
[2020-07-26T12:48:08.039-0500][gc,marking   ] GC(2) Concurrent Mark (5.386s, 5.430s) 44.122ms
[2020-07-26T12:48:08.039-0500][gc,start     ] GC(2) Pause Remark
[2020-07-26T12:48:08.045-0500][gc,stringtable] GC(2) Cleaned string and symbol table, strings: 5002 processed, 0 removed, symbols: 51233 processed, 49 removed
[2020-07-26T12:48:08.046-0500][gc            ] GC(2) Pause Remark 139M->139M(1024M) 6.767ms
[2020-07-26T12:48:08.046-0500][gc,cpu        ] GC(2) User=0.02s Sys=0.01s Real=0.01s
[2020-07-26T12:48:08.046-0500][gc,marking    ] GC(2) Concurrent Rebuild Remembered Sets
[2020-07-26T12:48:08.059-0500][gc,marking    ] GC(2) Concurrent Rebuild Remembered Sets 12.890ms
[2020-07-26T12:48:08.060-0500][gc,start      ] GC(2) Pause Cleanup
[2020-07-26T12:48:08.061-0500][gc            ] GC(2) Pause Cleanup 139M->139M(1024M) 0.724ms
[2020-07-26T12:48:08.061-0500][gc,cpu        ] GC(2) User=0.00s Sys=0.00s Real=0.00s
[2020-07-26T12:48:08.061-0500][gc,marking    ] GC(2) Concurrent Cleanup for Next Mark
[2020-07-26T12:48:08.089-0500][gc,marking    ] GC(2) Concurrent Cleanup for Next Mark 27.999ms
[2020-07-26T12:48:08.089-0500][gc            ] GC(2) Concurrent Cycle 96.413ms
[2020-07-26T12:48:10.335-0500][gc,start      ] GC(3) Pause Young (Normal) (G1 Evacuation Pause)
[2020-07-26T12:48:10.335-0500][gc,task       ] GC(3) Using 4 workers of 4 for evacuation
[2020-07-26T12:48:10.378-0500][gc,mmu        ] GC(3) MMU target violated: 21.0ms (20.0ms/21.0ms)
[2020-07-26T12:48:10.378-0500][gc,phases     ] GC(3)   Pre Evacuate Collection Set: 0.1ms
[2020-07-26T12:48:10.378-0500][gc,phases     ] GC(3)   Evacuate Collection Set: 41.9ms
[2020-07-26T12:48:10.378-0500][gc,phases     ] GC(3)   Post Evacuate Collection Set: 0.9ms
[2020-07-26T12:48:10.379-0500][gc,phases     ] GC(3)   Other: 0.5ms
[2020-07-26T12:48:10.379-0500][gc,heap       ] GC(3) Eden regions: 49->0(46)
[2020-07-26T12:48:10.379-0500][gc,heap       ] GC(3) Survivor regions: 2->5(7)
[2020-07-26T12:48:10.379-0500][gc,heap       ] GC(3) Old regions: 9->9
[2020-07-26T12:48:10.379-0500][gc,heap       ] GC(3) Humongous regions: 129->129
[2020-07-26T12:48:10.379-0500][gc,metaspace  ] GC(3) Metaspace: 29503K->29503K(1075200K)
[2020-07-26T12:48:10.379-0500][gc            ] GC(3) Pause Young (Normal) (G1 Evacuation Pause) 186M->141M(1024M) 43.501ms
[2020-07-26T12:48:10.379-0500][gc,cpu        ] GC(3) User=0.05s Sys=0.00s Real=0.04s
[2020-07-26T12:48:11.826-0500][gc,start      ] GC(4) Pause Young (Concurrent Start) (Metadata GC Threshold)
[2020-07-26T12:48:11.826-0500][gc,task       ] GC(4) Using 4 workers of 4 for evacuation
[2020-07-26T12:48:11.854-0500][gc,mmu        ] GC(4) MMU target violated: 21.0ms (20.0ms/21.0ms)
[2020-07-26T12:48:11.854-0500][gc,phases     ] GC(4)   Pre Evacuate Collection Set: 0.2ms
[2020-07-26T12:48:11.854-0500][gc,phases     ] GC(4)   Evacuate Collection Set: 26.0ms
[2020-07-26T12:48:11.854-0500][gc,phases     ] GC(4)   Post Evacuate Collection Set: 1.3ms
[2020-07-26T12:48:11.854-0500][gc,phases     ] GC(4)   Other: 0.6ms
[2020-07-26T12:48:11.854-0500][gc,heap       ] GC(4) Eden regions: 32->0(45)
[2020-07-26T12:48:11.854-0500][gc,heap       ] GC(4) Survivor regions: 5->6(7)
[2020-07-26T12:48:11.854-0500][gc,heap       ] GC(4) Old regions: 9->10
[2020-07-26T12:48:11.854-0500][gc,heap       ] GC(4) Humongous regions: 129->129
[2020-07-26T12:48:11.854-0500][gc,metaspace  ] GC(4) Metaspace: 34692K->34692K(1081344K)
[2020-07-26T12:48:11.854-0500][gc            ] GC(4) Pause Young (Concurrent Start) (Metadata GC Threshold) 172M->142M(1024M) 28.306ms
[2020-07-26T12:48:11.854-0500][gc,cpu        ] GC(4) User=0.07s Sys=0.01s Real=0.03s
[2020-07-26T12:48:11.854-0500][gc            ] GC(5) Concurrent Cycle
[2020-07-26T12:48:11.854-0500][gc,marking    ] GC(5) Concurrent Clear Claimed Marks
[2020-07-26T12:48:11.855-0500][gc,marking    ] GC(5) Concurrent Clear Claimed Marks 0.203ms
[2020-07-26T12:48:11.855-0500][gc,marking    ] GC(5) Concurrent Scan Root Regions
[2020-07-26T12:48:11.873-0500][gc,marking    ] GC(5) Concurrent Scan Root Regions 17.978ms
[2020-07-26T12:48:11.873-0500][gc,marking    ] GC(5) Concurrent Mark (9.264s)
[2020-07-26T12:48:11.873-0500][gc,marking    ] GC(5) Concurrent Mark From Roots
[2020-07-26T12:48:11.873-0500][gc,task       ] GC(5) Using 1 workers of 1 for marking
[2020-07-26T12:48:11.905-0500][gc,marking    ] GC(5) Concurrent Mark From Roots 32.296ms
[2020-07-26T12:48:11.905-0500][gc,marking    ] GC(5) Concurrent Preclean
[2020-07-26T12:48:11.906-0500][gc,marking    ] GC(5) Concurrent Preclean 0.507ms
[2020-07-26T12:48:11.906-0500][gc,marking    ] GC(5) Concurrent Mark (9.264s, 9.297s) 33.010ms
[2020-07-26T12:48:11.906-0500][gc,start      ] GC(5) Pause Remark
[2020-07-26T12:48:11.917-0500][gc,stringtable] GC(5) Cleaned string and symbol table, strings: 11219 processed, 6 removed, symbols: 82051 processed, 28 removed
[2020-07-26T12:48:11.918-0500][gc            ] GC(5) Pause Remark 143M->143M(1024M) 11.606ms
[2020-07-26T12:48:11.918-0500][gc,cpu        ] GC(5) User=0.03s Sys=0.00s Real=0.01s
[2020-07-26T12:48:11.918-0500][gc,marking    ] GC(5) Concurrent Rebuild Remembered Sets
[2020-07-26T12:48:11.940-0500][gc,marking    ] GC(5) Concurrent Rebuild Remembered Sets 22.519ms
[2020-07-26T12:48:11.941-0500][gc,start      ] GC(5) Pause Cleanup
[2020-07-26T12:48:11.941-0500][gc            ] GC(5) Pause Cleanup 144M->144M(1024M) 0.676ms
[2020-07-26T12:48:11.941-0500][gc,cpu        ] GC(5) User=0.00s Sys=0.00s Real=0.00s
[2020-07-26T12:48:11.941-0500][gc,marking    ] GC(5) Concurrent Cleanup for Next Mark
[2020-07-26T12:48:11.980-0500][gc,marking    ] GC(5) Concurrent Cleanup for Next Mark 38.633ms
[2020-07-26T12:48:11.980-0500][gc            ] GC(5) Concurrent Cycle 125.771ms
[2020-07-26T12:49:48.559-0500][gc,start      ] GC(6) Pause Young (Concurrent Start) (G1 Evacuation Pause)
[2020-07-26T12:49:48.559-0500][gc,task       ] GC(6) Using 4 workers of 4 for evacuation
[2020-07-26T12:49:48.605-0500][gc,mmu        ] GC(6) MMU target violated: 21.0ms (20.0ms/21.0ms)
[2020-07-26T12:49:48.605-0500][gc,phases     ] GC(6)   Pre Evacuate Collection Set: 0.2ms
[2020-07-26T12:49:48.605-0500][gc,phases     ] GC(6)   Evacuate Collection Set: 43.1ms
[2020-07-26T12:49:48.605-0500][gc,phases     ] GC(6)   Post Evacuate Collection Set: 2.5ms
[2020-07-26T12:49:48.605-0500][gc,phases     ] GC(6)   Other: 0.6ms
[2020-07-26T12:49:48.605-0500][gc,heap       ] GC(6) Eden regions: 45->0(44)
[2020-07-26T12:49:48.605-0500][gc,heap       ] GC(6) Survivor regions: 6->7(7)
[2020-07-26T12:49:48.605-0500][gc,heap       ] GC(6) Old regions: 10->14
[2020-07-26T12:49:48.605-0500][gc,heap       ] GC(6) Humongous regions: 129->129
[2020-07-26T12:49:48.605-0500][gc,metaspace  ] GC(6) Metaspace: 44052K->44052K(1089536K)
[2020-07-26T12:49:48.606-0500][gc            ] GC(6) Pause Young (Concurrent Start) (G1 Evacuation Pause) 187M->146M(1024M) 46.956ms
[2020-07-26T12:49:48.606-0500][gc,cpu        ] GC(6) User=0.08s Sys=0.01s Real=0.05s
[2020-07-26T12:49:48.606-0500][gc            ] GC(7) Concurrent Cycle
[2020-07-26T12:49:48.606-0500][gc,marking    ] GC(7) Concurrent Clear Claimed Marks
[2020-07-26T12:49:48.606-0500][gc,marking    ] GC(7) Concurrent Clear Claimed Marks 0.212ms
[2020-07-26T12:49:48.606-0500][gc,marking    ] GC(7) Concurrent Scan Root Regions
[2020-07-26T12:49:48.620-0500][gc,marking    ] GC(7) Concurrent Scan Root Regions 13.848ms
[2020-07-26T12:49:48.620-0500][gc,marking    ] GC(7) Concurrent Mark (106.011s)
[2020-07-26T12:49:48.620-0500][gc,marking    ] GC(7) Concurrent Mark From Roots
[2020-07-26T12:49:48.620-0500][gc,task       ] GC(7) Using 1 workers of 1 for marking
[2020-07-26T12:49:48.680-0500][gc,marking    ] GC(7) Concurrent Mark From Roots 60.054ms
[2020-07-26T12:49:48.680-0500][gc,marking    ] GC(7) Concurrent Preclean
[2020-07-26T12:49:48.681-0500][gc,marking    ] GC(7) Concurrent Preclean 0.405ms
[2020-07-26T12:49:48.681-0500][gc,marking    ] GC(7) Concurrent Mark (106.011s, 106.072s) 60.652ms
[2020-07-26T12:49:48.681-0500][gc,start      ] GC(7) Pause Remark
[2020-07-26T12:49:48.702-0500][gc,stringtable] GC(7) Cleaned string and symbol table, strings: 15250 processed, 3 removed, symbols: 104054 processed, 6 removed
[2020-07-26T12:49:48.703-0500][gc,mmu        ] GC(7) MMU target violated: 21.0ms (20.0ms/21.0ms)
[2020-07-26T12:49:48.703-0500][gc            ] GC(7) Pause Remark 147M->147M(1024M) 21.811ms
[2020-07-26T12:49:48.703-0500][gc,cpu        ] GC(7) User=0.03s Sys=0.00s Real=0.02s
[2020-07-26T12:49:48.704-0500][gc,marking    ] GC(7) Concurrent Rebuild Remembered Sets
[2020-07-26T12:49:48.730-0500][gc,marking    ] GC(7) Concurrent Rebuild Remembered Sets 26.097ms
[2020-07-26T12:49:48.730-0500][gc,start      ] GC(7) Pause Cleanup
[2020-07-26T12:49:48.731-0500][gc            ] GC(7) Pause Cleanup 147M->147M(1024M) 0.757ms
[2020-07-26T12:49:48.731-0500][gc,cpu        ] GC(7) User=0.00s Sys=0.00s Real=0.00s
[2020-07-26T12:49:48.731-0500][gc,marking    ] GC(7) Concurrent Cleanup for Next Mark
[2020-07-26T12:49:48.740-0500][gc,marking    ] GC(7) Concurrent Cleanup for Next Mark 8.369ms
[2020-07-26T12:49:48.740-0500][gc            ] GC(7) Concurrent Cycle 133.933ms
[2020-07-26T12:57:05.405-0500][gc,start      ] GC(8) Pause Young (Normal) (G1 Evacuation Pause)
[2020-07-26T12:57:05.405-0500][gc,task       ] GC(8) Using 4 workers of 4 for evacuation
[2020-07-26T12:57:05.433-0500][gc,mmu        ] GC(8) MMU target violated: 21.0ms (20.0ms/21.0ms)
[2020-07-26T12:57:05.433-0500][gc,phases     ] GC(8)   Pre Evacuate Collection Set: 0.1ms
[2020-07-26T12:57:05.433-0500][gc,phases     ] GC(8)   Evacuate Collection Set: 25.9ms
[2020-07-26T12:57:05.433-0500][gc,phases     ] GC(8)   Post Evacuate Collection Set: 1.3ms
[2020-07-26T12:57:05.433-0500][gc,phases     ] GC(8)   Other: 2.2ms
[2020-07-26T12:57:05.433-0500][gc,heap       ] GC(8) Eden regions: 44->0(48)
[2020-07-26T12:57:05.433-0500][gc,heap       ] GC(8) Survivor regions: 7->3(7)
[2020-07-26T12:57:05.433-0500][gc,heap       ] GC(8) Old regions: 14->19
[2020-07-26T12:57:05.433-0500][gc,heap       ] GC(8) Humongous regions: 129->129
[2020-07-26T12:57:05.433-0500][gc,metaspace  ] GC(8) Metaspace: 47210K->47210K(1091584K)
[2020-07-26T12:57:05.434-0500][gc            ] GC(8) Pause Young (Normal) (G1 Evacuation Pause) 190M->148M(1024M) 28.229ms
[2020-07-26T12:57:05.434-0500][gc,cpu        ] GC(8) User=0.06s Sys=0.01s Real=0.03s
[2020-07-26T12:58:55.196-0500][gc,start      ] GC(9) Pause Young (Normal) (G1 Evacuation Pause)
[2020-07-26T12:58:55.196-0500][gc,task       ] GC(9) Using 4 workers of 4 for evacuation
[2020-07-26T12:58:55.215-0500][gc,phases     ] GC(9)   Pre Evacuate Collection Set: 0.1ms
[2020-07-26T12:58:55.215-0500][gc,phases     ] GC(9)   Evacuate Collection Set: 17.5ms
[2020-07-26T12:58:55.215-0500][gc,phases     ] GC(9)   Post Evacuate Collection Set: 1.3ms
[2020-07-26T12:58:55.215-0500][gc,phases     ] GC(9)   Other: 0.5ms
[2020-07-26T12:58:55.215-0500][gc,heap       ] GC(9) Eden regions: 48->0(48)
[2020-07-26T12:58:55.216-0500][gc,heap       ] GC(9) Survivor regions: 3->3(7)
[2020-07-26T12:58:55.216-0500][gc,heap       ] GC(9) Old regions: 19->19
[2020-07-26T12:58:55.216-0500][gc,heap       ] GC(9) Humongous regions: 129->129
[2020-07-26T12:58:55.216-0500][gc,metaspace  ] GC(9) Metaspace: 48080K->48080K(1093632K)
[2020-07-26T12:58:55.216-0500][gc            ] GC(9) Pause Young (Normal) (G1 Evacuation Pause) 196M->149M(1024M) 19.580ms
[2020-07-26T12:58:55.216-0500][gc,cpu        ] GC(9) User=0.06s Sys=0.00s Real=0.02s
[2020-07-26T13:00:04.972-0500][gc,start      ] GC(10) Pause Young (Normal) (G1 Evacuation Pause)
[2020-07-26T13:00:04.972-0500][gc,task       ] GC(10) Using 4 workers of 4 for evacuation
[2020-07-26T13:00:05.003-0500][gc,mmu        ] GC(10) MMU target violated: 21.0ms (20.0ms/21.0ms)
[2020-07-26T13:00:05.003-0500][gc,phases     ] GC(10)   Pre Evacuate Collection Set: 0.1ms
[2020-07-26T13:00:05.003-0500][gc,phases     ] GC(10)   Evacuate Collection Set: 29.6ms
[2020-07-26T13:00:05.003-0500][gc,phases     ] GC(10)   Post Evacuate Collection Set: 1.0ms
[2020-07-26T13:00:05.003-0500][gc,phases     ] GC(10)   Other: 0.6ms
[2020-07-26T13:00:05.003-0500][gc,heap       ] GC(10) Eden regions: 48->0(47)
[2020-07-26T13:00:05.003-0500][gc,heap       ] GC(10) Survivor regions: 3->4(7)
[2020-07-26T13:00:05.003-0500][gc,heap       ] GC(10) Old regions: 19->19
[2020-07-26T13:00:05.003-0500][gc,heap       ] GC(10) Humongous regions: 129->129
[2020-07-26T13:00:05.003-0500][gc,metaspace  ] GC(10) Metaspace: 48123K->48123K(1093632K)
[2020-07-26T13:00:05.003-0500][gc            ] GC(10) Pause Young (Normal) (G1 Evacuation Pause) 197M->149M(1024M) 31.412ms
[2020-07-26T13:00:05.003-0500][gc,cpu        ] GC(10) User=0.04s Sys=0.00s Real=0.03s
[2020-07-26T13:01:16.122-0500][gc,start      ] GC(11) Pause Young (Normal) (G1 Evacuation Pause)
[2020-07-26T13:01:16.122-0500][gc,task       ] GC(11) Using 4 workers of 4 for evacuation
[2020-07-26T13:01:16.157-0500][gc,mmu        ] GC(11) MMU target violated: 21.0ms (20.0ms/21.0ms)
[2020-07-26T13:01:16.157-0500][gc,phases     ] GC(11)   Pre Evacuate Collection Set: 0.1ms
[2020-07-26T13:01:16.157-0500][gc,phases     ] GC(11)   Evacuate Collection Set: 31.8ms
[2020-07-26T13:01:16.158-0500][gc,phases     ] GC(11)   Post Evacuate Collection Set: 3.5ms
[2020-07-26T13:01:16.158-0500][gc,phases     ] GC(11)   Other: 0.6ms
[2020-07-26T13:01:16.158-0500][gc,heap       ] GC(11) Eden regions: 47->0(46)
[2020-07-26T13:01:16.158-0500][gc,heap       ] GC(11) Survivor regions: 4->5(7)
[2020-07-26T13:01:16.158-0500][gc,heap       ] GC(11) Old regions: 19->19
[2020-07-26T13:01:16.158-0500][gc,heap       ] GC(11) Humongous regions: 129->129
[2020-07-26T13:01:16.158-0500][gc,metaspace  ] GC(11) Metaspace: 48145K->48145K(1093632K)
[2020-07-26T13:01:16.158-0500][gc            ] GC(11) Pause Young (Normal) (G1 Evacuation Pause) 196M->150M(1024M) 36.142ms
[2020-07-26T13:01:16.158-0500][gc,cpu        ] GC(11) User=0.05s Sys=0.00s Real=0.03s
[2020-07-26T13:02:23.359-0500][gc,start      ] GC(12) Pause Young (Normal) (G1 Evacuation Pause)
[2020-07-26T13:02:23.359-0500][gc,task       ] GC(12) Using 4 workers of 4 for evacuation
[2020-07-26T13:02:23.384-0500][gc,mmu        ] GC(12) MMU target violated: 21.0ms (20.0ms/21.0ms)
[2020-07-26T13:02:23.384-0500][gc,phases     ] GC(12)   Pre Evacuate Collection Set: 0.1ms
[2020-07-26T13:02:23.384-0500][gc,phases     ] GC(12)   Evacuate Collection Set: 23.6ms
[2020-07-26T13:02:23.384-0500][gc,phases     ] GC(12)   Post Evacuate Collection Set: 1.0ms
[2020-07-26T13:02:23.384-0500][gc,phases     ] GC(12)   Other: 0.5ms
[2020-07-26T13:02:23.384-0500][gc,heap       ] GC(12) Eden regions: 46->0(46)
[2020-07-26T13:02:23.384-0500][gc,heap       ] GC(12) Survivor regions: 5->5(7)
[2020-07-26T13:02:23.384-0500][gc,heap       ] GC(12) Old regions: 19->20
[2020-07-26T13:02:23.384-0500][gc,heap       ] GC(12) Humongous regions: 129->129
[2020-07-26T13:02:23.384-0500][gc,metaspace  ] GC(12) Metaspace: 48173K->48173K(1093632K)
[2020-07-26T13:02:23.385-0500][gc            ] GC(12) Pause Young (Normal) (G1 Evacuation Pause) 196M->151M(1024M) 25.337ms
[2020-07-26T13:02:23.385-0500][gc,cpu        ] GC(12) User=0.06s Sys=0.01s Real=0.03s
[2020-07-26T13:03:35.079-0500][gc,start      ] GC(13) Pause Young (Normal) (G1 Evacuation Pause)
[2020-07-26T13:03:35.079-0500][gc,task       ] GC(13) Using 4 workers of 4 for evacuation
[2020-07-26T13:03:35.121-0500][gc,mmu        ] GC(13) MMU target violated: 21.0ms (20.0ms/21.0ms)
[2020-07-26T13:03:35.121-0500][gc,phases     ] GC(13)   Pre Evacuate Collection Set: 0.1ms
[2020-07-26T13:03:35.121-0500][gc,phases     ] GC(13)   Evacuate Collection Set: 39.9ms
[2020-07-26T13:03:35.121-0500][gc,phases     ] GC(13)   Post Evacuate Collection Set: 1.1ms
[2020-07-26T13:03:35.121-0500][gc,phases     ] GC(13)   Other: 0.6ms
[2020-07-26T13:03:35.121-0500][gc,heap       ] GC(13) Eden regions: 46->0(47)
[2020-07-26T13:03:35.121-0500][gc,heap       ] GC(13) Survivor regions: 5->4(7)
[2020-07-26T13:03:35.121-0500][gc,heap       ] GC(13) Old regions: 20->21
[2020-07-26T13:03:35.121-0500][gc,heap       ] GC(13) Humongous regions: 129->129
[2020-07-26T13:03:35.121-0500][gc,metaspace  ] GC(13) Metaspace: 48183K->48183K(1093632K)
[2020-07-26T13:03:35.121-0500][gc            ] GC(13) Pause Young (Normal) (G1 Evacuation Pause) 197M->151M(1024M) 41.940ms
[2020-07-26T13:03:35.121-0500][gc,cpu        ] GC(13) User=0.05s Sys=0.01s Real=0.05s
[2020-07-26T13:04:43.712-0500][gc,start      ] GC(14) Pause Young (Normal) (G1 Evacuation Pause)
[2020-07-26T13:04:43.712-0500][gc,task       ] GC(14) Using 4 workers of 4 for evacuation
[2020-07-26T13:04:43.732-0500][gc,phases     ] GC(14)   Pre Evacuate Collection Set: 0.1ms
[2020-07-26T13:04:43.732-0500][gc,phases     ] GC(14)   Evacuate Collection Set: 18.4ms
[2020-07-26T13:04:43.732-0500][gc,phases     ] GC(14)   Post Evacuate Collection Set: 1.0ms
[2020-07-26T13:04:43.733-0500][gc,phases     ] GC(14)   Other: 0.5ms
[2020-07-26T13:04:43.733-0500][gc,heap       ] GC(14) Eden regions: 47->0(45)
[2020-07-26T13:04:43.733-0500][gc,heap       ] GC(14) Survivor regions: 4->6(7)
[2020-07-26T13:04:43.733-0500][gc,heap       ] GC(14) Old regions: 21->21
[2020-07-26T13:04:43.733-0500][gc,heap       ] GC(14) Humongous regions: 129->129
[2020-07-26T13:04:43.733-0500][gc,metaspace  ] GC(14) Metaspace: 48188K->48188K(1093632K)
[2020-07-26T13:04:43.733-0500][gc            ] GC(14) Pause Young (Normal) (G1 Evacuation Pause) 198M->153M(1024M) 20.285ms
[2020-07-26T13:04:43.733-0500][gc,cpu        ] GC(14) User=0.06s Sys=0.00s Real=0.02s
[2020-07-26T13:05:50.069-0500][gc,start      ] GC(15) Pause Young (Normal) (G1 Evacuation Pause)
[2020-07-26T13:05:50.069-0500][gc,task       ] GC(15) Using 4 workers of 4 for evacuation
[2020-07-26T13:05:50.103-0500][gc,mmu        ] GC(15) MMU target violated: 21.0ms (20.0ms/21.0ms)
[2020-07-26T13:05:50.104-0500][gc,phases     ] GC(15)   Pre Evacuate Collection Set: 0.1ms
[2020-07-26T13:05:50.104-0500][gc,phases     ] GC(15)   Evacuate Collection Set: 31.8ms
[2020-07-26T13:05:50.104-0500][gc,phases     ] GC(15)   Post Evacuate Collection Set: 2.6ms
[2020-07-26T13:05:50.104-0500][gc,phases     ] GC(15)   Other: 0.5ms
[2020-07-26T13:05:50.104-0500][gc,heap       ] GC(15) Eden regions: 45->0(46)
[2020-07-26T13:05:50.104-0500][gc,heap       ] GC(15) Survivor regions: 6->5(7)
[2020-07-26T13:05:50.104-0500][gc,heap       ] GC(15) Old regions: 21->24
[2020-07-26T13:05:50.104-0500][gc,heap       ] GC(15) Humongous regions: 129->129
[2020-07-26T13:05:50.104-0500][gc,metaspace  ] GC(15) Metaspace: 48208K->48208K(1093632K)
[2020-07-26T13:05:50.104-0500][gc            ] GC(15) Pause Young (Normal) (G1 Evacuation Pause) 198M->156M(1024M) 35.196ms
[2020-07-26T13:05:50.110-0500][gc,cpu        ] GC(15) User=0.07s Sys=0.01s Real=0.04s
[2020-07-26T13:06:57.810-0500][gc,start      ] GC(16) Pause Young (Normal) (G1 Evacuation Pause)
[2020-07-26T13:06:57.810-0500][gc,task       ] GC(16) Using 4 workers of 4 for evacuation
[2020-07-26T13:06:57.837-0500][gc,mmu        ] GC(16) MMU target violated: 21.0ms (20.0ms/21.0ms)
[2020-07-26T13:06:57.837-0500][gc,phases     ] GC(16)   Pre Evacuate Collection Set: 0.1ms
[2020-07-26T13:06:57.837-0500][gc,phases     ] GC(16)   Evacuate Collection Set: 26.0ms
[2020-07-26T13:06:57.838-0500][gc,phases     ] GC(16)   Post Evacuate Collection Set: 0.8ms
[2020-07-26T13:06:57.838-0500][gc,phases     ] GC(16)   Other: 0.6ms
[2020-07-26T13:06:57.838-0500][gc,heap       ] GC(16) Eden regions: 46->0(46)
[2020-07-26T13:06:57.838-0500][gc,heap       ] GC(16) Survivor regions: 5->5(7)
[2020-07-26T13:06:57.838-0500][gc,heap       ] GC(16) Old regions: 24->27
[2020-07-26T13:06:57.838-0500][gc,heap       ] GC(16) Humongous regions: 129->129
[2020-07-26T13:06:57.838-0500][gc,metaspace  ] GC(16) Metaspace: 48216K->48216K(1093632K)
[2020-07-26T13:06:57.838-0500][gc            ] GC(16) Pause Young (Normal) (G1 Evacuation Pause) 202M->158M(1024M) 27.695ms
[2020-07-26T13:06:57.838-0500][gc,cpu        ] GC(16) User=0.08s Sys=0.00s Real=0.02s
[2020-07-26T13:08:04.863-0500][gc,start      ] GC(17) Pause Young (Normal) (G1 Evacuation Pause)
[2020-07-26T13:08:04.863-0500][gc,task       ] GC(17) Using 4 workers of 4 for evacuation
[2020-07-26T13:08:04.897-0500][gc,mmu        ] GC(17) MMU target violated: 21.0ms (20.0ms/21.0ms)
[2020-07-26T13:08:04.898-0500][gc,phases     ] GC(17)   Pre Evacuate Collection Set: 0.1ms
[2020-07-26T13:08:04.898-0500][gc,phases     ] GC(17)   Evacuate Collection Set: 33.2ms
[2020-07-26T13:08:04.898-0500][gc,phases     ] GC(17)   Post Evacuate Collection Set: 0.8ms
[2020-07-26T13:08:04.898-0500][gc,phases     ] GC(17)   Other: 0.7ms
[2020-07-26T13:08:04.898-0500][gc,heap       ] GC(17) Eden regions: 46->0(46)
[2020-07-26T13:08:04.898-0500][gc,heap       ] GC(17) Survivor regions: 5->5(7)
[2020-07-26T13:08:04.898-0500][gc,heap       ] GC(17) Old regions: 27->29
[2020-07-26T13:08:04.898-0500][gc,heap       ] GC(17) Humongous regions: 129->129
[2020-07-26T13:08:04.898-0500][gc,metaspace  ] GC(17) Metaspace: 48218K->48218K(1093632K)
[2020-07-26T13:08:04.898-0500][gc            ] GC(17) Pause Young (Normal) (G1 Evacuation Pause) 204M->161M(1024M) 34.878ms
[2020-07-26T13:08:04.898-0500][gc,cpu        ] GC(17) User=0.09s Sys=0.00s Real=0.03s
[2020-07-26T13:09:16.016-0500][gc,start      ] GC(18) Pause Young (Normal) (G1 Evacuation Pause)
[2020-07-26T13:09:16.016-0500][gc,task       ] GC(18) Using 4 workers of 4 for evacuation
[2020-07-26T13:09:16.046-0500][gc,mmu        ] GC(18) MMU target violated: 21.0ms (20.0ms/21.0ms)
[2020-07-26T13:09:16.047-0500][gc,phases     ] GC(18)   Pre Evacuate Collection Set: 0.1ms
[2020-07-26T13:09:16.047-0500][gc,phases     ] GC(18)   Evacuate Collection Set: 28.8ms
[2020-07-26T13:09:16.047-0500][gc,phases     ] GC(18)   Post Evacuate Collection Set: 0.7ms
[2020-07-26T13:09:16.047-0500][gc,phases     ] GC(18)   Other: 0.6ms
[2020-07-26T13:09:16.047-0500][gc,heap       ] GC(18) Eden regions: 46->0(46)
[2020-07-26T13:09:16.047-0500][gc,heap       ] GC(18) Survivor regions: 5->5(7)
[2020-07-26T13:09:16.047-0500][gc,heap       ] GC(18) Old regions: 29->31
[2020-07-26T13:09:16.047-0500][gc,heap       ] GC(18) Humongous regions: 129->129
[2020-07-26T13:09:16.047-0500][gc,metaspace  ] GC(18) Metaspace: 48231K->48231K(1093632K)
[2020-07-26T13:09:16.047-0500][gc            ] GC(18) Pause Young (Normal) (G1 Evacuation Pause) 207M->163M(1024M) 30.417ms
[2020-07-26T13:09:16.047-0500][gc,cpu        ] GC(18) User=0.09s Sys=0.00s Real=0.03s
[2020-07-26T13:10:23.044-0500][gc,start      ] GC(19) Pause Young (Normal) (G1 Evacuation Pause)
[2020-07-26T13:10:23.045-0500][gc,task       ] GC(19) Using 4 workers of 4 for evacuation
[2020-07-26T13:10:23.080-0500][gc,mmu        ] GC(19) MMU target violated: 21.0ms (20.0ms/21.0ms)
[2020-07-26T13:10:23.080-0500][gc,phases     ] GC(19)   Pre Evacuate Collection Set: 0.1ms
[2020-07-26T13:10:23.080-0500][gc,phases     ] GC(19)   Evacuate Collection Set: 33.7ms
[2020-07-26T13:10:23.080-0500][gc,phases     ] GC(19)   Post Evacuate Collection Set: 0.8ms
[2020-07-26T13:10:23.080-0500][gc,phases     ] GC(19)   Other: 1.4ms
[2020-07-26T13:10:23.080-0500][gc,heap       ] GC(19) Eden regions: 46->0(46)
[2020-07-26T13:10:23.080-0500][gc,heap       ] GC(19) Survivor regions: 5->5(7)
[2020-07-26T13:10:23.080-0500][gc,heap       ] GC(19) Old regions: 31->34
[2020-07-26T13:10:23.080-0500][gc,heap       ] GC(19) Humongous regions: 129->129
[2020-07-26T13:10:23.080-0500][gc,metaspace  ] GC(19) Metaspace: 48245K->48245K(1093632K)
[2020-07-26T13:10:23.080-0500][gc            ] GC(19) Pause Young (Normal) (G1 Evacuation Pause) 209M->166M(1024M) 36.072ms
[2020-07-26T13:10:23.080-0500][gc,cpu        ] GC(19) User=0.08s Sys=0.00s Real=0.04s
[2020-07-26T13:11:29.975-0500][gc,start      ] GC(20) Pause Young (Normal) (G1 Evacuation Pause)
[2020-07-26T13:11:29.975-0500][gc,task       ] GC(20) Using 4 workers of 4 for evacuation
[2020-07-26T13:11:30.008-0500][gc,mmu        ] GC(20) MMU target violated: 21.0ms (20.0ms/21.0ms)
[2020-07-26T13:11:30.008-0500][gc,phases     ] GC(20)   Pre Evacuate Collection Set: 0.1ms
[2020-07-26T13:11:30.008-0500][gc,phases     ] GC(20)   Evacuate Collection Set: 30.9ms
[2020-07-26T13:11:30.008-0500][gc,phases     ] GC(20)   Post Evacuate Collection Set: 0.8ms
[2020-07-26T13:11:30.008-0500][gc,phases     ] GC(20)   Other: 1.1ms
[2020-07-26T13:11:30.008-0500][gc,heap       ] GC(20) Eden regions: 46->0(46)
[2020-07-26T13:11:30.008-0500][gc,heap       ] GC(20) Survivor regions: 5->5(7)
[2020-07-26T13:11:30.008-0500][gc,heap       ] GC(20) Old regions: 34->36
[2020-07-26T13:11:30.008-0500][gc,heap       ] GC(20) Humongous regions: 129->129
[2020-07-26T13:11:30.008-0500][gc,metaspace  ] GC(20) Metaspace: 48267K->48267K(1093632K)
[2020-07-26T13:11:30.008-0500][gc            ] GC(20) Pause Young (Normal) (G1 Evacuation Pause) 212M->168M(1024M) 32.982ms
[2020-07-26T13:11:30.008-0500][gc,cpu        ] GC(20) User=0.08s Sys=0.00s Real=0.04s
[2020-07-26T13:12:38.412-0500][gc,start      ] GC(21) Pause Young (Normal) (G1 Evacuation Pause)
[2020-07-26T13:12:38.412-0500][gc,task       ] GC(21) Using 4 workers of 4 for evacuation
[2020-07-26T13:12:38.436-0500][gc,mmu        ] GC(21) MMU target violated: 21.0ms (20.0ms/21.0ms)
[2020-07-26T13:12:38.436-0500][gc,phases     ] GC(21)   Pre Evacuate Collection Set: 0.1ms
[2020-07-26T13:12:38.436-0500][gc,phases     ] GC(21)   Evacuate Collection Set: 23.0ms
[2020-07-26T13:12:38.436-0500][gc,phases     ] GC(21)   Post Evacuate Collection Set: 0.8ms
[2020-07-26T13:12:38.436-0500][gc,phases     ] GC(21)   Other: 0.7ms
[2020-07-26T13:12:38.436-0500][gc,heap       ] GC(21) Eden regions: 46->0(46)
[2020-07-26T13:12:38.436-0500][gc,heap       ] GC(21) Survivor regions: 5->5(7)
[2020-07-26T13:12:38.436-0500][gc,heap       ] GC(21) Old regions: 36->39
[2020-07-26T13:12:38.436-0500][gc,heap       ] GC(21) Humongous regions: 129->129
[2020-07-26T13:12:38.436-0500][gc,metaspace  ] GC(21) Metaspace: 48271K->48271K(1093632K)
[2020-07-26T13:12:38.436-0500][gc            ] GC(21) Pause Young (Normal) (G1 Evacuation Pause) 214M->170M(1024M) 24.675ms
[2020-07-26T13:12:38.436-0500][gc,cpu        ] GC(21) User=0.09s Sys=0.00s Real=0.02s
[2020-07-26T13:13:44.920-0500][gc,start      ] GC(22) Pause Young (Normal) (G1 Evacuation Pause)
[2020-07-26T13:13:44.920-0500][gc,task       ] GC(22) Using 4 workers of 4 for evacuation
[2020-07-26T13:13:44.945-0500][gc,mmu        ] GC(22) MMU target violated: 21.0ms (20.0ms/21.0ms)
[2020-07-26T13:13:44.945-0500][gc,phases     ] GC(22)   Pre Evacuate Collection Set: 0.1ms
[2020-07-26T13:13:44.945-0500][gc,phases     ] GC(22)   Evacuate Collection Set: 23.5ms
[2020-07-26T13:13:44.945-0500][gc,phases     ] GC(22)   Post Evacuate Collection Set: 0.8ms
[2020-07-26T13:13:44.945-0500][gc,phases     ] GC(22)   Other: 0.7ms
[2020-07-26T13:13:44.945-0500][gc,heap       ] GC(22) Eden regions: 46->0(46)
[2020-07-26T13:13:44.945-0500][gc,heap       ] GC(22) Survivor regions: 5->5(7)
[2020-07-26T13:13:44.945-0500][gc,heap       ] GC(22) Old regions: 39->41
[2020-07-26T13:13:44.945-0500][gc,heap       ] GC(22) Humongous regions: 129->129
[2020-07-26T13:13:44.945-0500][gc,metaspace  ] GC(22) Metaspace: 48272K->48272K(1093632K)
[2020-07-26T13:13:44.945-0500][gc            ] GC(22) Pause Young (Normal) (G1 Evacuation Pause) 216M->173M(1024M) 25.235ms
[2020-07-26T13:13:44.945-0500][gc,cpu        ] GC(22) User=0.10s Sys=0.00s Real=0.03s
[2020-07-26T13:14:51.480-0500][gc,start      ] GC(23) Pause Young (Normal) (G1 Evacuation Pause)
[2020-07-26T13:14:51.480-0500][gc,task       ] GC(23) Using 4 workers of 4 for evacuation
[2020-07-26T13:14:51.510-0500][gc,mmu        ] GC(23) MMU target violated: 21.0ms (20.0ms/21.0ms)
[2020-07-26T13:14:51.511-0500][gc,phases     ] GC(23)   Pre Evacuate Collection Set: 0.1ms
[2020-07-26T13:14:51.511-0500][gc,phases     ] GC(23)   Evacuate Collection Set: 28.8ms
[2020-07-26T13:14:51.511-0500][gc,phases     ] GC(23)   Post Evacuate Collection Set: 0.7ms
[2020-07-26T13:14:51.511-0500][gc,phases     ] GC(23)   Other: 0.6ms
[2020-07-26T13:14:51.511-0500][gc,heap       ] GC(23) Eden regions: 46->0(46)
[2020-07-26T13:14:51.511-0500][gc,heap       ] GC(23) Survivor regions: 5->5(7)
[2020-07-26T13:14:51.511-0500][gc,heap       ] GC(23) Old regions: 41->44
[2020-07-26T13:14:51.511-0500][gc,heap       ] GC(23) Humongous regions: 129->129
[2020-07-26T13:14:51.511-0500][gc,metaspace  ] GC(23) Metaspace: 48277K->48277K(1093632K)
[2020-07-26T13:14:51.511-0500][gc            ] GC(23) Pause Young (Normal) (G1 Evacuation Pause) 219M->175M(1024M) 30.485ms
[2020-07-26T13:14:51.511-0500][gc,cpu        ] GC(23) User=0.08s Sys=0.01s Real=0.03s
[2020-07-26T13:15:58.072-0500][gc,start      ] GC(24) Pause Young (Normal) (G1 Evacuation Pause)
[2020-07-26T13:15:58.072-0500][gc,task       ] GC(24) Using 4 workers of 4 for evacuation
[2020-07-26T13:15:58.095-0500][gc,mmu        ] GC(24) MMU target violated: 21.0ms (20.0ms/21.0ms)
[2020-07-26T13:15:58.095-0500][gc,phases     ] GC(24)   Pre Evacuate Collection Set: 0.1ms
[2020-07-26T13:15:58.095-0500][gc,phases     ] GC(24)   Evacuate Collection Set: 22.4ms
[2020-07-26T13:15:58.095-0500][gc,phases     ] GC(24)   Post Evacuate Collection Set: 0.8ms
[2020-07-26T13:15:58.095-0500][gc,phases     ] GC(24)   Other: 0.5ms
[2020-07-26T13:15:58.095-0500][gc,heap       ] GC(24) Eden regions: 46->0(46)
[2020-07-26T13:15:58.095-0500][gc,heap       ] GC(24) Survivor regions: 5->5(7)
[2020-07-26T13:15:58.095-0500][gc,heap       ] GC(24) Old regions: 44->46
[2020-07-26T13:15:58.095-0500][gc,heap       ] GC(24) Humongous regions: 129->129
[2020-07-26T13:15:58.096-0500][gc,metaspace  ] GC(24) Metaspace: 48280K->48280K(1093632K)
[2020-07-26T13:15:58.096-0500][gc            ] GC(24) Pause Young (Normal) (G1 Evacuation Pause) 221M->178M(1024M) 23.963ms
[2020-07-26T13:15:58.096-0500][gc,cpu        ] GC(24) User=0.08s Sys=0.01s Real=0.02s
[2020-07-26T13:17:05.515-0500][gc,start      ] GC(25) Pause Young (Normal) (G1 Evacuation Pause)
[2020-07-26T13:17:05.516-0500][gc,task       ] GC(25) Using 4 workers of 4 for evacuation
[2020-07-26T13:17:05.552-0500][gc,mmu        ] GC(25) MMU target violated: 21.0ms (20.0ms/21.0ms)
[2020-07-26T13:17:05.553-0500][gc,phases     ] GC(25)   Pre Evacuate Collection Set: 0.1ms
[2020-07-26T13:17:05.553-0500][gc,phases     ] GC(25)   Evacuate Collection Set: 35.1ms
[2020-07-26T13:17:05.553-0500][gc,phases     ] GC(25)   Post Evacuate Collection Set: 1.3ms
[2020-07-26T13:17:05.553-0500][gc,phases     ] GC(25)   Other: 0.6ms
[2020-07-26T13:17:05.553-0500][gc,heap       ] GC(25) Eden regions: 46->0(45)
[2020-07-26T13:17:05.553-0500][gc,heap       ] GC(25) Survivor regions: 5->6(7)
[2020-07-26T13:17:05.553-0500][gc,heap       ] GC(25) Old regions: 46->49
[2020-07-26T13:17:05.553-0500][gc,heap       ] GC(25) Humongous regions: 129->129
[2020-07-26T13:17:05.553-0500][gc,metaspace  ] GC(25) Metaspace: 48283K->48283K(1093632K)
[2020-07-26T13:17:05.553-0500][gc            ] GC(25) Pause Young (Normal) (G1 Evacuation Pause) 224M->181M(1024M) 37.294ms
[2020-07-26T13:17:05.553-0500][gc,cpu        ] GC(25) User=0.09s Sys=0.01s Real=0.04s
[2020-07-26T13:18:10.877-0500][gc,start      ] GC(26) Pause Young (Normal) (G1 Evacuation Pause)
[2020-07-26T13:18:10.877-0500][gc,task       ] GC(26) Using 4 workers of 4 for evacuation
[2020-07-26T13:18:10.902-0500][gc,mmu        ] GC(26) MMU target violated: 21.0ms (20.0ms/21.0ms)
[2020-07-26T13:18:10.902-0500][gc,phases     ] GC(26)   Pre Evacuate Collection Set: 0.1ms
[2020-07-26T13:18:10.902-0500][gc,phases     ] GC(26)   Evacuate Collection Set: 23.2ms
[2020-07-26T13:18:10.902-0500][gc,phases     ] GC(26)   Post Evacuate Collection Set: 0.8ms
[2020-07-26T13:18:10.902-0500][gc,phases     ] GC(26)   Other: 0.6ms
[2020-07-26T13:18:10.902-0500][gc,heap       ] GC(26) Eden regions: 45->0(46)
[2020-07-26T13:18:10.902-0500][gc,heap       ] GC(26) Survivor regions: 6->5(7)
[2020-07-26T13:18:10.902-0500][gc,heap       ] GC(26) Old regions: 49->51
[2020-07-26T13:18:10.902-0500][gc,heap       ] GC(26) Humongous regions: 129->129
[2020-07-26T13:18:10.902-0500][gc,metaspace  ] GC(26) Metaspace: 48302K->48302K(1093632K)
[2020-07-26T13:18:10.902-0500][gc            ] GC(26) Pause Young (Normal) (G1 Evacuation Pause) 226M->183M(1024M) 24.842ms
[2020-07-26T13:18:10.902-0500][gc,cpu        ] GC(26) User=0.08s Sys=0.01s Real=0.03s
[2020-07-26T13:19:21.129-0500][gc,start      ] GC(27) Pause Young (Normal) (G1 Evacuation Pause)
[2020-07-26T13:19:21.129-0500][gc,task       ] GC(27) Using 4 workers of 4 for evacuation
[2020-07-26T13:19:21.161-0500][gc,mmu        ] GC(27) MMU target violated: 21.0ms (20.0ms/21.0ms)
[2020-07-26T13:19:21.161-0500][gc,phases     ] GC(27)   Pre Evacuate Collection Set: 0.1ms
[2020-07-26T13:19:21.161-0500][gc,phases     ] GC(27)   Evacuate Collection Set: 30.6ms
[2020-07-26T13:19:21.161-0500][gc,phases     ] GC(27)   Post Evacuate Collection Set: 0.9ms
[2020-07-26T13:19:21.161-0500][gc,phases     ] GC(27)   Other: 0.7ms
[2020-07-26T13:19:21.161-0500][gc,heap       ] GC(27) Eden regions: 46->0(46)
[2020-07-26T13:19:21.161-0500][gc,heap       ] GC(27) Survivor regions: 5->5(7)
[2020-07-26T13:19:21.161-0500][gc,heap       ] GC(27) Old regions: 51->54
[2020-07-26T13:19:21.161-0500][gc,heap       ] GC(27) Humongous regions: 129->129
[2020-07-26T13:19:21.161-0500][gc,metaspace  ] GC(27) Metaspace: 48309K->48309K(1093632K)
[2020-07-26T13:19:21.161-0500][gc            ] GC(27) Pause Young (Normal) (G1 Evacuation Pause) 229M->185M(1024M) 32.467ms
[2020-07-26T13:19:21.161-0500][gc,cpu        ] GC(27) User=0.09s Sys=0.00s Real=0.03s
[2020-07-26T13:20:31.028-0500][gc,start      ] GC(28) Pause Young (Normal) (G1 Evacuation Pause)
[2020-07-26T13:20:31.028-0500][gc,task       ] GC(28) Using 4 workers of 4 for evacuation
[2020-07-26T13:20:31.065-0500][gc,mmu        ] GC(28) MMU target violated: 21.0ms (20.0ms/21.0ms)
[2020-07-26T13:20:31.065-0500][gc,phases     ] GC(28)   Pre Evacuate Collection Set: 0.1ms
[2020-07-26T13:20:31.065-0500][gc,phases     ] GC(28)   Evacuate Collection Set: 35.5ms
[2020-07-26T13:20:31.065-0500][gc,phases     ] GC(28)   Post Evacuate Collection Set: 0.7ms
[2020-07-26T13:20:31.065-0500][gc,phases     ] GC(28)   Other: 0.6ms
[2020-07-26T13:20:31.065-0500][gc,heap       ] GC(28) Eden regions: 46->0(46)
[2020-07-26T13:20:31.065-0500][gc,heap       ] GC(28) Survivor regions: 5->5(7)
[2020-07-26T13:20:31.065-0500][gc,heap       ] GC(28) Old regions: 54->56
[2020-07-26T13:20:31.065-0500][gc,heap       ] GC(28) Humongous regions: 129->129
[2020-07-26T13:20:31.065-0500][gc,metaspace  ] GC(28) Metaspace: 48328K->48328K(1093632K)
[2020-07-26T13:20:31.065-0500][gc            ] GC(28) Pause Young (Normal) (G1 Evacuation Pause) 231M->188M(1024M) 37.035ms
[2020-07-26T13:20:31.065-0500][gc,cpu        ] GC(28) User=0.09s Sys=0.01s Real=0.03s
[2020-07-26T13:21:38.387-0500][gc,start      ] GC(29) Pause Young (Normal) (G1 Evacuation Pause)
[2020-07-26T13:21:38.387-0500][gc,task       ] GC(29) Using 4 workers of 4 for evacuation
[2020-07-26T13:21:38.458-0500][gc,mmu        ] GC(29) MMU target violated: 21.0ms (20.0ms/21.0ms)
[2020-07-26T13:21:38.458-0500][gc,phases     ] GC(29)   Pre Evacuate Collection Set: 0.1ms
[2020-07-26T13:21:38.458-0500][gc,phases     ] GC(29)   Evacuate Collection Set: 70.3ms
[2020-07-26T13:21:38.458-0500][gc,phases     ] GC(29)   Post Evacuate Collection Set: 0.6ms
[2020-07-26T13:21:38.458-0500][gc,phases     ] GC(29)   Other: 0.6ms
[2020-07-26T13:21:38.458-0500][gc,heap       ] GC(29) Eden regions: 46->0(45)
[2020-07-26T13:21:38.458-0500][gc,heap       ] GC(29) Survivor regions: 5->6(7)
[2020-07-26T13:21:38.458-0500][gc,heap       ] GC(29) Old regions: 56->59
[2020-07-26T13:21:38.458-0500][gc,heap       ] GC(29) Humongous regions: 129->129
[2020-07-26T13:21:38.459-0500][gc,metaspace  ] GC(29) Metaspace: 48328K->48328K(1093632K)
[2020-07-26T13:21:38.459-0500][gc            ] GC(29) Pause Young (Normal) (G1 Evacuation Pause) 234M->191M(1024M) 71.791ms
[2020-07-26T13:21:38.459-0500][gc,cpu        ] GC(29) User=0.10s Sys=0.00s Real=0.07s
[2020-07-26T13:22:46.646-0500][gc,start      ] GC(30) Pause Young (Normal) (G1 Evacuation Pause)
[2020-07-26T13:22:46.646-0500][gc,task       ] GC(30) Using 4 workers of 4 for evacuation
[2020-07-26T13:22:46.675-0500][gc,mmu        ] GC(30) MMU target violated: 21.0ms (20.0ms/21.0ms)
[2020-07-26T13:22:46.675-0500][gc,phases     ] GC(30)   Pre Evacuate Collection Set: 0.1ms
[2020-07-26T13:22:46.675-0500][gc,phases     ] GC(30)   Evacuate Collection Set: 28.1ms
[2020-07-26T13:22:46.675-0500][gc,phases     ] GC(30)   Post Evacuate Collection Set: 0.6ms
[2020-07-26T13:22:46.675-0500][gc,phases     ] GC(30)   Other: 0.6ms
[2020-07-26T13:22:46.675-0500][gc,heap       ] GC(30) Eden regions: 45->0(46)
[2020-07-26T13:22:46.675-0500][gc,heap       ] GC(30) Survivor regions: 6->5(7)
[2020-07-26T13:22:46.675-0500][gc,heap       ] GC(30) Old regions: 59->61
[2020-07-26T13:22:46.675-0500][gc,heap       ] GC(30) Humongous regions: 129->129
[2020-07-26T13:22:46.675-0500][gc,metaspace  ] GC(30) Metaspace: 48328K->48328K(1093632K)
[2020-07-26T13:22:46.675-0500][gc            ] GC(30) Pause Young (Normal) (G1 Evacuation Pause) 236M->193M(1024M) 29.618ms
[2020-07-26T13:22:46.675-0500][gc,cpu        ] GC(30) User=0.09s Sys=0.00s Real=0.03s
[2020-07-26T13:23:55.913-0500][gc,start      ] GC(31) Pause Young (Normal) (G1 Evacuation Pause)
[2020-07-26T13:23:55.913-0500][gc,task       ] GC(31) Using 4 workers of 4 for evacuation
[2020-07-26T13:23:55.938-0500][gc,mmu        ] GC(31) MMU target violated: 21.0ms (20.0ms/21.0ms)
[2020-07-26T13:23:55.938-0500][gc,phases     ] GC(31)   Pre Evacuate Collection Set: 0.1ms
[2020-07-26T13:23:55.938-0500][gc,phases     ] GC(31)   Evacuate Collection Set: 23.6ms
[2020-07-26T13:23:55.938-0500][gc,phases     ] GC(31)   Post Evacuate Collection Set: 0.8ms
[2020-07-26T13:23:55.938-0500][gc,phases     ] GC(31)   Other: 0.7ms
[2020-07-26T13:23:55.938-0500][gc,heap       ] GC(31) Eden regions: 46->0(46)
[2020-07-26T13:23:55.938-0500][gc,heap       ] GC(31) Survivor regions: 5->5(7)
[2020-07-26T13:23:55.938-0500][gc,heap       ] GC(31) Old regions: 61->64
[2020-07-26T13:23:55.938-0500][gc,heap       ] GC(31) Humongous regions: 129->129
[2020-07-26T13:23:55.938-0500][gc,metaspace  ] GC(31) Metaspace: 48335K->48335K(1093632K)
[2020-07-26T13:23:55.938-0500][gc            ] GC(31) Pause Young (Normal) (G1 Evacuation Pause) 239M->195M(1024M) 25.286ms
[2020-07-26T13:23:55.938-0500][gc,cpu        ] GC(31) User=0.09s Sys=0.00s Real=0.02s
[2020-07-26T13:25:04.282-0500][gc,start      ] GC(32) Pause Young (Normal) (G1 Evacuation Pause)
[2020-07-26T13:25:04.282-0500][gc,task       ] GC(32) Using 4 workers of 4 for evacuation
[2020-07-26T13:25:04.309-0500][gc,mmu        ] GC(32) MMU target violated: 21.0ms (20.0ms/21.0ms)
[2020-07-26T13:25:04.310-0500][gc,phases     ] GC(32)   Pre Evacuate Collection Set: 0.1ms
[2020-07-26T13:25:04.310-0500][gc,phases     ] GC(32)   Evacuate Collection Set: 26.1ms
[2020-07-26T13:25:04.310-0500][gc,phases     ] GC(32)   Post Evacuate Collection Set: 0.8ms
[2020-07-26T13:25:04.310-0500][gc,phases     ] GC(32)   Other: 0.5ms
[2020-07-26T13:25:04.310-0500][gc,heap       ] GC(32) Eden regions: 46->0(46)
[2020-07-26T13:25:04.310-0500][gc,heap       ] GC(32) Survivor regions: 5->5(7)
[2020-07-26T13:25:04.310-0500][gc,heap       ] GC(32) Old regions: 64->66
[2020-07-26T13:25:04.310-0500][gc,heap       ] GC(32) Humongous regions: 129->129
[2020-07-26T13:25:04.310-0500][gc,metaspace  ] GC(32) Metaspace: 48336K->48336K(1093632K)
[2020-07-26T13:25:04.310-0500][gc            ] GC(32) Pause Young (Normal) (G1 Evacuation Pause) 241M->198M(1024M) 27.648ms
[2020-07-26T13:25:04.310-0500][gc,cpu        ] GC(32) User=0.09s Sys=0.00s Real=0.03s
[2020-07-26T13:26:11.629-0500][gc,start      ] GC(33) Pause Young (Normal) (G1 Evacuation Pause)
[2020-07-26T13:26:11.629-0500][gc,task       ] GC(33) Using 4 workers of 4 for evacuation
[2020-07-26T13:26:11.665-0500][gc,mmu        ] GC(33) MMU target violated: 21.0ms (20.0ms/21.0ms)
[2020-07-26T13:26:11.665-0500][gc,phases     ] GC(33)   Pre Evacuate Collection Set: 0.1ms
[2020-07-26T13:26:11.665-0500][gc,phases     ] GC(33)   Evacuate Collection Set: 34.8ms
[2020-07-26T13:26:11.665-0500][gc,phases     ] GC(33)   Post Evacuate Collection Set: 0.9ms
[2020-07-26T13:26:11.665-0500][gc,phases     ] GC(33)   Other: 0.7ms
[2020-07-26T13:26:11.665-0500][gc,heap       ] GC(33) Eden regions: 46->0(45)
[2020-07-26T13:26:11.665-0500][gc,heap       ] GC(33) Survivor regions: 5->6(7)
[2020-07-26T13:26:11.665-0500][gc,heap       ] GC(33) Old regions: 66->68
[2020-07-26T13:26:11.665-0500][gc,heap       ] GC(33) Humongous regions: 129->129
[2020-07-26T13:26:11.665-0500][gc,metaspace  ] GC(33) Metaspace: 48336K->48336K(1093632K)
[2020-07-26T13:26:11.665-0500][gc            ] GC(33) Pause Young (Normal) (G1 Evacuation Pause) 244M->200M(1024M) 36.622ms
[2020-07-26T13:26:11.665-0500][gc,cpu        ] GC(33) User=0.09s Sys=0.01s Real=0.03s
[2020-07-26T13:27:18.944-0500][gc,start      ] GC(34) Pause Young (Normal) (G1 Evacuation Pause)
[2020-07-26T13:27:18.944-0500][gc,task       ] GC(34) Using 4 workers of 4 for evacuation
[2020-07-26T13:27:18.980-0500][gc,mmu        ] GC(34) MMU target violated: 21.0ms (20.0ms/21.0ms)
[2020-07-26T13:27:18.980-0500][gc,phases     ] GC(34)   Pre Evacuate Collection Set: 0.1ms
[2020-07-26T13:27:18.980-0500][gc,phases     ] GC(34)   Evacuate Collection Set: 34.7ms
[2020-07-26T13:27:18.980-0500][gc,phases     ] GC(34)   Post Evacuate Collection Set: 0.9ms
[2020-07-26T13:27:18.980-0500][gc,phases     ] GC(34)   Other: 0.6ms
[2020-07-26T13:27:18.980-0500][gc,heap       ] GC(34) Eden regions: 45->0(46)
[2020-07-26T13:27:18.980-0500][gc,heap       ] GC(34) Survivor regions: 6->5(7)
[2020-07-26T13:27:18.980-0500][gc,heap       ] GC(34) Old regions: 68->71
[2020-07-26T13:27:18.980-0500][gc,heap       ] GC(34) Humongous regions: 129->129
[2020-07-26T13:27:18.980-0500][gc,metaspace  ] GC(34) Metaspace: 48338K->48338K(1093632K)
[2020-07-26T13:27:18.980-0500][gc            ] GC(34) Pause Young (Normal) (G1 Evacuation Pause) 245M->203M(1024M) 36.453ms
[2020-07-26T13:27:18.981-0500][gc,cpu        ] GC(34) User=0.11s Sys=0.00s Real=0.04s
[2020-07-26T13:28:26.336-0500][gc,start      ] GC(35) Pause Young (Normal) (G1 Evacuation Pause)
[2020-07-26T13:28:26.337-0500][gc,task       ] GC(35) Using 4 workers of 4 for evacuation
[2020-07-26T13:28:26.362-0500][gc,mmu        ] GC(35) MMU target violated: 21.0ms (20.0ms/21.0ms)
[2020-07-26T13:28:26.362-0500][gc,phases     ] GC(35)   Pre Evacuate Collection Set: 0.1ms
[2020-07-26T13:28:26.362-0500][gc,phases     ] GC(35)   Evacuate Collection Set: 24.5ms
[2020-07-26T13:28:26.362-0500][gc,phases     ] GC(35)   Post Evacuate Collection Set: 0.8ms
[2020-07-26T13:28:26.362-0500][gc,phases     ] GC(35)   Other: 0.5ms
[2020-07-26T13:28:26.362-0500][gc,heap       ] GC(35) Eden regions: 46->0(46)
[2020-07-26T13:28:26.362-0500][gc,heap       ] GC(35) Survivor regions: 5->5(7)
[2020-07-26T13:28:26.362-0500][gc,heap       ] GC(35) Old regions: 71->73
[2020-07-26T13:28:26.363-0500][gc,heap       ] GC(35) Humongous regions: 129->129
[2020-07-26T13:28:26.363-0500][gc,metaspace  ] GC(35) Metaspace: 48350K->48350K(1093632K)
[2020-07-26T13:28:26.363-0500][gc            ] GC(35) Pause Young (Normal) (G1 Evacuation Pause) 249M->205M(1024M) 26.120ms
[2020-07-26T13:28:26.363-0500][gc,cpu        ] GC(35) User=0.08s Sys=0.01s Real=0.03s
[2020-07-26T13:29:33.372-0500][gc,start      ] GC(36) Pause Young (Normal) (G1 Evacuation Pause)
[2020-07-26T13:29:33.372-0500][gc,task       ] GC(36) Using 4 workers of 4 for evacuation
[2020-07-26T13:29:33.401-0500][gc,mmu        ] GC(36) MMU target violated: 21.0ms (20.0ms/21.0ms)
[2020-07-26T13:29:33.401-0500][gc,phases     ] GC(36)   Pre Evacuate Collection Set: 0.1ms
[2020-07-26T13:29:33.401-0500][gc,phases     ] GC(36)   Evacuate Collection Set: 27.5ms
[2020-07-26T13:29:33.401-0500][gc,phases     ] GC(36)   Post Evacuate Collection Set: 0.8ms
[2020-07-26T13:29:33.401-0500][gc,phases     ] GC(36)   Other: 0.6ms
[2020-07-26T13:29:33.401-0500][gc,heap       ] GC(36) Eden regions: 46->0(46)
[2020-07-26T13:29:33.401-0500][gc,heap       ] GC(36) Survivor regions: 5->5(7)
[2020-07-26T13:29:33.401-0500][gc,heap       ] GC(36) Old regions: 73->76
[2020-07-26T13:29:33.401-0500][gc,heap       ] GC(36) Humongous regions: 129->129
[2020-07-26T13:29:33.401-0500][gc,metaspace  ] GC(36) Metaspace: 48358K->48358K(1093632K)
[2020-07-26T13:29:33.401-0500][gc            ] GC(36) Pause Young (Normal) (G1 Evacuation Pause) 251M->207M(1024M) 29.149ms
[2020-07-26T13:29:33.401-0500][gc,cpu        ] GC(36) User=0.09s Sys=0.00s Real=0.03s
[2020-07-26T13:30:40.736-0500][gc,start      ] GC(37) Pause Young (Normal) (G1 Evacuation Pause)
[2020-07-26T13:30:40.736-0500][gc,task       ] GC(37) Using 4 workers of 4 for evacuation
[2020-07-26T13:30:40.768-0500][gc,mmu        ] GC(37) MMU target violated: 21.0ms (20.0ms/21.0ms)
[2020-07-26T13:30:40.768-0500][gc,phases     ] GC(37)   Pre Evacuate Collection Set: 0.1ms
[2020-07-26T13:30:40.768-0500][gc,phases     ] GC(37)   Evacuate Collection Set: 31.3ms
[2020-07-26T13:30:40.768-0500][gc,phases     ] GC(37)   Post Evacuate Collection Set: 0.6ms
[2020-07-26T13:30:40.768-0500][gc,phases     ] GC(37)   Other: 0.6ms
[2020-07-26T13:30:40.768-0500][gc,heap       ] GC(37) Eden regions: 46->0(46)
[2020-07-26T13:30:40.768-0500][gc,heap       ] GC(37) Survivor regions: 5->5(7)
[2020-07-26T13:30:40.768-0500][gc,heap       ] GC(37) Old regions: 76->78
[2020-07-26T13:30:40.768-0500][gc,heap       ] GC(37) Humongous regions: 129->129
[2020-07-26T13:30:40.768-0500][gc,metaspace  ] GC(37) Metaspace: 48367K->48367K(1093632K)
[2020-07-26T13:30:40.768-0500][gc            ] GC(37) Pause Young (Normal) (G1 Evacuation Pause) 253M->210M(1024M) 32.825ms
[2020-07-26T13:30:40.768-0500][gc,cpu        ] GC(37) User=0.09s Sys=0.00s Real=0.04s
[2020-07-26T13:31:47.433-0500][gc,start      ] GC(38) Pause Young (Normal) (G1 Evacuation Pause)
[2020-07-26T13:31:47.434-0500][gc,task       ] GC(38) Using 4 workers of 4 for evacuation
[2020-07-26T13:31:47.459-0500][gc,mmu        ] GC(38) MMU target violated: 21.0ms (20.0ms/21.0ms)
[2020-07-26T13:31:47.459-0500][gc,phases     ] GC(38)   Pre Evacuate Collection Set: 0.1ms
[2020-07-26T13:31:47.459-0500][gc,phases     ] GC(38)   Evacuate Collection Set: 24.2ms
[2020-07-26T13:31:47.459-0500][gc,phases     ] GC(38)   Post Evacuate Collection Set: 0.6ms
[2020-07-26T13:31:47.459-0500][gc,phases     ] GC(38)   Other: 0.6ms
[2020-07-26T13:31:47.459-0500][gc,heap       ] GC(38) Eden regions: 46->0(46)
[2020-07-26T13:31:47.459-0500][gc,heap       ] GC(38) Survivor regions: 5->5(7)
[2020-07-26T13:31:47.459-0500][gc,heap       ] GC(38) Old regions: 78->81
[2020-07-26T13:31:47.459-0500][gc,heap       ] GC(38) Humongous regions: 129->129
[2020-07-26T13:31:47.459-0500][gc,metaspace  ] GC(38) Metaspace: 48372K->48372K(1093632K)
[2020-07-26T13:31:47.459-0500][gc            ] GC(38) Pause Young (Normal) (G1 Evacuation Pause) 256M->212M(1024M) 25.655ms
[2020-07-26T13:31:47.459-0500][gc,cpu        ] GC(38) User=0.08s Sys=0.01s Real=0.02s
[2020-07-26T13:32:54.611-0500][gc,start      ] GC(39) Pause Young (Normal) (G1 Evacuation Pause)
[2020-07-26T13:32:54.611-0500][gc,task       ] GC(39) Using 4 workers of 4 for evacuation
[2020-07-26T13:32:54.646-0500][gc,mmu        ] GC(39) MMU target violated: 21.0ms (20.0ms/21.0ms)
[2020-07-26T13:32:54.646-0500][gc,phases     ] GC(39)   Pre Evacuate Collection Set: 0.1ms
[2020-07-26T13:32:54.646-0500][gc,phases     ] GC(39)   Evacuate Collection Set: 34.2ms
[2020-07-26T13:32:54.646-0500][gc,phases     ] GC(39)   Post Evacuate Collection Set: 0.8ms
[2020-07-26T13:32:54.646-0500][gc,phases     ] GC(39)   Other: 0.7ms
[2020-07-26T13:32:54.646-0500][gc,heap       ] GC(39) Eden regions: 46->0(46)
[2020-07-26T13:32:54.646-0500][gc,heap       ] GC(39) Survivor regions: 5->5(7)
[2020-07-26T13:32:54.646-0500][gc,heap       ] GC(39) Old regions: 81->83
[2020-07-26T13:32:54.646-0500][gc,heap       ] GC(39) Humongous regions: 129->129
[2020-07-26T13:32:54.647-0500][gc,metaspace  ] GC(39) Metaspace: 48375K->48375K(1093632K)
[2020-07-26T13:32:54.647-0500][gc            ] GC(39) Pause Young (Normal) (G1 Evacuation Pause) 258M->215M(1024M) 35.907ms
[2020-07-26T13:32:54.647-0500][gc,cpu        ] GC(39) User=0.08s Sys=0.00s Real=0.03s
[2020-07-26T13:34:01.237-0500][gc,start      ] GC(40) Pause Young (Normal) (G1 Evacuation Pause)
[2020-07-26T13:34:01.237-0500][gc,task       ] GC(40) Using 4 workers of 4 for evacuation
[2020-07-26T13:34:01.270-0500][gc,mmu        ] GC(40) MMU target violated: 21.0ms (20.0ms/21.0ms)
[2020-07-26T13:34:01.270-0500][gc,phases     ] GC(40)   Pre Evacuate Collection Set: 0.1ms
[2020-07-26T13:34:01.270-0500][gc,phases     ] GC(40)   Evacuate Collection Set: 31.8ms
[2020-07-26T13:34:01.270-0500][gc,phases     ] GC(40)   Post Evacuate Collection Set: 0.7ms
[2020-07-26T13:34:01.270-0500][gc,phases     ] GC(40)   Other: 0.6ms
[2020-07-26T13:34:01.270-0500][gc,heap       ] GC(40) Eden regions: 46->0(46)
[2020-07-26T13:34:01.270-0500][gc,heap       ] GC(40) Survivor regions: 5->5(7)
[2020-07-26T13:34:01.270-0500][gc,heap       ] GC(40) Old regions: 83->86
[2020-07-26T13:34:01.270-0500][gc,heap       ] GC(40) Humongous regions: 129->129
[2020-07-26T13:34:01.270-0500][gc,metaspace  ] GC(40) Metaspace: 48387K->48387K(1093632K)
[2020-07-26T13:34:01.270-0500][gc            ] GC(40) Pause Young (Normal) (G1 Evacuation Pause) 261M->217M(1024M) 33.334ms
[2020-07-26T13:34:01.270-0500][gc,cpu        ] GC(40) User=0.08s Sys=0.01s Real=0.04s
[2020-07-26T13:35:07.973-0500][gc,start      ] GC(41) Pause Young (Normal) (G1 Evacuation Pause)
[2020-07-26T13:35:07.973-0500][gc,task       ] GC(41) Using 4 workers of 4 for evacuation
[2020-07-26T13:35:08.003-0500][gc,mmu        ] GC(41) MMU target violated: 21.0ms (20.0ms/21.0ms)
[2020-07-26T13:35:08.004-0500][gc,phases     ] GC(41)   Pre Evacuate Collection Set: 0.1ms
[2020-07-26T13:35:08.004-0500][gc,phases     ] GC(41)   Evacuate Collection Set: 29.1ms
[2020-07-26T13:35:08.004-0500][gc,phases     ] GC(41)   Post Evacuate Collection Set: 0.9ms
[2020-07-26T13:35:08.004-0500][gc,phases     ] GC(41)   Other: 0.6ms
[2020-07-26T13:35:08.004-0500][gc,heap       ] GC(41) Eden regions: 46->0(46)
[2020-07-26T13:35:08.004-0500][gc,heap       ] GC(41) Survivor regions: 5->5(7)
[2020-07-26T13:35:08.004-0500][gc,heap       ] GC(41) Old regions: 86->88
[2020-07-26T13:35:08.004-0500][gc,heap       ] GC(41) Humongous regions: 129->129
[2020-07-26T13:35:08.004-0500][gc,metaspace  ] GC(41) Metaspace: 48391K->48391K(1093632K)
[2020-07-26T13:35:08.004-0500][gc            ] GC(41) Pause Young (Normal) (G1 Evacuation Pause) 263M->220M(1024M) 30.935ms
[2020-07-26T13:35:08.004-0500][gc,cpu        ] GC(41) User=0.10s Sys=0.00s Real=0.03s
[2020-07-26T13:36:15.211-0500][gc,start      ] GC(42) Pause Young (Normal) (G1 Evacuation Pause)
[2020-07-26T13:36:15.211-0500][gc,task       ] GC(42) Using 4 workers of 4 for evacuation
[2020-07-26T13:36:15.241-0500][gc,mmu        ] GC(42) MMU target violated: 21.0ms (20.0ms/21.0ms)
[2020-07-26T13:36:15.242-0500][gc,phases     ] GC(42)   Pre Evacuate Collection Set: 0.1ms
[2020-07-26T13:36:15.242-0500][gc,phases     ] GC(42)   Evacuate Collection Set: 29.1ms
[2020-07-26T13:36:15.242-0500][gc,phases     ] GC(42)   Post Evacuate Collection Set: 0.6ms
[2020-07-26T13:36:15.242-0500][gc,phases     ] GC(42)   Other: 0.6ms
[2020-07-26T13:36:15.242-0500][gc,heap       ] GC(42) Eden regions: 46->0(46)
[2020-07-26T13:36:15.242-0500][gc,heap       ] GC(42) Survivor regions: 5->5(7)
[2020-07-26T13:36:15.242-0500][gc,heap       ] GC(42) Old regions: 88->91
[2020-07-26T13:36:15.242-0500][gc,heap       ] GC(42) Humongous regions: 129->129
[2020-07-26T13:36:15.242-0500][gc,metaspace  ] GC(42) Metaspace: 48398K->48398K(1093632K)
[2020-07-26T13:36:15.242-0500][gc            ] GC(42) Pause Young (Normal) (G1 Evacuation Pause) 266M->222M(1024M) 30.514ms
[2020-07-26T13:36:15.242-0500][gc,cpu        ] GC(42) User=0.08s Sys=0.00s Real=0.03s
[2020-07-26T13:37:21.569-0500][gc,start      ] GC(43) Pause Young (Normal) (G1 Evacuation Pause)
[2020-07-26T13:37:21.569-0500][gc,task       ] GC(43) Using 4 workers of 4 for evacuation
[2020-07-26T13:37:21.596-0500][gc,mmu        ] GC(43) MMU target violated: 21.0ms (20.0ms/21.0ms)
[2020-07-26T13:37:21.596-0500][gc,phases     ] GC(43)   Pre Evacuate Collection Set: 0.1ms
[2020-07-26T13:37:21.596-0500][gc,phases     ] GC(43)   Evacuate Collection Set: 25.9ms
[2020-07-26T13:37:21.596-0500][gc,phases     ] GC(43)   Post Evacuate Collection Set: 0.7ms
[2020-07-26T13:37:21.596-0500][gc,phases     ] GC(43)   Other: 0.6ms
[2020-07-26T13:37:21.596-0500][gc,heap       ] GC(43) Eden regions: 46->0(46)
[2020-07-26T13:37:21.596-0500][gc,heap       ] GC(43) Survivor regions: 5->5(7)
[2020-07-26T13:37:21.596-0500][gc,heap       ] GC(43) Old regions: 91->93
[2020-07-26T13:37:21.596-0500][gc,heap       ] GC(43) Humongous regions: 129->129
[2020-07-26T13:37:21.596-0500][gc,metaspace  ] GC(43) Metaspace: 48399K->48399K(1093632K)
[2020-07-26T13:37:21.596-0500][gc            ] GC(43) Pause Young (Normal) (G1 Evacuation Pause) 268M->225M(1024M) 27.407ms
[2020-07-26T13:37:21.597-0500][gc,cpu        ] GC(43) User=0.09s Sys=0.01s Real=0.02s
[2020-07-26T13:38:27.711-0500][gc,start      ] GC(44) Pause Young (Normal) (G1 Evacuation Pause)
[2020-07-26T13:38:27.712-0500][gc,task       ] GC(44) Using 4 workers of 4 for evacuation
[2020-07-26T13:38:27.735-0500][gc,mmu        ] GC(44) MMU target violated: 21.0ms (20.0ms/21.0ms)
[2020-07-26T13:38:27.735-0500][gc,phases     ] GC(44)   Pre Evacuate Collection Set: 0.1ms
[2020-07-26T13:38:27.735-0500][gc,phases     ] GC(44)   Evacuate Collection Set: 22.1ms
[2020-07-26T13:38:27.735-0500][gc,phases     ] GC(44)   Post Evacuate Collection Set: 0.6ms
[2020-07-26T13:38:27.735-0500][gc,phases     ] GC(44)   Other: 0.6ms
[2020-07-26T13:38:27.735-0500][gc,heap       ] GC(44) Eden regions: 46->0(46)
[2020-07-26T13:38:27.735-0500][gc,heap       ] GC(44) Survivor regions: 5->5(7)
[2020-07-26T13:38:27.735-0500][gc,heap       ] GC(44) Old regions: 93->95
[2020-07-26T13:38:27.735-0500][gc,heap       ] GC(44) Humongous regions: 129->129
[2020-07-26T13:38:27.735-0500][gc,metaspace  ] GC(44) Metaspace: 48409K->48409K(1093632K)
[2020-07-26T13:38:27.735-0500][gc            ] GC(44) Pause Young (Normal) (G1 Evacuation Pause) 271M->227M(1024M) 23.540ms
[2020-07-26T13:38:27.735-0500][gc,cpu        ] GC(44) User=0.09s Sys=0.00s Real=0.02s
[2020-07-26T13:39:34.592-0500][gc,start      ] GC(45) Pause Young (Normal) (G1 Evacuation Pause)
[2020-07-26T13:39:34.592-0500][gc,task       ] GC(45) Using 4 workers of 4 for evacuation
[2020-07-26T13:39:34.627-0500][gc,mmu        ] GC(45) MMU target violated: 21.0ms (20.0ms/21.0ms)
[2020-07-26T13:39:34.627-0500][gc,phases     ] GC(45)   Pre Evacuate Collection Set: 0.1ms
[2020-07-26T13:39:34.627-0500][gc,phases     ] GC(45)   Evacuate Collection Set: 33.5ms
[2020-07-26T13:39:34.627-0500][gc,phases     ] GC(45)   Post Evacuate Collection Set: 0.8ms
[2020-07-26T13:39:34.627-0500][gc,phases     ] GC(45)   Other: 0.7ms
[2020-07-26T13:39:34.627-0500][gc,heap       ] GC(45) Eden regions: 46->0(46)
[2020-07-26T13:39:34.627-0500][gc,heap       ] GC(45) Survivor regions: 5->5(7)
[2020-07-26T13:39:34.627-0500][gc,heap       ] GC(45) Old regions: 95->98
[2020-07-26T13:39:34.627-0500][gc,heap       ] GC(45) Humongous regions: 129->129
[2020-07-26T13:39:34.627-0500][gc,metaspace  ] GC(45) Metaspace: 48410K->48410K(1093632K)
[2020-07-26T13:39:34.627-0500][gc            ] GC(45) Pause Young (Normal) (G1 Evacuation Pause) 273M->230M(1024M) 35.177ms
[2020-07-26T13:39:34.627-0500][gc,cpu        ] GC(45) User=0.08s Sys=0.01s Real=0.03s
[2020-07-26T13:40:41.004-0500][gc,start      ] GC(46) Pause Young (Normal) (G1 Evacuation Pause)
[2020-07-26T13:40:41.004-0500][gc,task       ] GC(46) Using 4 workers of 4 for evacuation
[2020-07-26T13:40:41.028-0500][gc,mmu        ] GC(46) MMU target violated: 21.0ms (20.0ms/21.0ms)
[2020-07-26T13:40:41.028-0500][gc,phases     ] GC(46)   Pre Evacuate Collection Set: 0.1ms
[2020-07-26T13:40:41.028-0500][gc,phases     ] GC(46)   Evacuate Collection Set: 22.5ms
[2020-07-26T13:40:41.028-0500][gc,phases     ] GC(46)   Post Evacuate Collection Set: 0.7ms
[2020-07-26T13:40:41.028-0500][gc,phases     ] GC(46)   Other: 0.6ms
[2020-07-26T13:40:41.028-0500][gc,heap       ] GC(46) Eden regions: 46->0(46)
[2020-07-26T13:40:41.028-0500][gc,heap       ] GC(46) Survivor regions: 5->5(7)
[2020-07-26T13:40:41.028-0500][gc,heap       ] GC(46) Old regions: 98->100
[2020-07-26T13:40:41.028-0500][gc,heap       ] GC(46) Humongous regions: 129->129
[2020-07-26T13:40:41.028-0500][gc,metaspace  ] GC(46) Metaspace: 48410K->48410K(1093632K)
[2020-07-26T13:40:41.028-0500][gc            ] GC(46) Pause Young (Normal) (G1 Evacuation Pause) 276M->232M(1024M) 24.076ms
[2020-07-26T13:40:41.028-0500][gc,cpu        ] GC(46) User=0.08s Sys=0.01s Real=0.03s
[2020-07-26T13:41:47.761-0500][gc,start      ] GC(47) Pause Young (Normal) (G1 Evacuation Pause)
[2020-07-26T13:41:47.761-0500][gc,task       ] GC(47) Using 4 workers of 4 for evacuation
[2020-07-26T13:41:47.791-0500][gc,mmu        ] GC(47) MMU target violated: 21.0ms (20.0ms/21.0ms)
[2020-07-26T13:41:47.791-0500][gc,phases     ] GC(47)   Pre Evacuate Collection Set: 0.1ms
[2020-07-26T13:41:47.791-0500][gc,phases     ] GC(47)   Evacuate Collection Set: 29.0ms
[2020-07-26T13:41:47.791-0500][gc,phases     ] GC(47)   Post Evacuate Collection Set: 0.8ms
[2020-07-26T13:41:47.791-0500][gc,phases     ] GC(47)   Other: 0.7ms
[2020-07-26T13:41:47.791-0500][gc,heap       ] GC(47) Eden regions: 46->0(46)
[2020-07-26T13:41:47.791-0500][gc,heap       ] GC(47) Survivor regions: 5->5(7)
[2020-07-26T13:41:47.791-0500][gc,heap       ] GC(47) Old regions: 100->103
[2020-07-26T13:41:47.791-0500][gc,heap       ] GC(47) Humongous regions: 129->129
[2020-07-26T13:41:47.791-0500][gc,metaspace  ] GC(47) Metaspace: 48482K->48482K(1093632K)
[2020-07-26T13:41:47.791-0500][gc            ] GC(47) Pause Young (Normal) (G1 Evacuation Pause) 278M->235M(1024M) 30.662ms
[2020-07-26T13:41:47.791-0500][gc,cpu        ] GC(47) User=0.09s Sys=0.00s Real=0.03s
[2020-07-26T13:42:55.585-0500][gc,start      ] GC(48) Pause Young (Normal) (G1 Evacuation Pause)
[2020-07-26T13:42:55.585-0500][gc,task       ] GC(48) Using 4 workers of 4 for evacuation
[2020-07-26T13:42:55.619-0500][gc,mmu        ] GC(48) MMU target violated: 21.0ms (20.0ms/21.0ms)
[2020-07-26T13:42:55.619-0500][gc,phases     ] GC(48)   Pre Evacuate Collection Set: 0.1ms
[2020-07-26T13:42:55.619-0500][gc,phases     ] GC(48)   Evacuate Collection Set: 32.7ms
[2020-07-26T13:42:55.619-0500][gc,phases     ] GC(48)   Post Evacuate Collection Set: 0.8ms
[2020-07-26T13:42:55.619-0500][gc,phases     ] GC(48)   Other: 0.6ms
[2020-07-26T13:42:55.619-0500][gc,heap       ] GC(48) Eden regions: 46->0(46)
[2020-07-26T13:42:55.619-0500][gc,heap       ] GC(48) Survivor regions: 5->5(7)
[2020-07-26T13:42:55.620-0500][gc,heap       ] GC(48) Old regions: 103->105
[2020-07-26T13:42:55.620-0500][gc,heap       ] GC(48) Humongous regions: 129->129
[2020-07-26T13:42:55.620-0500][gc,metaspace  ] GC(48) Metaspace: 48484K->48484K(1093632K)
[2020-07-26T13:42:55.620-0500][gc            ] GC(48) Pause Young (Normal) (G1 Evacuation Pause) 281M->237M(1024M) 34.303ms
[2020-07-26T13:42:55.620-0500][gc,cpu        ] GC(48) User=0.09s Sys=0.00s Real=0.03s
[2020-07-26T13:44:01.984-0500][gc,start      ] GC(49) Pause Young (Normal) (G1 Evacuation Pause)
[2020-07-26T13:44:01.984-0500][gc,task       ] GC(49) Using 4 workers of 4 for evacuation
[2020-07-26T13:44:02.012-0500][gc,mmu        ] GC(49) MMU target violated: 21.0ms (20.0ms/21.0ms)
[2020-07-26T13:44:02.012-0500][gc,phases     ] GC(49)   Pre Evacuate Collection Set: 0.1ms
[2020-07-26T13:44:02.012-0500][gc,phases     ] GC(49)   Evacuate Collection Set: 26.5ms
[2020-07-26T13:44:02.012-0500][gc,phases     ] GC(49)   Post Evacuate Collection Set: 0.8ms
[2020-07-26T13:44:02.012-0500][gc,phases     ] GC(49)   Other: 0.7ms
[2020-07-26T13:44:02.012-0500][gc,heap       ] GC(49) Eden regions: 46->0(46)
[2020-07-26T13:44:02.012-0500][gc,heap       ] GC(49) Survivor regions: 5->5(7)
[2020-07-26T13:44:02.012-0500][gc,heap       ] GC(49) Old regions: 105->108
[2020-07-26T13:44:02.012-0500][gc,heap       ] GC(49) Humongous regions: 129->129
[2020-07-26T13:44:02.012-0500][gc,metaspace  ] GC(49) Metaspace: 48490K->48490K(1093632K)
[2020-07-26T13:44:02.012-0500][gc            ] GC(49) Pause Young (Normal) (G1 Evacuation Pause) 283M->240M(1024M) 28.156ms
[2020-07-26T13:44:02.012-0500][gc,cpu        ] GC(49) User=0.09s Sys=0.01s Real=0.03s
[2020-07-26T13:45:08.411-0500][gc,start      ] GC(50) Pause Young (Normal) (G1 Evacuation Pause)
[2020-07-26T13:45:08.411-0500][gc,task       ] GC(50) Using 4 workers of 4 for evacuation
[2020-07-26T13:45:08.437-0500][gc,mmu        ] GC(50) MMU target violated: 21.0ms (20.0ms/21.0ms)
[2020-07-26T13:45:08.437-0500][gc,phases     ] GC(50)   Pre Evacuate Collection Set: 0.1ms
[2020-07-26T13:45:08.437-0500][gc,phases     ] GC(50)   Evacuate Collection Set: 24.6ms
[2020-07-26T13:45:08.437-0500][gc,phases     ] GC(50)   Post Evacuate Collection Set: 0.8ms
[2020-07-26T13:45:08.437-0500][gc,phases     ] GC(50)   Other: 0.7ms
[2020-07-26T13:45:08.437-0500][gc,heap       ] GC(50) Eden regions: 46->0(46)
[2020-07-26T13:45:08.437-0500][gc,heap       ] GC(50) Survivor regions: 5->5(7)
[2020-07-26T13:45:08.438-0500][gc,heap       ] GC(50) Old regions: 108->110
[2020-07-26T13:45:08.438-0500][gc,heap       ] GC(50) Humongous regions: 129->129
[2020-07-26T13:45:08.438-0500][gc,metaspace  ] GC(50) Metaspace: 48491K->48491K(1093632K)
[2020-07-26T13:45:08.438-0500][gc            ] GC(50) Pause Young (Normal) (G1 Evacuation Pause) 286M->242M(1024M) 26.303ms
[2020-07-26T13:45:08.438-0500][gc,cpu        ] GC(50) User=0.08s Sys=0.01s Real=0.02s
[2020-07-26T13:46:17.112-0500][gc,start      ] GC(51) Pause Young (Normal) (G1 Evacuation Pause)
[2020-07-26T13:46:17.112-0500][gc,task       ] GC(51) Using 4 workers of 4 for evacuation
[2020-07-26T13:46:17.137-0500][gc,mmu        ] GC(51) MMU target violated: 21.0ms (20.0ms/21.0ms)
[2020-07-26T13:46:17.138-0500][gc,phases     ] GC(51)   Pre Evacuate Collection Set: 0.1ms
[2020-07-26T13:46:17.138-0500][gc,phases     ] GC(51)   Evacuate Collection Set: 23.7ms
[2020-07-26T13:46:17.138-0500][gc,phases     ] GC(51)   Post Evacuate Collection Set: 0.8ms
[2020-07-26T13:46:17.138-0500][gc,phases     ] GC(51)   Other: 0.9ms
[2020-07-26T13:46:17.138-0500][gc,heap       ] GC(51) Eden regions: 46->0(46)
[2020-07-26T13:46:17.138-0500][gc,heap       ] GC(51) Survivor regions: 5->5(7)
[2020-07-26T13:46:17.138-0500][gc,heap       ] GC(51) Old regions: 110->113
[2020-07-26T13:46:17.138-0500][gc,heap       ] GC(51) Humongous regions: 129->129
[2020-07-26T13:46:17.138-0500][gc,metaspace  ] GC(51) Metaspace: 48494K->48494K(1093632K)
[2020-07-26T13:46:17.138-0500][gc            ] GC(51) Pause Young (Normal) (G1 Evacuation Pause) 288M->244M(1024M) 25.664ms
[2020-07-26T13:46:17.138-0500][gc,cpu        ] GC(51) User=0.09s Sys=0.00s Real=0.02s
[2020-07-26T13:47:24.251-0500][gc,start      ] GC(52) Pause Young (Normal) (G1 Evacuation Pause)
[2020-07-26T13:47:24.251-0500][gc,task       ] GC(52) Using 4 workers of 4 for evacuation
[2020-07-26T13:47:24.283-0500][gc,mmu        ] GC(52) MMU target violated: 21.0ms (20.0ms/21.0ms)
[2020-07-26T13:47:24.283-0500][gc,phases     ] GC(52)   Pre Evacuate Collection Set: 0.1ms
[2020-07-26T13:47:24.283-0500][gc,phases     ] GC(52)   Evacuate Collection Set: 31.2ms
[2020-07-26T13:47:24.283-0500][gc,phases     ] GC(52)   Post Evacuate Collection Set: 0.7ms
[2020-07-26T13:47:24.283-0500][gc,phases     ] GC(52)   Other: 0.7ms
[2020-07-26T13:47:24.284-0500][gc,heap       ] GC(52) Eden regions: 46->0(46)
[2020-07-26T13:47:24.284-0500][gc,heap       ] GC(52) Survivor regions: 5->5(7)
[2020-07-26T13:47:24.284-0500][gc,heap       ] GC(52) Old regions: 113->115
[2020-07-26T13:47:24.284-0500][gc,heap       ] GC(52) Humongous regions: 129->129
[2020-07-26T13:47:24.284-0500][gc,metaspace  ] GC(52) Metaspace: 48494K->48494K(1093632K)
[2020-07-26T13:47:24.284-0500][gc            ] GC(52) Pause Young (Normal) (G1 Evacuation Pause) 290M->247M(1024M) 32.759ms
[2020-07-26T13:47:24.284-0500][gc,cpu        ] GC(52) User=0.09s Sys=0.00s Real=0.03s
[2020-07-26T13:48:24.828-0500][gc,start      ] GC(53) Pause Young (Normal) (G1 Evacuation Pause)
[2020-07-26T13:48:24.828-0500][gc,task       ] GC(53) Using 4 workers of 4 for evacuation
[2020-07-26T13:48:24.870-0500][gc,mmu        ] GC(53) MMU target violated: 21.0ms (20.0ms/21.0ms)
[2020-07-26T13:48:24.870-0500][gc,phases     ] GC(53)   Pre Evacuate Collection Set: 0.1ms
[2020-07-26T13:48:24.870-0500][gc,phases     ] GC(53)   Evacuate Collection Set: 40.1ms
[2020-07-26T13:48:24.870-0500][gc,phases     ] GC(53)   Post Evacuate Collection Set: 1.4ms
[2020-07-26T13:48:24.870-0500][gc,phases     ] GC(53)   Other: 0.7ms
[2020-07-26T13:48:24.871-0500][gc,heap       ] GC(53) Eden regions: 46->0(44)
[2020-07-26T13:48:24.871-0500][gc,heap       ] GC(53) Survivor regions: 5->7(7)
[2020-07-26T13:48:24.871-0500][gc,heap       ] GC(53) Old regions: 115->118
[2020-07-26T13:48:24.871-0500][gc,heap       ] GC(53) Humongous regions: 129->129
[2020-07-26T13:48:24.871-0500][gc,metaspace  ] GC(53) Metaspace: 48525K->48525K(1093632K)
[2020-07-26T13:48:24.871-0500][gc            ] GC(53) Pause Young (Normal) (G1 Evacuation Pause) 293M->252M(1024M) 42.364ms
[2020-07-26T13:48:24.871-0500][gc,cpu        ] GC(53) User=0.11s Sys=0.00s Real=0.04s
[2020-07-26T13:49:29.149-0500][gc,start      ] GC(54) Pause Young (Normal) (G1 Evacuation Pause)
[2020-07-26T13:49:29.149-0500][gc,task       ] GC(54) Using 4 workers of 4 for evacuation
[2020-07-26T13:49:29.198-0500][gc,mmu        ] GC(54) MMU target violated: 21.0ms (20.0ms/21.0ms)
[2020-07-26T13:49:29.198-0500][gc,phases     ] GC(54)   Pre Evacuate Collection Set: 0.1ms
[2020-07-26T13:49:29.198-0500][gc,phases     ] GC(54)   Evacuate Collection Set: 47.3ms
[2020-07-26T13:49:29.198-0500][gc,phases     ] GC(54)   Post Evacuate Collection Set: 0.8ms
[2020-07-26T13:49:29.198-0500][gc,phases     ] GC(54)   Other: 0.6ms
[2020-07-26T13:49:29.198-0500][gc,heap       ] GC(54) Eden regions: 44->0(49)
[2020-07-26T13:49:29.198-0500][gc,heap       ] GC(54) Survivor regions: 7->2(7)
[2020-07-26T13:49:29.198-0500][gc,heap       ] GC(54) Old regions: 118->124
[2020-07-26T13:49:29.198-0500][gc,heap       ] GC(54) Humongous regions: 129->129
[2020-07-26T13:49:29.198-0500][gc,metaspace  ] GC(54) Metaspace: 48526K->48526K(1093632K)
[2020-07-26T13:49:29.198-0500][gc            ] GC(54) Pause Young (Normal) (G1 Evacuation Pause) 296M->253M(1024M) 49.071ms
[2020-07-26T13:49:29.198-0500][gc,cpu        ] GC(54) User=0.11s Sys=0.00s Real=0.04s
[2020-07-26T13:51:01.306-0500][gc,heap,exit  ] Heap
[2020-07-26T13:51:01.306-0500][gc,heap,exit  ]  garbage-first heap   total 1048576K, used 289268K [0x00000000c0000000, 0x0000000100000000)
[2020-07-26T13:51:01.306-0500][gc,heap,exit  ]   region size 1024K, 33 young (33792K), 2 survivors (2048K)
[2020-07-26T13:51:01.306-0500][gc,heap,exit  ]  Metaspace       used 49129K, capacity 51580K, committed 51664K, reserved 1093632K
[2020-07-26T13:51:01.306-0500][gc,heap,exit  ]   class space    used 6475K, capacity 7670K, committed 7676K, reserved 1048576K
