[2020-07-25T00:34:56.765-0500][gc,heap] Heap region size: 1M
[2020-07-25T00:34:56.792-0500][gc     ] Using G1
[2020-07-25T00:34:56.792-0500][gc,heap,coops] Heap address: 0x00000000c0000000, size: 1024 MB, Compressed Oops mode: 32-bit
[2020-07-25T00:34:56.792-0500][gc,cds       ] Mark closed archive regions in map: [0x00000000fff00000, 0x00000000fff69ff8]
[2020-07-25T00:34:56.792-0500][gc,cds       ] Mark open archive regions in map: [0x00000000ffe00000, 0x00000000ffe46ff8]
[2020-07-25T00:35:01.221-0500][gc,start     ] GC(0) Pause Young (Normal) (G1 Evacuation Pause)
[2020-07-25T00:35:01.222-0500][gc,task      ] GC(0) Using 4 workers of 4 for evacuation
[2020-07-25T00:35:01.256-0500][gc,mmu       ] GC(0) MMU target violated: 21.0ms (20.0ms/21.0ms)
[2020-07-25T00:35:01.256-0500][gc,phases    ] GC(0)   Pre Evacuate Collection Set: 0.1ms
[2020-07-25T00:35:01.256-0500][gc,phases    ] GC(0)   Evacuate Collection Set: 32.5ms
[2020-07-25T00:35:01.256-0500][gc,phases    ] GC(0)   Post Evacuate Collection Set: 1.2ms
[2020-07-25T00:35:01.256-0500][gc,phases    ] GC(0)   Other: 1.3ms
[2020-07-25T00:35:01.256-0500][gc,heap      ] GC(0) Eden regions: 51->0(44)
[2020-07-25T00:35:01.256-0500][gc,heap      ] GC(0) Survivor regions: 0->7(7)
[2020-07-25T00:35:01.256-0500][gc,heap      ] GC(0) Old regions: 2->2
[2020-07-25T00:35:01.256-0500][gc,heap      ] GC(0) Humongous regions: 0->0
[2020-07-25T00:35:01.256-0500][gc,metaspace ] GC(0) Metaspace: 17090K->17090K(1064960K)
[2020-07-25T00:35:01.256-0500][gc           ] GC(0) Pause Young (Normal) (G1 Evacuation Pause) 51M->7M(1024M) 35.380ms
[2020-07-25T00:35:01.256-0500][gc,cpu       ] GC(0) User=0.10s Sys=0.01s Real=0.04s
[2020-07-25T00:35:01.973-0500][gc,start     ] GC(1) Pause Young (Concurrent Start) (Metadata GC Threshold)
[2020-07-25T00:35:01.973-0500][gc,task      ] GC(1) Using 4 workers of 4 for evacuation
[2020-07-25T00:35:02.014-0500][gc,mmu       ] GC(1) MMU target violated: 21.0ms (20.0ms/21.0ms)
[2020-07-25T00:35:02.014-0500][gc,phases    ] GC(1)   Pre Evacuate Collection Set: 0.1ms
[2020-07-25T00:35:02.014-0500][gc,phases    ] GC(1)   Evacuate Collection Set: 39.9ms
[2020-07-25T00:35:02.014-0500][gc,phases    ] GC(1)   Post Evacuate Collection Set: 0.8ms
[2020-07-25T00:35:02.014-0500][gc,phases    ] GC(1)   Other: 0.6ms
[2020-07-25T00:35:02.014-0500][gc,heap      ] GC(1) Eden regions: 17->0(50)
[2020-07-25T00:35:02.014-0500][gc,heap      ] GC(1) Survivor regions: 7->1(7)
[2020-07-25T00:35:02.014-0500][gc,heap      ] GC(1) Old regions: 2->9
[2020-07-25T00:35:02.014-0500][gc,heap      ] GC(1) Humongous regions: 0->0
[2020-07-25T00:35:02.014-0500][gc,metaspace ] GC(1) Metaspace: 20561K->20561K(1067008K)
[2020-07-25T00:35:02.015-0500][gc           ] GC(1) Pause Young (Concurrent Start) (Metadata GC Threshold) 23M->8M(1024M) 41.511ms
[2020-07-25T00:35:02.015-0500][gc,cpu       ] GC(1) User=0.10s Sys=0.01s Real=0.04s
[2020-07-25T00:35:02.015-0500][gc           ] GC(2) Concurrent Cycle
[2020-07-25T00:35:02.015-0500][gc,marking   ] GC(2) Concurrent Clear Claimed Marks
[2020-07-25T00:35:02.015-0500][gc,marking   ] GC(2) Concurrent Clear Claimed Marks 0.085ms
[2020-07-25T00:35:02.015-0500][gc,marking   ] GC(2) Concurrent Scan Root Regions
[2020-07-25T00:35:02.018-0500][gc,marking   ] GC(2) Concurrent Scan Root Regions 3.640ms
[2020-07-25T00:35:02.019-0500][gc,marking   ] GC(2) Concurrent Mark (5.268s)
[2020-07-25T00:35:02.019-0500][gc,marking   ] GC(2) Concurrent Mark From Roots
[2020-07-25T00:35:02.019-0500][gc,task      ] GC(2) Using 1 workers of 1 for marking
[2020-07-25T00:35:02.046-0500][gc,marking   ] GC(2) Concurrent Mark From Roots 27.794ms
[2020-07-25T00:35:02.046-0500][gc,marking   ] GC(2) Concurrent Preclean
[2020-07-25T00:35:02.047-0500][gc,marking   ] GC(2) Concurrent Preclean 0.221ms
[2020-07-25T00:35:02.047-0500][gc,marking   ] GC(2) Concurrent Mark (5.268s, 5.297s) 28.144ms
[2020-07-25T00:35:02.047-0500][gc,start     ] GC(2) Pause Remark
[2020-07-25T00:35:02.052-0500][gc,stringtable] GC(2) Cleaned string and symbol table, strings: 4936 processed, 0 removed, symbols: 51279 processed, 54 removed
[2020-07-25T00:35:02.053-0500][gc            ] GC(2) Pause Remark 9M->9M(1024M) 5.878ms
[2020-07-25T00:35:02.053-0500][gc,cpu        ] GC(2) User=0.02s Sys=0.00s Real=0.01s
[2020-07-25T00:35:02.053-0500][gc,marking    ] GC(2) Concurrent Rebuild Remembered Sets
[2020-07-25T00:35:02.072-0500][gc,marking    ] GC(2) Concurrent Rebuild Remembered Sets 19.144ms
[2020-07-25T00:35:02.072-0500][gc,start      ] GC(2) Pause Cleanup
[2020-07-25T00:35:02.073-0500][gc            ] GC(2) Pause Cleanup 9M->9M(1024M) 0.657ms
[2020-07-25T00:35:02.073-0500][gc,cpu        ] GC(2) User=0.00s Sys=0.00s Real=0.00s
[2020-07-25T00:35:02.073-0500][gc,marking    ] GC(2) Concurrent Cleanup for Next Mark
[2020-07-25T00:35:02.096-0500][gc,marking    ] GC(2) Concurrent Cleanup for Next Mark 22.662ms
[2020-07-25T00:35:02.096-0500][gc            ] GC(2) Concurrent Cycle 81.322ms
[2020-07-25T00:35:04.840-0500][gc,start      ] GC(3) Pause Young (Normal) (G1 Evacuation Pause)
[2020-07-25T00:35:04.841-0500][gc,task       ] GC(3) Using 4 workers of 4 for evacuation
[2020-07-25T00:35:04.864-0500][gc,mmu        ] GC(3) MMU target violated: 21.0ms (20.0ms/21.0ms)
[2020-07-25T00:35:04.864-0500][gc,phases     ] GC(3)   Pre Evacuate Collection Set: 0.1ms
[2020-07-25T00:35:04.864-0500][gc,phases     ] GC(3)   Evacuate Collection Set: 21.8ms
[2020-07-25T00:35:04.864-0500][gc,phases     ] GC(3)   Post Evacuate Collection Set: 1.0ms
[2020-07-25T00:35:04.864-0500][gc,phases     ] GC(3)   Other: 0.7ms
[2020-07-25T00:35:04.864-0500][gc,heap       ] GC(3) Eden regions: 50->0(46)
[2020-07-25T00:35:04.864-0500][gc,heap       ] GC(3) Survivor regions: 1->5(7)
[2020-07-25T00:35:04.864-0500][gc,heap       ] GC(3) Old regions: 9->9
[2020-07-25T00:35:04.864-0500][gc,heap       ] GC(3) Humongous regions: 129->129
[2020-07-25T00:35:04.864-0500][gc,metaspace  ] GC(3) Metaspace: 29452K->29452K(1075200K)
[2020-07-25T00:35:04.864-0500][gc            ] GC(3) Pause Young (Normal) (G1 Evacuation Pause) 187M->140M(1024M) 23.848ms
[2020-07-25T00:35:04.864-0500][gc,cpu        ] GC(3) User=0.05s Sys=0.00s Real=0.03s
[2020-07-25T00:35:05.604-0500][gc,start      ] GC(4) Pause Young (Concurrent Start) (GCLocker Initiated GC)
[2020-07-25T00:35:05.604-0500][gc,task       ] GC(4) Using 4 workers of 4 for evacuation
[2020-07-25T00:35:05.636-0500][gc,mmu        ] GC(4) MMU target violated: 21.0ms (20.0ms/21.0ms)
[2020-07-25T00:35:05.636-0500][gc,phases     ] GC(4)   Pre Evacuate Collection Set: 0.2ms
[2020-07-25T00:35:05.636-0500][gc,phases     ] GC(4)   Evacuate Collection Set: 29.8ms
[2020-07-25T00:35:05.636-0500][gc,phases     ] GC(4)   Post Evacuate Collection Set: 1.0ms
[2020-07-25T00:35:05.636-0500][gc,phases     ] GC(4)   Other: 0.5ms
[2020-07-25T00:35:05.636-0500][gc,heap       ] GC(4) Eden regions: 24->0(49)
[2020-07-25T00:35:05.636-0500][gc,heap       ] GC(4) Survivor regions: 5->2(7)
[2020-07-25T00:35:05.636-0500][gc,heap       ] GC(4) Old regions: 9->13
[2020-07-25T00:35:05.636-0500][gc,heap       ] GC(4) Humongous regions: 129->129
[2020-07-25T00:35:05.636-0500][gc,metaspace  ] GC(4) Metaspace: 34246K->34246K(1079296K)
[2020-07-25T00:35:05.636-0500][gc            ] GC(4) Pause Young (Concurrent Start) (GCLocker Initiated GC) 164M->142M(1024M) 31.689ms
[2020-07-25T00:35:05.636-0500][gc,cpu        ] GC(4) User=0.07s Sys=0.01s Real=0.03s
[2020-07-25T00:35:05.636-0500][gc            ] GC(5) Concurrent Cycle
[2020-07-25T00:35:05.636-0500][gc,marking    ] GC(5) Concurrent Clear Claimed Marks
[2020-07-25T00:35:05.636-0500][gc,marking    ] GC(5) Concurrent Clear Claimed Marks 0.207ms
[2020-07-25T00:35:05.636-0500][gc,marking    ] GC(5) Concurrent Scan Root Regions
[2020-07-25T00:35:05.641-0500][gc,marking    ] GC(5) Concurrent Scan Root Regions 4.438ms
[2020-07-25T00:35:05.641-0500][gc,marking    ] GC(5) Concurrent Mark (8.891s)
[2020-07-25T00:35:05.641-0500][gc,marking    ] GC(5) Concurrent Mark From Roots
[2020-07-25T00:35:05.641-0500][gc,task       ] GC(5) Using 1 workers of 1 for marking
[2020-07-25T00:35:05.736-0500][gc,marking    ] GC(5) Concurrent Mark From Roots 95.118ms
[2020-07-25T00:35:05.736-0500][gc,marking    ] GC(5) Concurrent Preclean
[2020-07-25T00:35:05.736-0500][gc,marking    ] GC(5) Concurrent Preclean 0.284ms
[2020-07-25T00:35:05.736-0500][gc,marking    ] GC(5) Concurrent Mark (8.891s, 8.986s) 95.548ms
[2020-07-25T00:35:05.745-0500][gc,start      ] GC(5) Pause Remark
[2020-07-25T00:35:05.781-0500][gc,stringtable] GC(5) Cleaned string and symbol table, strings: 10689 processed, 6 removed, symbols: 80693 processed, 25 removed
[2020-07-25T00:35:05.782-0500][gc,mmu        ] GC(5) MMU target violated: 21.0ms (20.0ms/21.0ms)
[2020-07-25T00:35:05.782-0500][gc            ] GC(5) Pause Remark 144M->144M(1024M) 37.359ms
[2020-07-25T00:35:05.782-0500][gc,cpu        ] GC(5) User=0.05s Sys=0.00s Real=0.03s
[2020-07-25T00:35:05.784-0500][gc,marking    ] GC(5) Concurrent Rebuild Remembered Sets
[2020-07-25T00:35:05.884-0500][gc,marking    ] GC(5) Concurrent Rebuild Remembered Sets 100.177ms
[2020-07-25T00:35:05.884-0500][gc,start      ] GC(5) Pause Cleanup
[2020-07-25T00:35:05.885-0500][gc            ] GC(5) Pause Cleanup 145M->145M(1024M) 0.894ms
[2020-07-25T00:35:05.885-0500][gc,cpu        ] GC(5) User=0.00s Sys=0.00s Real=0.00s
[2020-07-25T00:35:05.897-0500][gc,marking    ] GC(5) Concurrent Cleanup for Next Mark
[2020-07-25T00:35:05.935-0500][gc,marking    ] GC(5) Concurrent Cleanup for Next Mark 38.423ms
[2020-07-25T00:35:05.935-0500][gc            ] GC(5) Concurrent Cycle 299.319ms
[2020-07-25T00:39:12.987-0500][gc,heap,exit  ] Heap
[2020-07-25T00:39:12.987-0500][gc,heap,exit  ]  garbage-first heap   total 1048576K, used 190625K [0x00000000c0000000, 0x0000000100000000)
[2020-07-25T00:39:12.987-0500][gc,heap,exit  ]   region size 1024K, 48 young (49152K), 2 survivors (2048K)
[2020-07-25T00:39:12.987-0500][gc,heap,exit  ]  Metaspace       used 44282K, capacity 46130K, committed 46336K, reserved 1089536K
[2020-07-25T00:39:12.987-0500][gc,heap,exit  ]   class space    used 5895K, capacity 6805K, committed 6912K, reserved 1048576K
