[2020-07-26T19:16:37.660-0500][gc,heap] Heap region size: 1M
[2020-07-26T19:16:37.688-0500][gc     ] Using G1
[2020-07-26T19:16:37.688-0500][gc,heap,coops] Heap address: 0x00000000c0000000, size: 1024 MB, Compressed Oops mode: 32-bit
[2020-07-26T19:16:37.689-0500][gc,cds       ] Mark closed archive regions in map: [0x00000000fff00000, 0x00000000fff69ff8]
[2020-07-26T19:16:37.689-0500][gc,cds       ] Mark open archive regions in map: [0x00000000ffe00000, 0x00000000ffe46ff8]
[2020-07-26T19:16:41.563-0500][gc,start     ] GC(0) Pause Young (Normal) (G1 Evacuation Pause)
[2020-07-26T19:16:41.564-0500][gc,task      ] GC(0) Using 4 workers of 4 for evacuation
[2020-07-26T19:16:41.595-0500][gc,mmu       ] GC(0) MMU target violated: 21.0ms (20.0ms/21.0ms)
[2020-07-26T19:16:41.595-0500][gc,phases    ] GC(0)   Pre Evacuate Collection Set: 0.1ms
[2020-07-26T19:16:41.595-0500][gc,phases    ] GC(0)   Evacuate Collection Set: 29.5ms
[2020-07-26T19:16:41.595-0500][gc,phases    ] GC(0)   Post Evacuate Collection Set: 1.2ms
[2020-07-26T19:16:41.595-0500][gc,phases    ] GC(0)   Other: 1.4ms
[2020-07-26T19:16:41.595-0500][gc,heap      ] GC(0) Eden regions: 51->0(44)
[2020-07-26T19:16:41.595-0500][gc,heap      ] GC(0) Survivor regions: 0->7(7)
[2020-07-26T19:16:41.595-0500][gc,heap      ] GC(0) Old regions: 2->2
[2020-07-26T19:16:41.595-0500][gc,heap      ] GC(0) Humongous regions: 0->0
[2020-07-26T19:16:41.595-0500][gc,metaspace ] GC(0) Metaspace: 17082K->17082K(1064960K)
[2020-07-26T19:16:41.595-0500][gc           ] GC(0) Pause Young (Normal) (G1 Evacuation Pause) 51M->7M(1024M) 32.195ms
[2020-07-26T19:16:41.595-0500][gc,cpu       ] GC(0) User=0.11s Sys=0.01s Real=0.03s
[2020-07-26T19:16:42.485-0500][gc,start     ] GC(1) Pause Young (Concurrent Start) (Metadata GC Threshold)
[2020-07-26T19:16:42.486-0500][gc,task      ] GC(1) Using 4 workers of 4 for evacuation
[2020-07-26T19:16:42.529-0500][gc,mmu       ] GC(1) MMU target violated: 21.0ms (20.0ms/21.0ms)
[2020-07-26T19:16:42.530-0500][gc,phases    ] GC(1)   Pre Evacuate Collection Set: 0.1ms
[2020-07-26T19:16:42.530-0500][gc,phases    ] GC(1)   Evacuate Collection Set: 41.7ms
[2020-07-26T19:16:42.530-0500][gc,phases    ] GC(1)   Post Evacuate Collection Set: 0.9ms
[2020-07-26T19:16:42.530-0500][gc,phases    ] GC(1)   Other: 1.6ms
[2020-07-26T19:16:42.530-0500][gc,heap      ] GC(1) Eden regions: 18->0(49)
[2020-07-26T19:16:42.530-0500][gc,heap      ] GC(1) Survivor regions: 7->2(7)
[2020-07-26T19:16:42.530-0500][gc,heap      ] GC(1) Old regions: 2->9
[2020-07-26T19:16:42.530-0500][gc,heap      ] GC(1) Humongous regions: 129->129
[2020-07-26T19:16:42.530-0500][gc,metaspace ] GC(1) Metaspace: 20514K->20514K(1067008K)
[2020-07-26T19:16:42.530-0500][gc           ] GC(1) Pause Young (Concurrent Start) (Metadata GC Threshold) 154M->138M(1024M) 44.478ms
[2020-07-26T19:16:42.530-0500][gc,cpu       ] GC(1) User=0.08s Sys=0.01s Real=0.04s
[2020-07-26T19:16:42.530-0500][gc           ] GC(2) Concurrent Cycle
[2020-07-26T19:16:42.530-0500][gc,marking   ] GC(2) Concurrent Clear Claimed Marks
[2020-07-26T19:16:42.530-0500][gc,marking   ] GC(2) Concurrent Clear Claimed Marks 0.112ms
[2020-07-26T19:16:42.530-0500][gc,marking   ] GC(2) Concurrent Scan Root Regions
[2020-07-26T19:16:42.532-0500][gc,marking   ] GC(2) Concurrent Scan Root Regions 1.692ms
[2020-07-26T19:16:42.532-0500][gc,marking   ] GC(2) Concurrent Mark (4.882s)
[2020-07-26T19:16:42.532-0500][gc,marking   ] GC(2) Concurrent Mark From Roots
[2020-07-26T19:16:42.532-0500][gc,task      ] GC(2) Using 1 workers of 1 for marking
[2020-07-26T19:16:42.570-0500][gc,marking   ] GC(2) Concurrent Mark From Roots 38.139ms
[2020-07-26T19:16:42.570-0500][gc,marking   ] GC(2) Concurrent Preclean
[2020-07-26T19:16:42.570-0500][gc,marking   ] GC(2) Concurrent Preclean 0.230ms
[2020-07-26T19:16:42.570-0500][gc,marking   ] GC(2) Concurrent Mark (4.882s, 4.921s) 38.536ms
[2020-07-26T19:16:42.571-0500][gc,start     ] GC(2) Pause Remark
[2020-07-26T19:16:42.576-0500][gc,stringtable] GC(2) Cleaned string and symbol table, strings: 4976 processed, 0 removed, symbols: 50796 processed, 49 removed
[2020-07-26T19:16:42.577-0500][gc            ] GC(2) Pause Remark 139M->139M(1024M) 6.320ms
[2020-07-26T19:16:42.577-0500][gc,cpu        ] GC(2) User=0.02s Sys=0.00s Real=0.01s
[2020-07-26T19:16:42.577-0500][gc,marking    ] GC(2) Concurrent Rebuild Remembered Sets
[2020-07-26T19:16:42.592-0500][gc,marking    ] GC(2) Concurrent Rebuild Remembered Sets 14.355ms
[2020-07-26T19:16:42.592-0500][gc,start      ] GC(2) Pause Cleanup
[2020-07-26T19:16:42.593-0500][gc            ] GC(2) Pause Cleanup 140M->140M(1024M) 0.771ms
[2020-07-26T19:16:42.593-0500][gc,cpu        ] GC(2) User=0.00s Sys=0.00s Real=0.00s
[2020-07-26T19:16:42.593-0500][gc,marking    ] GC(2) Concurrent Cleanup for Next Mark
[2020-07-26T19:16:42.615-0500][gc,marking    ] GC(2) Concurrent Cleanup for Next Mark 21.892ms
[2020-07-26T19:16:42.615-0500][gc            ] GC(2) Concurrent Cycle 85.015ms
[2020-07-26T19:16:44.532-0500][gc,start      ] GC(3) Pause Young (Concurrent Start) (G1 Evacuation Pause)
[2020-07-26T19:16:44.532-0500][gc,task       ] GC(3) Using 4 workers of 4 for evacuation
[2020-07-26T19:16:44.582-0500][gc,mmu        ] GC(3) MMU target violated: 21.0ms (20.0ms/21.0ms)
[2020-07-26T19:16:44.582-0500][gc,phases     ] GC(3)   Pre Evacuate Collection Set: 0.2ms
[2020-07-26T19:16:44.582-0500][gc,phases     ] GC(3)   Evacuate Collection Set: 48.4ms
[2020-07-26T19:16:44.582-0500][gc,phases     ] GC(3)   Post Evacuate Collection Set: 1.3ms
[2020-07-26T19:16:44.582-0500][gc,phases     ] GC(3)   Other: 0.8ms
[2020-07-26T19:16:44.582-0500][gc,heap       ] GC(3) Eden regions: 49->0(46)
[2020-07-26T19:16:44.582-0500][gc,heap       ] GC(3) Survivor regions: 2->5(7)
[2020-07-26T19:16:44.582-0500][gc,heap       ] GC(3) Old regions: 9->9
[2020-07-26T19:16:44.582-0500][gc,heap       ] GC(3) Humongous regions: 129->129
[2020-07-26T19:16:44.582-0500][gc,metaspace  ] GC(3) Metaspace: 29160K->29160K(1075200K)
[2020-07-26T19:16:44.582-0500][gc            ] GC(3) Pause Young (Concurrent Start) (G1 Evacuation Pause) 187M->141M(1024M) 50.804ms
[2020-07-26T19:16:44.582-0500][gc,cpu        ] GC(3) User=0.09s Sys=0.01s Real=0.06s
[2020-07-26T19:16:44.583-0500][gc            ] GC(4) Concurrent Cycle
[2020-07-26T19:16:44.583-0500][gc,marking    ] GC(4) Concurrent Clear Claimed Marks
[2020-07-26T19:16:44.583-0500][gc,marking    ] GC(4) Concurrent Clear Claimed Marks 0.120ms
[2020-07-26T19:16:44.583-0500][gc,marking    ] GC(4) Concurrent Scan Root Regions
[2020-07-26T19:16:44.601-0500][gc,marking    ] GC(4) Concurrent Scan Root Regions 17.996ms
[2020-07-26T19:16:44.601-0500][gc,marking    ] GC(4) Concurrent Mark (6.951s)
[2020-07-26T19:16:44.601-0500][gc,marking    ] GC(4) Concurrent Mark From Roots
[2020-07-26T19:16:44.601-0500][gc,task       ] GC(4) Using 1 workers of 1 for marking
[2020-07-26T19:16:44.642-0500][gc,marking    ] GC(4) Concurrent Mark From Roots 40.853ms
[2020-07-26T19:16:44.642-0500][gc,marking    ] GC(4) Concurrent Preclean
[2020-07-26T19:16:44.642-0500][gc,marking    ] GC(4) Concurrent Preclean 0.203ms
[2020-07-26T19:16:44.642-0500][gc,marking    ] GC(4) Concurrent Mark (6.951s, 6.992s) 41.179ms
[2020-07-26T19:16:44.650-0500][gc,start      ] GC(4) Pause Remark
[2020-07-26T19:16:44.661-0500][gc,stringtable] GC(4) Cleaned string and symbol table, strings: 9559 processed, 6 removed, symbols: 72746 processed, 24 removed
[2020-07-26T19:16:44.662-0500][gc            ] GC(4) Pause Remark 142M->142M(1024M) 11.393ms
[2020-07-26T19:16:44.662-0500][gc,cpu        ] GC(4) User=0.02s Sys=0.00s Real=0.01s
[2020-07-26T19:16:44.662-0500][gc,marking    ] GC(4) Concurrent Rebuild Remembered Sets
[2020-07-26T19:16:44.685-0500][gc,marking    ] GC(4) Concurrent Rebuild Remembered Sets 22.793ms
[2020-07-26T19:16:44.685-0500][gc,start      ] GC(4) Pause Cleanup
[2020-07-26T19:16:44.686-0500][gc            ] GC(4) Pause Cleanup 142M->142M(1024M) 0.618ms
[2020-07-26T19:16:44.686-0500][gc,cpu        ] GC(4) User=0.00s Sys=0.00s Real=0.00s
[2020-07-26T19:16:44.686-0500][gc,marking    ] GC(4) Concurrent Cleanup for Next Mark
[2020-07-26T19:16:44.717-0500][gc,marking    ] GC(4) Concurrent Cleanup for Next Mark 31.773ms
[2020-07-26T19:16:44.718-0500][gc            ] GC(4) Concurrent Cycle 135.047ms
[2020-07-26T19:16:47.042-0500][gc,start      ] GC(5) Pause Young (Normal) (G1 Evacuation Pause)
[2020-07-26T19:16:47.042-0500][gc,task       ] GC(5) Using 4 workers of 4 for evacuation
[2020-07-26T19:16:47.088-0500][gc,mmu        ] GC(5) MMU target violated: 21.0ms (20.0ms/21.0ms)
[2020-07-26T19:16:47.088-0500][gc,phases     ] GC(5)   Pre Evacuate Collection Set: 0.1ms
[2020-07-26T19:16:47.088-0500][gc,phases     ] GC(5)   Evacuate Collection Set: 43.6ms
[2020-07-26T19:16:47.088-0500][gc,phases     ] GC(5)   Post Evacuate Collection Set: 1.4ms
[2020-07-26T19:16:47.088-0500][gc,phases     ] GC(5)   Other: 0.6ms
[2020-07-26T19:16:47.088-0500][gc,heap       ] GC(5) Eden regions: 46->0(48)
[2020-07-26T19:16:47.088-0500][gc,heap       ] GC(5) Survivor regions: 5->3(7)
[2020-07-26T19:16:47.088-0500][gc,heap       ] GC(5) Old regions: 9->14
[2020-07-26T19:16:47.088-0500][gc,heap       ] GC(5) Humongous regions: 129->129
[2020-07-26T19:16:47.088-0500][gc,metaspace  ] GC(5) Metaspace: 35751K->35751K(1081344K)
[2020-07-26T19:16:47.088-0500][gc            ] GC(5) Pause Young (Normal) (G1 Evacuation Pause) 187M->143M(1024M) 45.765ms
[2020-07-26T19:16:47.088-0500][gc,cpu        ] GC(5) User=0.07s Sys=0.01s Real=0.04s
[2020-07-26T19:26:24.908-0500][gc,start      ] GC(6) Pause Young (Normal) (G1 Evacuation Pause)
[2020-07-26T19:26:24.908-0500][gc,task       ] GC(6) Using 4 workers of 4 for evacuation
[2020-07-26T19:26:24.926-0500][gc,phases     ] GC(6)   Pre Evacuate Collection Set: 0.1ms
[2020-07-26T19:26:24.927-0500][gc,phases     ] GC(6)   Evacuate Collection Set: 15.8ms
[2020-07-26T19:26:24.927-0500][gc,phases     ] GC(6)   Post Evacuate Collection Set: 2.1ms
[2020-07-26T19:26:24.927-0500][gc,phases     ] GC(6)   Other: 1.1ms
[2020-07-26T19:26:24.927-0500][gc,heap       ] GC(6) Eden regions: 48->0(44)
[2020-07-26T19:26:24.927-0500][gc,heap       ] GC(6) Survivor regions: 3->7(7)
[2020-07-26T19:26:24.927-0500][gc,heap       ] GC(6) Old regions: 14->14
[2020-07-26T19:26:24.927-0500][gc,heap       ] GC(6) Humongous regions: 129->129
[2020-07-26T19:26:24.927-0500][gc,metaspace  ] GC(6) Metaspace: 44232K->44232K(1089536K)
[2020-07-26T19:26:24.927-0500][gc            ] GC(6) Pause Young (Normal) (G1 Evacuation Pause) 191M->146M(1024M) 19.284ms
[2020-07-26T19:26:24.927-0500][gc,cpu        ] GC(6) User=0.06s Sys=0.01s Real=0.02s
[2020-07-26T19:48:58.104-0500][gc,start      ] GC(7) Pause Young (Normal) (G1 Evacuation Pause)
[2020-07-26T19:48:58.104-0500][gc,task       ] GC(7) Using 4 workers of 4 for evacuation
[2020-07-26T19:48:58.123-0500][gc,phases     ] GC(7)   Pre Evacuate Collection Set: 0.1ms
[2020-07-26T19:48:58.123-0500][gc,phases     ] GC(7)   Evacuate Collection Set: 17.4ms
[2020-07-26T19:48:58.123-0500][gc,phases     ] GC(7)   Post Evacuate Collection Set: 1.0ms
[2020-07-26T19:48:58.123-0500][gc,phases     ] GC(7)   Other: 0.5ms
[2020-07-26T19:48:58.123-0500][gc,heap       ] GC(7) Eden regions: 44->0(50)
[2020-07-26T19:48:58.123-0500][gc,heap       ] GC(7) Survivor regions: 7->1(7)
[2020-07-26T19:48:58.123-0500][gc,heap       ] GC(7) Old regions: 14->19
[2020-07-26T19:48:58.123-0500][gc,heap       ] GC(7) Humongous regions: 129->129
[2020-07-26T19:48:58.123-0500][gc,metaspace  ] GC(7) Metaspace: 44397K->44397K(1089536K)
[2020-07-26T19:48:58.123-0500][gc            ] GC(7) Pause Young (Normal) (G1 Evacuation Pause) 190M->147M(1024M) 19.275ms
[2020-07-26T19:48:58.123-0500][gc,cpu        ] GC(7) User=0.05s Sys=0.01s Real=0.02s
[2020-07-26T20:15:33.877-0500][gc,start      ] GC(8) Pause Young (Normal) (G1 Evacuation Pause)
[2020-07-26T20:15:33.878-0500][gc,task       ] GC(8) Using 4 workers of 4 for evacuation
[2020-07-26T20:15:33.881-0500][gc,phases     ] GC(8)   Pre Evacuate Collection Set: 0.1ms
[2020-07-26T20:15:33.881-0500][gc,phases     ] GC(8)   Evacuate Collection Set: 2.0ms
[2020-07-26T20:15:33.881-0500][gc,phases     ] GC(8)   Post Evacuate Collection Set: 0.9ms
[2020-07-26T20:15:33.881-0500][gc,phases     ] GC(8)   Other: 1.0ms
[2020-07-26T20:15:33.881-0500][gc,heap       ] GC(8) Eden regions: 50->0(50)
[2020-07-26T20:15:33.881-0500][gc,heap       ] GC(8) Survivor regions: 1->1(7)
[2020-07-26T20:15:33.881-0500][gc,heap       ] GC(8) Old regions: 19->19
[2020-07-26T20:15:33.881-0500][gc,heap       ] GC(8) Humongous regions: 129->129
[2020-07-26T20:15:33.881-0500][gc,metaspace  ] GC(8) Metaspace: 44493K->44493K(1089536K)
[2020-07-26T20:15:33.881-0500][gc            ] GC(8) Pause Young (Normal) (G1 Evacuation Pause) 197M->146M(1024M) 4.166ms
[2020-07-26T20:15:33.881-0500][gc,cpu        ] GC(8) User=0.01s Sys=0.00s Real=0.00s
[2020-07-26T20:42:12.294-0500][gc,start      ] GC(9) Pause Young (Normal) (G1 Evacuation Pause)
[2020-07-26T20:42:12.294-0500][gc,task       ] GC(9) Using 4 workers of 4 for evacuation
[2020-07-26T20:42:12.297-0500][gc,phases     ] GC(9)   Pre Evacuate Collection Set: 0.1ms
[2020-07-26T20:42:12.297-0500][gc,phases     ] GC(9)   Evacuate Collection Set: 1.8ms
[2020-07-26T20:42:12.297-0500][gc,phases     ] GC(9)   Post Evacuate Collection Set: 0.9ms
[2020-07-26T20:42:12.297-0500][gc,phases     ] GC(9)   Other: 0.5ms
[2020-07-26T20:42:12.297-0500][gc,heap       ] GC(9) Eden regions: 50->0(50)
[2020-07-26T20:42:12.297-0500][gc,heap       ] GC(9) Survivor regions: 1->1(7)
[2020-07-26T20:42:12.297-0500][gc,heap       ] GC(9) Old regions: 19->19
[2020-07-26T20:42:12.297-0500][gc,heap       ] GC(9) Humongous regions: 129->129
[2020-07-26T20:42:12.297-0500][gc,metaspace  ] GC(9) Metaspace: 44584K->44584K(1089536K)
[2020-07-26T20:42:12.297-0500][gc            ] GC(9) Pause Young (Normal) (G1 Evacuation Pause) 196M->146M(1024M) 3.632ms
[2020-07-26T20:42:12.297-0500][gc,cpu        ] GC(9) User=0.01s Sys=0.00s Real=0.01s
[2020-07-26T21:09:01.961-0500][gc,start      ] GC(10) Pause Young (Normal) (G1 Evacuation Pause)
[2020-07-26T21:09:01.961-0500][gc,task       ] GC(10) Using 4 workers of 4 for evacuation
[2020-07-26T21:09:01.965-0500][gc,phases     ] GC(10)   Pre Evacuate Collection Set: 0.1ms
[2020-07-26T21:09:01.965-0500][gc,phases     ] GC(10)   Evacuate Collection Set: 1.9ms
[2020-07-26T21:09:01.965-0500][gc,phases     ] GC(10)   Post Evacuate Collection Set: 1.0ms
[2020-07-26T21:09:01.965-0500][gc,phases     ] GC(10)   Other: 0.5ms
[2020-07-26T21:09:01.965-0500][gc,heap       ] GC(10) Eden regions: 50->0(50)
[2020-07-26T21:09:01.965-0500][gc,heap       ] GC(10) Survivor regions: 1->1(7)
[2020-07-26T21:09:01.965-0500][gc,heap       ] GC(10) Old regions: 19->19
[2020-07-26T21:09:01.965-0500][gc,heap       ] GC(10) Humongous regions: 129->129
[2020-07-26T21:09:01.965-0500][gc,metaspace  ] GC(10) Metaspace: 44630K->44630K(1089536K)
[2020-07-26T21:09:01.965-0500][gc            ] GC(10) Pause Young (Normal) (G1 Evacuation Pause) 196M->146M(1024M) 3.758ms
[2020-07-26T21:09:01.965-0500][gc,cpu        ] GC(10) User=0.01s Sys=0.00s Real=0.01s
[2020-07-26T21:35:57.850-0500][gc,start      ] GC(11) Pause Young (Normal) (G1 Evacuation Pause)
[2020-07-26T21:35:57.850-0500][gc,task       ] GC(11) Using 4 workers of 4 for evacuation
[2020-07-26T21:35:57.853-0500][gc,phases     ] GC(11)   Pre Evacuate Collection Set: 0.1ms
[2020-07-26T21:35:57.853-0500][gc,phases     ] GC(11)   Evacuate Collection Set: 1.7ms
[2020-07-26T21:35:57.853-0500][gc,phases     ] GC(11)   Post Evacuate Collection Set: 0.8ms
[2020-07-26T21:35:57.853-0500][gc,phases     ] GC(11)   Other: 0.6ms
[2020-07-26T21:35:57.853-0500][gc,heap       ] GC(11) Eden regions: 50->0(55)
[2020-07-26T21:35:57.853-0500][gc,heap       ] GC(11) Survivor regions: 1->1(7)
[2020-07-26T21:35:57.853-0500][gc,heap       ] GC(11) Old regions: 19->19
[2020-07-26T21:35:57.853-0500][gc,heap       ] GC(11) Humongous regions: 129->129
[2020-07-26T21:35:57.853-0500][gc,metaspace  ] GC(11) Metaspace: 44660K->44660K(1089536K)
[2020-07-26T21:35:57.853-0500][gc            ] GC(11) Pause Young (Normal) (G1 Evacuation Pause) 196M->146M(1024M) 3.409ms
[2020-07-26T21:35:57.853-0500][gc,cpu        ] GC(11) User=0.00s Sys=0.00s Real=0.00s
[2020-07-26T22:05:26.961-0500][gc,start      ] GC(12) Pause Young (Normal) (G1 Evacuation Pause)
[2020-07-26T22:05:26.962-0500][gc,task       ] GC(12) Using 4 workers of 4 for evacuation
[2020-07-26T22:05:26.965-0500][gc,phases     ] GC(12)   Pre Evacuate Collection Set: 0.1ms
[2020-07-26T22:05:26.965-0500][gc,phases     ] GC(12)   Evacuate Collection Set: 1.8ms
[2020-07-26T22:05:26.965-0500][gc,phases     ] GC(12)   Post Evacuate Collection Set: 0.9ms
[2020-07-26T22:05:26.965-0500][gc,phases     ] GC(12)   Other: 1.2ms
[2020-07-26T22:05:26.965-0500][gc,heap       ] GC(12) Eden regions: 55->0(72)
[2020-07-26T22:05:26.965-0500][gc,heap       ] GC(12) Survivor regions: 1->1(7)
[2020-07-26T22:05:26.965-0500][gc,heap       ] GC(12) Old regions: 19->19
[2020-07-26T22:05:26.965-0500][gc,heap       ] GC(12) Humongous regions: 129->129
[2020-07-26T22:05:26.965-0500][gc,metaspace  ] GC(12) Metaspace: 44686K->44686K(1089536K)
[2020-07-26T22:05:26.965-0500][gc            ] GC(12) Pause Young (Normal) (G1 Evacuation Pause) 201M->146M(1024M) 4.140ms
[2020-07-26T22:05:26.965-0500][gc,cpu        ] GC(12) User=0.00s Sys=0.01s Real=0.01s
[2020-07-26T22:43:48.593-0500][gc,start      ] GC(13) Pause Young (Normal) (G1 Evacuation Pause)
[2020-07-26T22:43:48.594-0500][gc,task       ] GC(13) Using 4 workers of 4 for evacuation
[2020-07-26T22:43:48.598-0500][gc,phases     ] GC(13)   Pre Evacuate Collection Set: 0.1ms
[2020-07-26T22:43:48.598-0500][gc,phases     ] GC(13)   Evacuate Collection Set: 3.5ms
[2020-07-26T22:43:48.598-0500][gc,phases     ] GC(13)   Post Evacuate Collection Set: 0.8ms
[2020-07-26T22:43:48.598-0500][gc,phases     ] GC(13)   Other: 0.7ms
[2020-07-26T22:43:48.598-0500][gc,heap       ] GC(13) Eden regions: 72->0(97)
[2020-07-26T22:43:48.598-0500][gc,heap       ] GC(13) Survivor regions: 1->1(10)
[2020-07-26T22:43:48.598-0500][gc,heap       ] GC(13) Old regions: 19->19
[2020-07-26T22:43:48.598-0500][gc,heap       ] GC(13) Humongous regions: 129->129
[2020-07-26T22:43:48.598-0500][gc,metaspace  ] GC(13) Metaspace: 44821K->44821K(1089536K)
[2020-07-26T22:43:48.598-0500][gc            ] GC(13) Pause Young (Normal) (G1 Evacuation Pause) 218M->146M(1024M) 5.262ms
[2020-07-26T22:43:48.599-0500][gc,cpu        ] GC(13) User=0.00s Sys=0.01s Real=0.01s
[2020-07-26T22:57:12.298-0500][gc,start      ] GC(14) Pause Young (Normal) (G1 Evacuation Pause)
[2020-07-26T22:57:12.300-0500][gc,task       ] GC(14) Using 4 workers of 4 for evacuation
[2020-07-26T22:57:12.319-0500][gc,phases     ] GC(14)   Pre Evacuate Collection Set: 0.1ms
[2020-07-26T22:57:12.319-0500][gc,phases     ] GC(14)   Evacuate Collection Set: 16.3ms
[2020-07-26T22:57:12.319-0500][gc,phases     ] GC(14)   Post Evacuate Collection Set: 1.8ms
[2020-07-26T22:57:12.319-0500][gc,phases     ] GC(14)   Other: 2.2ms
[2020-07-26T22:57:12.319-0500][gc,heap       ] GC(14) Eden regions: 97->0(81)
[2020-07-26T22:57:12.319-0500][gc,heap       ] GC(14) Survivor regions: 1->4(13)
[2020-07-26T22:57:12.319-0500][gc,heap       ] GC(14) Old regions: 19->19
[2020-07-26T22:57:12.319-0500][gc,heap       ] GC(14) Humongous regions: 129->129
[2020-07-26T22:57:12.319-0500][gc,metaspace  ] GC(14) Metaspace: 47821K->47821K(1091584K)
[2020-07-26T22:57:12.319-0500][gc            ] GC(14) Pause Young (Normal) (G1 Evacuation Pause) 243M->150M(1024M) 20.590ms
[2020-07-26T22:57:12.319-0500][gc,cpu        ] GC(14) User=0.06s Sys=0.02s Real=0.02s
