[2020-07-26T23:49:54.148-0500][gc,heap] Heap region size: 1M
[2020-07-26T23:49:54.174-0500][gc     ] Using G1
[2020-07-26T23:49:54.174-0500][gc,heap,coops] Heap address: 0x00000000c0000000, size: 1024 MB, Compressed Oops mode: 32-bit
[2020-07-26T23:49:54.175-0500][gc,cds       ] Mark closed archive regions in map: [0x00000000fff00000, 0x00000000fff69ff8]
[2020-07-26T23:49:54.175-0500][gc,cds       ] Mark open archive regions in map: [0x00000000ffe00000, 0x00000000ffe46ff8]
[2020-07-26T23:49:59.161-0500][gc,start     ] GC(0) Pause Young (Normal) (G1 Evacuation Pause)
[2020-07-26T23:49:59.165-0500][gc,task      ] GC(0) Using 4 workers of 4 for evacuation
[2020-07-26T23:49:59.249-0500][gc,mmu       ] GC(0) MMU target violated: 21.0ms (20.0ms/21.0ms)
[2020-07-26T23:49:59.249-0500][gc,phases    ] GC(0)   Pre Evacuate Collection Set: 0.1ms
[2020-07-26T23:49:59.249-0500][gc,phases    ] GC(0)   Evacuate Collection Set: 82.5ms
[2020-07-26T23:49:59.249-0500][gc,phases    ] GC(0)   Post Evacuate Collection Set: 1.4ms
[2020-07-26T23:49:59.250-0500][gc,phases    ] GC(0)   Other: 4.5ms
[2020-07-26T23:49:59.250-0500][gc,heap      ] GC(0) Eden regions: 51->0(44)
[2020-07-26T23:49:59.250-0500][gc,heap      ] GC(0) Survivor regions: 0->7(7)
[2020-07-26T23:49:59.250-0500][gc,heap      ] GC(0) Old regions: 2->2
[2020-07-26T23:49:59.250-0500][gc,heap      ] GC(0) Humongous regions: 0->0
[2020-07-26T23:49:59.250-0500][gc,metaspace ] GC(0) Metaspace: 17139K->17139K(1064960K)
[2020-07-26T23:49:59.250-0500][gc           ] GC(0) Pause Young (Normal) (G1 Evacuation Pause) 51M->7M(1024M) 88.939ms
[2020-07-26T23:49:59.250-0500][gc,cpu       ] GC(0) User=0.12s Sys=0.00s Real=0.09s
[2020-07-26T23:50:02.281-0500][gc,heap,exit ] Heap
[2020-07-26T23:50:02.281-0500][gc,heap,exit ]  garbage-first heap   total 1048576K, used 22855K [0x00000000c0000000, 0x0000000100000000)
[2020-07-26T23:50:02.281-0500][gc,heap,exit ]   region size 1024K, 23 young (23552K), 7 survivors (7168K)
[2020-07-26T23:50:02.281-0500][gc,heap,exit ]  Metaspace       used 20175K, capacity 20791K, committed 20992K, reserved 1067008K
[2020-07-26T23:50:02.281-0500][gc,heap,exit ]   class space    used 2737K, capacity 2971K, committed 3072K, reserved 1048576K
