[2020-07-25T18:36:40.998-0500][gc,heap] Heap region size: 1M
[2020-07-25T18:36:41.023-0500][gc     ] Using G1
[2020-07-25T18:36:41.023-0500][gc,heap,coops] Heap address: 0x00000000c0000000, size: 1024 MB, Compressed Oops mode: 32-bit
[2020-07-25T18:36:41.024-0500][gc,cds       ] Mark closed archive regions in map: [0x00000000fff00000, 0x00000000fff69ff8]
[2020-07-25T18:36:41.024-0500][gc,cds       ] Mark open archive regions in map: [0x00000000ffe00000, 0x00000000ffe46ff8]
[2020-07-25T18:36:44.864-0500][gc,start     ] GC(0) Pause Young (Normal) (G1 Evacuation Pause)
[2020-07-25T18:36:44.865-0500][gc,task      ] GC(0) Using 4 workers of 4 for evacuation
[2020-07-25T18:36:44.894-0500][gc,mmu       ] GC(0) MMU target violated: 21.0ms (20.0ms/21.0ms)
[2020-07-25T18:36:44.894-0500][gc,phases    ] GC(0)   Pre Evacuate Collection Set: 0.1ms
[2020-07-25T18:36:44.894-0500][gc,phases    ] GC(0)   Evacuate Collection Set: 27.8ms
[2020-07-25T18:36:44.894-0500][gc,phases    ] GC(0)   Post Evacuate Collection Set: 1.2ms
[2020-07-25T18:36:44.894-0500][gc,phases    ] GC(0)   Other: 1.4ms
[2020-07-25T18:36:44.894-0500][gc,heap      ] GC(0) Eden regions: 51->0(44)
[2020-07-25T18:36:44.894-0500][gc,heap      ] GC(0) Survivor regions: 0->7(7)
[2020-07-25T18:36:44.894-0500][gc,heap      ] GC(0) Old regions: 2->2
[2020-07-25T18:36:44.894-0500][gc,heap      ] GC(0) Humongous regions: 0->0
[2020-07-25T18:36:44.894-0500][gc,metaspace ] GC(0) Metaspace: 17097K->17097K(1064960K)
[2020-07-25T18:36:44.895-0500][gc           ] GC(0) Pause Young (Normal) (G1 Evacuation Pause) 51M->7M(1024M) 30.548ms
[2020-07-25T18:36:44.895-0500][gc,cpu       ] GC(0) User=0.10s Sys=0.02s Real=0.03s
[2020-07-25T18:36:45.746-0500][gc,start     ] GC(1) Pause Young (Concurrent Start) (Metadata GC Threshold)
[2020-07-25T18:36:45.746-0500][gc,task      ] GC(1) Using 4 workers of 4 for evacuation
[2020-07-25T18:36:45.782-0500][gc,mmu       ] GC(1) MMU target violated: 21.0ms (20.0ms/21.0ms)
[2020-07-25T18:36:45.782-0500][gc,phases    ] GC(1)   Pre Evacuate Collection Set: 0.1ms
[2020-07-25T18:36:45.782-0500][gc,phases    ] GC(1)   Evacuate Collection Set: 34.8ms
[2020-07-25T18:36:45.782-0500][gc,phases    ] GC(1)   Post Evacuate Collection Set: 0.9ms
[2020-07-25T18:36:45.782-0500][gc,phases    ] GC(1)   Other: 0.6ms
[2020-07-25T18:36:45.782-0500][gc,heap      ] GC(1) Eden regions: 18->0(49)
[2020-07-25T18:36:45.782-0500][gc,heap      ] GC(1) Survivor regions: 7->2(7)
[2020-07-25T18:36:45.782-0500][gc,heap      ] GC(1) Old regions: 2->9
[2020-07-25T18:36:45.782-0500][gc,heap      ] GC(1) Humongous regions: 129->129
[2020-07-25T18:36:45.782-0500][gc,metaspace ] GC(1) Metaspace: 20573K->20573K(1067008K)
[2020-07-25T18:36:45.782-0500][gc           ] GC(1) Pause Young (Concurrent Start) (Metadata GC Threshold) 154M->137M(1024M) 36.567ms
[2020-07-25T18:36:45.782-0500][gc,cpu       ] GC(1) User=0.08s Sys=0.01s Real=0.04s
[2020-07-25T18:36:45.782-0500][gc           ] GC(2) Concurrent Cycle
[2020-07-25T18:36:45.782-0500][gc,marking   ] GC(2) Concurrent Clear Claimed Marks
[2020-07-25T18:36:45.783-0500][gc,marking   ] GC(2) Concurrent Clear Claimed Marks 0.092ms
[2020-07-25T18:36:45.783-0500][gc,marking   ] GC(2) Concurrent Scan Root Regions
[2020-07-25T18:36:45.784-0500][gc,marking   ] GC(2) Concurrent Scan Root Regions 1.892ms
[2020-07-25T18:36:45.785-0500][gc,marking   ] GC(2) Concurrent Mark (4.796s)
[2020-07-25T18:36:45.785-0500][gc,marking   ] GC(2) Concurrent Mark From Roots
[2020-07-25T18:36:45.785-0500][gc,task      ] GC(2) Using 1 workers of 1 for marking
[2020-07-25T18:36:45.815-0500][gc,marking   ] GC(2) Concurrent Mark From Roots 30.787ms
[2020-07-25T18:36:45.815-0500][gc,marking   ] GC(2) Concurrent Preclean
[2020-07-25T18:36:45.816-0500][gc,marking   ] GC(2) Concurrent Preclean 0.228ms
[2020-07-25T18:36:45.816-0500][gc,marking   ] GC(2) Concurrent Mark (4.796s, 4.828s) 31.130ms
[2020-07-25T18:36:45.816-0500][gc,start     ] GC(2) Pause Remark
[2020-07-25T18:36:45.823-0500][gc,stringtable] GC(2) Cleaned string and symbol table, strings: 4977 processed, 0 removed, symbols: 50795 processed, 49 removed
[2020-07-25T18:36:45.824-0500][gc            ] GC(2) Pause Remark 139M->139M(1024M) 7.645ms
[2020-07-25T18:36:45.824-0500][gc,cpu        ] GC(2) User=0.02s Sys=0.00s Real=0.01s
[2020-07-25T18:36:45.824-0500][gc,marking    ] GC(2) Concurrent Rebuild Remembered Sets
[2020-07-25T18:36:45.838-0500][gc,marking    ] GC(2) Concurrent Rebuild Remembered Sets 14.010ms
[2020-07-25T18:36:45.838-0500][gc,start      ] GC(2) Pause Cleanup
[2020-07-25T18:36:45.839-0500][gc            ] GC(2) Pause Cleanup 139M->139M(1024M) 0.753ms
[2020-07-25T18:36:45.839-0500][gc,cpu        ] GC(2) User=0.00s Sys=0.00s Real=0.00s
[2020-07-25T18:36:45.839-0500][gc,marking    ] GC(2) Concurrent Cleanup for Next Mark
[2020-07-25T18:36:45.905-0500][gc,marking    ] GC(2) Concurrent Cleanup for Next Mark 65.893ms
[2020-07-25T18:36:45.905-0500][gc            ] GC(2) Concurrent Cycle 122.986ms
[2020-07-25T18:36:48.350-0500][gc,start      ] GC(3) Pause Young (Concurrent Start) (G1 Evacuation Pause)
[2020-07-25T18:36:48.350-0500][gc,task       ] GC(3) Using 4 workers of 4 for evacuation
[2020-07-25T18:36:48.370-0500][gc,phases     ] GC(3)   Pre Evacuate Collection Set: 0.1ms
[2020-07-25T18:36:48.370-0500][gc,phases     ] GC(3)   Evacuate Collection Set: 18.6ms
[2020-07-25T18:36:48.370-0500][gc,phases     ] GC(3)   Post Evacuate Collection Set: 0.9ms
[2020-07-25T18:36:48.370-0500][gc,phases     ] GC(3)   Other: 0.5ms
[2020-07-25T18:36:48.370-0500][gc,heap       ] GC(3) Eden regions: 49->0(46)
[2020-07-25T18:36:48.370-0500][gc,heap       ] GC(3) Survivor regions: 2->5(7)
[2020-07-25T18:36:48.370-0500][gc,heap       ] GC(3) Old regions: 9->9
[2020-07-25T18:36:48.370-0500][gc,heap       ] GC(3) Humongous regions: 129->129
[2020-07-25T18:36:48.370-0500][gc,metaspace  ] GC(3) Metaspace: 29198K->29198K(1075200K)
[2020-07-25T18:36:48.370-0500][gc            ] GC(3) Pause Young (Concurrent Start) (G1 Evacuation Pause) 186M->141M(1024M) 20.392ms
[2020-07-25T18:36:48.370-0500][gc,cpu        ] GC(3) User=0.06s Sys=0.00s Real=0.02s
[2020-07-25T18:36:48.370-0500][gc            ] GC(4) Concurrent Cycle
[2020-07-25T18:36:48.371-0500][gc,marking    ] GC(4) Concurrent Clear Claimed Marks
[2020-07-25T18:36:48.371-0500][gc,marking    ] GC(4) Concurrent Clear Claimed Marks 0.139ms
[2020-07-25T18:36:48.371-0500][gc,marking    ] GC(4) Concurrent Scan Root Regions
[2020-07-25T18:36:48.383-0500][gc,marking    ] GC(4) Concurrent Scan Root Regions 12.604ms
[2020-07-25T18:36:48.383-0500][gc,marking    ] GC(4) Concurrent Mark (7.395s)
[2020-07-25T18:36:48.383-0500][gc,marking    ] GC(4) Concurrent Mark From Roots
[2020-07-25T18:36:48.383-0500][gc,task       ] GC(4) Using 1 workers of 1 for marking
[2020-07-25T18:36:48.425-0500][gc,marking    ] GC(4) Concurrent Mark From Roots 41.358ms
[2020-07-25T18:36:48.425-0500][gc,marking    ] GC(4) Concurrent Preclean
[2020-07-25T18:36:48.425-0500][gc,marking    ] GC(4) Concurrent Preclean 0.200ms
[2020-07-25T18:36:48.425-0500][gc,marking    ] GC(4) Concurrent Mark (7.395s, 7.437s) 41.720ms
[2020-07-25T18:36:48.426-0500][gc,start      ] GC(4) Pause Remark
[2020-07-25T18:36:48.434-0500][gc,stringtable] GC(4) Cleaned string and symbol table, strings: 9735 processed, 5 removed, symbols: 72706 processed, 24 removed
[2020-07-25T18:36:48.435-0500][gc            ] GC(4) Pause Remark 142M->142M(1024M) 8.974ms
[2020-07-25T18:36:48.435-0500][gc,cpu        ] GC(4) User=0.02s Sys=0.01s Real=0.01s
[2020-07-25T18:36:48.435-0500][gc,marking    ] GC(4) Concurrent Rebuild Remembered Sets
[2020-07-25T18:36:48.468-0500][gc,marking    ] GC(4) Concurrent Rebuild Remembered Sets 32.267ms
[2020-07-25T18:36:48.472-0500][gc,start      ] GC(4) Pause Cleanup
[2020-07-25T18:36:48.473-0500][gc            ] GC(4) Pause Cleanup 143M->143M(1024M) 0.834ms
[2020-07-25T18:36:48.473-0500][gc,cpu        ] GC(4) User=0.00s Sys=0.00s Real=0.01s
[2020-07-25T18:36:48.473-0500][gc,marking    ] GC(4) Concurrent Cleanup for Next Mark
[2020-07-25T18:36:48.592-0500][gc,marking    ] GC(4) Concurrent Cleanup for Next Mark 118.862ms
[2020-07-25T18:36:48.592-0500][gc            ] GC(4) Concurrent Cycle 221.673ms
[2020-07-25T18:36:50.824-0500][gc,start      ] GC(5) Pause Young (Normal) (G1 Evacuation Pause)
[2020-07-25T18:36:50.824-0500][gc,task       ] GC(5) Using 4 workers of 4 for evacuation
[2020-07-25T18:36:50.852-0500][gc,mmu        ] GC(5) MMU target violated: 21.0ms (20.0ms/21.0ms)
[2020-07-25T18:36:50.853-0500][gc,phases     ] GC(5)   Pre Evacuate Collection Set: 0.1ms
[2020-07-25T18:36:50.853-0500][gc,phases     ] GC(5)   Evacuate Collection Set: 26.4ms
[2020-07-25T18:36:50.853-0500][gc,phases     ] GC(5)   Post Evacuate Collection Set: 1.8ms
[2020-07-25T18:36:50.853-0500][gc,phases     ] GC(5)   Other: 0.6ms
[2020-07-25T18:36:50.853-0500][gc,heap       ] GC(5) Eden regions: 46->0(48)
[2020-07-25T18:36:50.853-0500][gc,heap       ] GC(5) Survivor regions: 5->3(7)
[2020-07-25T18:36:50.853-0500][gc,heap       ] GC(5) Old regions: 9->14
[2020-07-25T18:36:50.853-0500][gc,heap       ] GC(5) Humongous regions: 129->129
[2020-07-25T18:36:50.853-0500][gc,metaspace  ] GC(5) Metaspace: 35776K->35776K(1081344K)
[2020-07-25T18:36:50.853-0500][gc            ] GC(5) Pause Young (Normal) (G1 Evacuation Pause) 187M->143M(1024M) 29.040ms
[2020-07-25T18:36:50.853-0500][gc,cpu        ] GC(5) User=0.07s Sys=0.01s Real=0.03s
[2020-07-25T18:41:05.700-0500][gc,start      ] GC(6) Pause Young (Normal) (G1 Evacuation Pause)
[2020-07-25T18:41:05.700-0500][gc,task       ] GC(6) Using 4 workers of 4 for evacuation
[2020-07-25T18:41:05.724-0500][gc,mmu        ] GC(6) MMU target violated: 21.0ms (20.0ms/21.0ms)
[2020-07-25T18:41:05.725-0500][gc,phases     ] GC(6)   Pre Evacuate Collection Set: 0.1ms
[2020-07-25T18:41:05.725-0500][gc,phases     ] GC(6)   Evacuate Collection Set: 21.8ms
[2020-07-25T18:41:05.725-0500][gc,phases     ] GC(6)   Post Evacuate Collection Set: 2.5ms
[2020-07-25T18:41:05.725-0500][gc,phases     ] GC(6)   Other: 0.6ms
[2020-07-25T18:41:05.725-0500][gc,heap       ] GC(6) Eden regions: 48->0(44)
[2020-07-25T18:41:05.725-0500][gc,heap       ] GC(6) Survivor regions: 3->7(7)
[2020-07-25T18:41:05.725-0500][gc,heap       ] GC(6) Old regions: 14->14
[2020-07-25T18:41:05.725-0500][gc,heap       ] GC(6) Humongous regions: 129->129
[2020-07-25T18:41:05.725-0500][gc,metaspace  ] GC(6) Metaspace: 45926K->45926K(1091584K)
[2020-07-25T18:41:05.725-0500][gc            ] GC(6) Pause Young (Normal) (G1 Evacuation Pause) 191M->148M(1024M) 25.134ms
[2020-07-25T18:41:05.725-0500][gc,cpu        ] GC(6) User=0.07s Sys=0.00s Real=0.03s
[2020-07-25T18:52:00.876-0500][gc,start      ] GC(7) Pause Young (Normal) (G1 Evacuation Pause)
[2020-07-25T18:52:00.877-0500][gc,task       ] GC(7) Using 4 workers of 4 for evacuation
[2020-07-25T18:52:00.901-0500][gc,mmu        ] GC(7) MMU target violated: 21.0ms (20.0ms/21.0ms)
[2020-07-25T18:52:00.902-0500][gc,phases     ] GC(7)   Pre Evacuate Collection Set: 0.1ms
[2020-07-25T18:52:00.902-0500][gc,phases     ] GC(7)   Evacuate Collection Set: 23.4ms
[2020-07-25T18:52:00.902-0500][gc,phases     ] GC(7)   Post Evacuate Collection Set: 1.1ms
[2020-07-25T18:52:00.902-0500][gc,phases     ] GC(7)   Other: 0.6ms
[2020-07-25T18:52:00.902-0500][gc,heap       ] GC(7) Eden regions: 44->0(48)
[2020-07-25T18:52:00.902-0500][gc,heap       ] GC(7) Survivor regions: 7->3(7)
[2020-07-25T18:52:00.902-0500][gc,heap       ] GC(7) Old regions: 14->20
[2020-07-25T18:52:00.902-0500][gc,heap       ] GC(7) Humongous regions: 129->129
[2020-07-25T18:52:00.902-0500][gc,metaspace  ] GC(7) Metaspace: 46445K->46445K(1091584K)
[2020-07-25T18:52:00.902-0500][gc            ] GC(7) Pause Young (Normal) (G1 Evacuation Pause) 192M->149M(1024M) 25.291ms
[2020-07-25T18:52:00.902-0500][gc,cpu        ] GC(7) User=0.07s Sys=0.01s Real=0.03s
[2020-07-25T19:04:40.518-0500][gc,start      ] GC(8) Pause Young (Normal) (G1 Evacuation Pause)
[2020-07-25T19:04:40.519-0500][gc,task       ] GC(8) Using 4 workers of 4 for evacuation
[2020-07-25T19:04:40.555-0500][gc,mmu        ] GC(8) MMU target violated: 21.0ms (20.0ms/21.0ms)
[2020-07-25T19:04:40.555-0500][gc,phases     ] GC(8)   Pre Evacuate Collection Set: 0.1ms
[2020-07-25T19:04:40.555-0500][gc,phases     ] GC(8)   Evacuate Collection Set: 35.5ms
[2020-07-25T19:04:40.555-0500][gc,phases     ] GC(8)   Post Evacuate Collection Set: 0.9ms
[2020-07-25T19:04:40.556-0500][gc,phases     ] GC(8)   Other: 0.5ms
[2020-07-25T19:04:40.556-0500][gc,heap       ] GC(8) Eden regions: 48->0(47)
[2020-07-25T19:04:40.556-0500][gc,heap       ] GC(8) Survivor regions: 3->4(7)
[2020-07-25T19:04:40.556-0500][gc,heap       ] GC(8) Old regions: 20->20
[2020-07-25T19:04:40.556-0500][gc,heap       ] GC(8) Humongous regions: 129->129
[2020-07-25T19:04:40.556-0500][gc,metaspace  ] GC(8) Metaspace: 46547K->46547K(1091584K)
[2020-07-25T19:04:40.556-0500][gc            ] GC(8) Pause Young (Normal) (G1 Evacuation Pause) 197M->150M(1024M) 37.195ms
[2020-07-25T19:04:40.556-0500][gc,cpu        ] GC(8) User=0.04s Sys=0.00s Real=0.04s
[2020-07-25T19:17:30.699-0500][gc,start      ] GC(9) Pause Young (Normal) (G1 Evacuation Pause)
[2020-07-25T19:17:30.699-0500][gc,task       ] GC(9) Using 4 workers of 4 for evacuation
[2020-07-25T19:17:30.725-0500][gc,mmu        ] GC(9) MMU target violated: 21.0ms (20.0ms/21.0ms)
[2020-07-25T19:17:30.725-0500][gc,phases     ] GC(9)   Pre Evacuate Collection Set: 0.1ms
[2020-07-25T19:17:30.725-0500][gc,phases     ] GC(9)   Evacuate Collection Set: 24.7ms
[2020-07-25T19:17:30.725-0500][gc,phases     ] GC(9)   Post Evacuate Collection Set: 0.7ms
[2020-07-25T19:17:30.725-0500][gc,phases     ] GC(9)   Other: 0.6ms
[2020-07-25T19:17:30.725-0500][gc,heap       ] GC(9) Eden regions: 47->0(45)
[2020-07-25T19:17:30.725-0500][gc,heap       ] GC(9) Survivor regions: 4->6(7)
[2020-07-25T19:17:30.725-0500][gc,heap       ] GC(9) Old regions: 20->21
[2020-07-25T19:17:30.725-0500][gc,heap       ] GC(9) Humongous regions: 129->129
[2020-07-25T19:17:30.725-0500][gc,metaspace  ] GC(9) Metaspace: 46590K->46590K(1091584K)
[2020-07-25T19:17:30.725-0500][gc            ] GC(9) Pause Young (Normal) (G1 Evacuation Pause) 197M->154M(1024M) 26.323ms
[2020-07-25T19:17:30.725-0500][gc,cpu        ] GC(9) User=0.07s Sys=0.00s Real=0.03s
[2020-07-25T19:29:45.699-0500][gc,start      ] GC(10) Pause Young (Normal) (G1 Evacuation Pause)
[2020-07-25T19:29:45.699-0500][gc,task       ] GC(10) Using 4 workers of 4 for evacuation
[2020-07-25T19:29:45.723-0500][gc,mmu        ] GC(10) MMU target violated: 21.0ms (20.0ms/21.0ms)
[2020-07-25T19:29:45.723-0500][gc,phases     ] GC(10)   Pre Evacuate Collection Set: 0.1ms
[2020-07-25T19:29:45.723-0500][gc,phases     ] GC(10)   Evacuate Collection Set: 22.3ms
[2020-07-25T19:29:45.723-0500][gc,phases     ] GC(10)   Post Evacuate Collection Set: 0.8ms
[2020-07-25T19:29:45.723-0500][gc,phases     ] GC(10)   Other: 0.7ms
[2020-07-25T19:29:45.723-0500][gc,heap       ] GC(10) Eden regions: 45->0(45)
[2020-07-25T19:29:45.723-0500][gc,heap       ] GC(10) Survivor regions: 6->6(7)
[2020-07-25T19:29:45.723-0500][gc,heap       ] GC(10) Old regions: 21->23
[2020-07-25T19:29:45.723-0500][gc,heap       ] GC(10) Humongous regions: 129->129
[2020-07-25T19:29:45.723-0500][gc,metaspace  ] GC(10) Metaspace: 46699K->46699K(1091584K)
[2020-07-25T19:29:45.723-0500][gc            ] GC(10) Pause Young (Normal) (G1 Evacuation Pause) 199M->155M(1024M) 24.018ms
[2020-07-25T19:29:45.723-0500][gc,cpu        ] GC(10) User=0.08s Sys=0.01s Real=0.03s
[2020-07-25T19:41:28.726-0500][gc,start      ] GC(11) Pause Young (Normal) (G1 Evacuation Pause)
[2020-07-25T19:41:28.726-0500][gc,task       ] GC(11) Using 4 workers of 4 for evacuation
[2020-07-25T19:41:28.757-0500][gc,mmu        ] GC(11) MMU target violated: 21.0ms (20.0ms/21.0ms)
[2020-07-25T19:41:28.757-0500][gc,phases     ] GC(11)   Pre Evacuate Collection Set: 0.1ms
[2020-07-25T19:41:28.757-0500][gc,phases     ] GC(11)   Evacuate Collection Set: 29.2ms
[2020-07-25T19:41:28.757-0500][gc,phases     ] GC(11)   Post Evacuate Collection Set: 0.8ms
[2020-07-25T19:41:28.757-0500][gc,phases     ] GC(11)   Other: 0.6ms
[2020-07-25T19:41:28.757-0500][gc,heap       ] GC(11) Eden regions: 45->0(44)
[2020-07-25T19:41:28.757-0500][gc,heap       ] GC(11) Survivor regions: 6->7(7)
[2020-07-25T19:41:28.757-0500][gc,heap       ] GC(11) Old regions: 23->26
[2020-07-25T19:41:28.757-0500][gc,heap       ] GC(11) Humongous regions: 129->129
[2020-07-25T19:41:28.757-0500][gc,metaspace  ] GC(11) Metaspace: 46760K->46760K(1091584K)
[2020-07-25T19:41:28.757-0500][gc            ] GC(11) Pause Young (Normal) (G1 Evacuation Pause) 200M->159M(1024M) 30.868ms
[2020-07-25T19:41:28.757-0500][gc,cpu        ] GC(11) User=0.09s Sys=0.01s Real=0.03s
[2020-07-25T19:48:10.699-0500][gc,start      ] GC(12) Pause Young (Normal) (G1 Evacuation Pause)
[2020-07-25T19:48:10.699-0500][gc,task       ] GC(12) Using 4 workers of 4 for evacuation
[2020-07-25T19:48:10.729-0500][gc,mmu        ] GC(12) MMU target violated: 21.0ms (20.0ms/21.0ms)
[2020-07-25T19:48:10.729-0500][gc,phases     ] GC(12)   Pre Evacuate Collection Set: 0.1ms
[2020-07-25T19:48:10.729-0500][gc,phases     ] GC(12)   Evacuate Collection Set: 28.6ms
[2020-07-25T19:48:10.729-0500][gc,phases     ] GC(12)   Post Evacuate Collection Set: 0.9ms
[2020-07-25T19:48:10.729-0500][gc,phases     ] GC(12)   Other: 0.6ms
[2020-07-25T19:48:10.730-0500][gc,heap       ] GC(12) Eden regions: 44->0(48)
[2020-07-25T19:48:10.730-0500][gc,heap       ] GC(12) Survivor regions: 7->3(7)
[2020-07-25T19:48:10.730-0500][gc,heap       ] GC(12) Old regions: 26->30
[2020-07-25T19:48:10.730-0500][gc,heap       ] GC(12) Humongous regions: 129->129
[2020-07-25T19:48:10.730-0500][gc,metaspace  ] GC(12) Metaspace: 47903K->47903K(1091584K)
[2020-07-25T19:48:10.730-0500][gc            ] GC(12) Pause Young (Normal) (G1 Evacuation Pause) 203M->159M(1024M) 30.337ms
[2020-07-25T19:48:10.730-0500][gc,cpu        ] GC(12) User=0.06s Sys=0.02s Real=0.03s
[2020-07-25T19:49:57.696-0500][gc,start      ] GC(13) Pause Young (Normal) (G1 Evacuation Pause)
[2020-07-25T19:49:57.696-0500][gc,task       ] GC(13) Using 4 workers of 4 for evacuation
[2020-07-25T19:49:57.717-0500][gc,mmu        ] GC(13) MMU target violated: 20.9ms (20.0ms/21.0ms)
[2020-07-25T19:49:57.717-0500][gc,phases     ] GC(13)   Pre Evacuate Collection Set: 0.1ms
[2020-07-25T19:49:57.717-0500][gc,phases     ] GC(13)   Evacuate Collection Set: 19.2ms
[2020-07-25T19:49:57.717-0500][gc,phases     ] GC(13)   Post Evacuate Collection Set: 1.4ms
[2020-07-25T19:49:57.717-0500][gc,phases     ] GC(13)   Other: 0.6ms
[2020-07-25T19:49:57.717-0500][gc,heap       ] GC(13) Eden regions: 48->0(46)
[2020-07-25T19:49:57.717-0500][gc,heap       ] GC(13) Survivor regions: 3->5(7)
[2020-07-25T19:49:57.717-0500][gc,heap       ] GC(13) Old regions: 30->30
[2020-07-25T19:49:57.717-0500][gc,heap       ] GC(13) Humongous regions: 129->129
[2020-07-25T19:49:57.717-0500][gc,metaspace  ] GC(13) Metaspace: 48090K->48090K(1093632K)
[2020-07-25T19:49:57.717-0500][gc            ] GC(13) Pause Young (Normal) (G1 Evacuation Pause) 207M->161M(1024M) 21.462ms
[2020-07-25T19:49:57.717-0500][gc,cpu        ] GC(13) User=0.05s Sys=0.00s Real=0.02s
[2020-07-25T19:51:40.973-0500][gc,start      ] GC(14) Pause Young (Normal) (G1 Evacuation Pause)
[2020-07-25T19:51:40.973-0500][gc,task       ] GC(14) Using 4 workers of 4 for evacuation
[2020-07-25T19:51:40.993-0500][gc,phases     ] GC(14)   Pre Evacuate Collection Set: 0.1ms
[2020-07-25T19:51:40.993-0500][gc,phases     ] GC(14)   Evacuate Collection Set: 18.0ms
[2020-07-25T19:51:40.993-0500][gc,phases     ] GC(14)   Post Evacuate Collection Set: 0.8ms
[2020-07-25T19:51:40.993-0500][gc,phases     ] GC(14)   Other: 0.5ms
[2020-07-25T19:51:40.993-0500][gc,heap       ] GC(14) Eden regions: 46->0(46)
[2020-07-25T19:51:40.993-0500][gc,heap       ] GC(14) Survivor regions: 5->5(7)
[2020-07-25T19:51:40.993-0500][gc,heap       ] GC(14) Old regions: 30->32
[2020-07-25T19:51:40.993-0500][gc,heap       ] GC(14) Humongous regions: 129->129
[2020-07-25T19:51:40.993-0500][gc,metaspace  ] GC(14) Metaspace: 48092K->48092K(1093632K)
[2020-07-25T19:51:40.993-0500][gc            ] GC(14) Pause Young (Normal) (G1 Evacuation Pause) 207M->163M(1024M) 19.626ms
[2020-07-25T19:51:40.993-0500][gc,cpu        ] GC(14) User=0.07s Sys=0.00s Real=0.02s
[2020-07-25T19:53:22.061-0500][gc,start      ] GC(15) Pause Young (Normal) (G1 Evacuation Pause)
[2020-07-25T19:53:22.061-0500][gc,task       ] GC(15) Using 4 workers of 4 for evacuation
[2020-07-25T19:53:22.086-0500][gc,mmu        ] GC(15) MMU target violated: 21.0ms (20.0ms/21.0ms)
[2020-07-25T19:53:22.086-0500][gc,phases     ] GC(15)   Pre Evacuate Collection Set: 0.1ms
[2020-07-25T19:53:22.086-0500][gc,phases     ] GC(15)   Evacuate Collection Set: 23.8ms
[2020-07-25T19:53:22.086-0500][gc,phases     ] GC(15)   Post Evacuate Collection Set: 0.9ms
[2020-07-25T19:53:22.087-0500][gc,phases     ] GC(15)   Other: 0.7ms
[2020-07-25T19:53:22.087-0500][gc,heap       ] GC(15) Eden regions: 46->0(45)
[2020-07-25T19:53:22.087-0500][gc,heap       ] GC(15) Survivor regions: 5->6(7)
[2020-07-25T19:53:22.087-0500][gc,heap       ] GC(15) Old regions: 32->34
[2020-07-25T19:53:22.087-0500][gc,heap       ] GC(15) Humongous regions: 129->129
[2020-07-25T19:53:22.087-0500][gc,metaspace  ] GC(15) Metaspace: 48094K->48094K(1093632K)
[2020-07-25T19:53:22.087-0500][gc            ] GC(15) Pause Young (Normal) (G1 Evacuation Pause) 209M->166M(1024M) 25.638ms
[2020-07-25T19:53:22.087-0500][gc,cpu        ] GC(15) User=0.09s Sys=0.00s Real=0.02s
[2020-07-25T19:55:03.170-0500][gc,start      ] GC(16) Pause Young (Normal) (G1 Evacuation Pause)
[2020-07-25T19:55:03.170-0500][gc,task       ] GC(16) Using 4 workers of 4 for evacuation
[2020-07-25T19:55:03.200-0500][gc,mmu        ] GC(16) MMU target violated: 21.0ms (20.0ms/21.0ms)
[2020-07-25T19:55:03.201-0500][gc,phases     ] GC(16)   Pre Evacuate Collection Set: 0.1ms
[2020-07-25T19:55:03.201-0500][gc,phases     ] GC(16)   Evacuate Collection Set: 28.9ms
[2020-07-25T19:55:03.201-0500][gc,phases     ] GC(16)   Post Evacuate Collection Set: 0.9ms
[2020-07-25T19:55:03.201-0500][gc,phases     ] GC(16)   Other: 0.6ms
[2020-07-25T19:55:03.201-0500][gc,heap       ] GC(16) Eden regions: 45->0(44)
[2020-07-25T19:55:03.201-0500][gc,heap       ] GC(16) Survivor regions: 6->7(7)
[2020-07-25T19:55:03.201-0500][gc,heap       ] GC(16) Old regions: 34->36
[2020-07-25T19:55:03.201-0500][gc,heap       ] GC(16) Humongous regions: 129->129
[2020-07-25T19:55:03.201-0500][gc,metaspace  ] GC(16) Metaspace: 48094K->48094K(1093632K)
[2020-07-25T19:55:03.201-0500][gc            ] GC(16) Pause Young (Normal) (G1 Evacuation Pause) 211M->169M(1024M) 30.577ms
[2020-07-25T19:55:03.201-0500][gc,cpu        ] GC(16) User=0.09s Sys=0.00s Real=0.04s
[2020-07-25T19:56:44.474-0500][gc,start      ] GC(17) Pause Young (Normal) (G1 Evacuation Pause)
[2020-07-25T19:56:44.474-0500][gc,task       ] GC(17) Using 4 workers of 4 for evacuation
[2020-07-25T19:56:44.507-0500][gc,mmu        ] GC(17) MMU target violated: 21.0ms (20.0ms/21.0ms)
[2020-07-25T19:56:44.507-0500][gc,phases     ] GC(17)   Pre Evacuate Collection Set: 0.1ms
[2020-07-25T19:56:44.507-0500][gc,phases     ] GC(17)   Evacuate Collection Set: 31.8ms
[2020-07-25T19:56:44.507-0500][gc,phases     ] GC(17)   Post Evacuate Collection Set: 0.8ms
[2020-07-25T19:56:44.507-0500][gc,phases     ] GC(17)   Other: 0.6ms
[2020-07-25T19:56:44.507-0500][gc,heap       ] GC(17) Eden regions: 44->0(44)
[2020-07-25T19:56:44.507-0500][gc,heap       ] GC(17) Survivor regions: 7->7(7)
[2020-07-25T19:56:44.507-0500][gc,heap       ] GC(17) Old regions: 36->40
[2020-07-25T19:56:44.507-0500][gc,heap       ] GC(17) Humongous regions: 129->129
[2020-07-25T19:56:44.507-0500][gc,metaspace  ] GC(17) Metaspace: 48096K->48096K(1093632K)
[2020-07-25T19:56:44.507-0500][gc            ] GC(17) Pause Young (Normal) (G1 Evacuation Pause) 213M->173M(1024M) 33.463ms
[2020-07-25T19:56:44.507-0500][gc,cpu        ] GC(17) User=0.09s Sys=0.00s Real=0.03s
[2020-07-25T19:58:22.319-0500][gc,start      ] GC(18) Pause Young (Normal) (G1 Evacuation Pause)
[2020-07-25T19:58:22.319-0500][gc,task       ] GC(18) Using 4 workers of 4 for evacuation
[2020-07-25T19:58:22.346-0500][gc,mmu        ] GC(18) MMU target violated: 21.0ms (20.0ms/21.0ms)
[2020-07-25T19:58:22.346-0500][gc,phases     ] GC(18)   Pre Evacuate Collection Set: 0.1ms
[2020-07-25T19:58:22.346-0500][gc,phases     ] GC(18)   Evacuate Collection Set: 25.7ms
[2020-07-25T19:58:22.346-0500][gc,phases     ] GC(18)   Post Evacuate Collection Set: 0.8ms
[2020-07-25T19:58:22.346-0500][gc,phases     ] GC(18)   Other: 0.5ms
[2020-07-25T19:58:22.346-0500][gc,heap       ] GC(18) Eden regions: 44->0(44)
[2020-07-25T19:58:22.346-0500][gc,heap       ] GC(18) Survivor regions: 7->7(7)
[2020-07-25T19:58:22.346-0500][gc,heap       ] GC(18) Old regions: 40->43
[2020-07-25T19:58:22.346-0500][gc,heap       ] GC(18) Humongous regions: 129->129
[2020-07-25T19:58:22.346-0500][gc,metaspace  ] GC(18) Metaspace: 48101K->48101K(1093632K)
[2020-07-25T19:58:22.347-0500][gc            ] GC(18) Pause Young (Normal) (G1 Evacuation Pause) 217M->176M(1024M) 27.322ms
[2020-07-25T19:58:22.347-0500][gc,cpu        ] GC(18) User=0.10s Sys=0.00s Real=0.03s
[2020-07-25T20:00:05.680-0500][gc,start      ] GC(19) Pause Young (Normal) (G1 Evacuation Pause)
[2020-07-25T20:00:05.680-0500][gc,task       ] GC(19) Using 4 workers of 4 for evacuation
[2020-07-25T20:00:05.719-0500][gc,mmu        ] GC(19) MMU target violated: 21.0ms (20.0ms/21.0ms)
[2020-07-25T20:00:05.719-0500][gc,phases     ] GC(19)   Pre Evacuate Collection Set: 0.1ms
[2020-07-25T20:00:05.719-0500][gc,phases     ] GC(19)   Evacuate Collection Set: 36.9ms
[2020-07-25T20:00:05.719-0500][gc,phases     ] GC(19)   Post Evacuate Collection Set: 0.8ms
[2020-07-25T20:00:05.719-0500][gc,phases     ] GC(19)   Other: 0.7ms
[2020-07-25T20:00:05.719-0500][gc,heap       ] GC(19) Eden regions: 44->0(45)
[2020-07-25T20:00:05.719-0500][gc,heap       ] GC(19) Survivor regions: 7->6(7)
[2020-07-25T20:00:05.719-0500][gc,heap       ] GC(19) Old regions: 43->46
[2020-07-25T20:00:05.719-0500][gc,heap       ] GC(19) Humongous regions: 129->129
[2020-07-25T20:00:05.719-0500][gc,metaspace  ] GC(19) Metaspace: 48101K->48101K(1093632K)
[2020-07-25T20:00:05.719-0500][gc            ] GC(19) Pause Young (Normal) (G1 Evacuation Pause) 220M->178M(1024M) 38.625ms
[2020-07-25T20:00:05.719-0500][gc,cpu        ] GC(19) User=0.10s Sys=0.00s Real=0.04s
[2020-07-25T20:01:45.807-0500][gc,start      ] GC(20) Pause Young (Normal) (G1 Evacuation Pause)
[2020-07-25T20:01:45.807-0500][gc,task       ] GC(20) Using 4 workers of 4 for evacuation
[2020-07-25T20:01:45.843-0500][gc,mmu        ] GC(20) MMU target violated: 21.0ms (20.0ms/21.0ms)
[2020-07-25T20:01:45.843-0500][gc,phases     ] GC(20)   Pre Evacuate Collection Set: 0.1ms
[2020-07-25T20:01:45.843-0500][gc,phases     ] GC(20)   Evacuate Collection Set: 34.7ms
[2020-07-25T20:01:45.843-0500][gc,phases     ] GC(20)   Post Evacuate Collection Set: 0.8ms
[2020-07-25T20:01:45.843-0500][gc,phases     ] GC(20)   Other: 0.6ms
[2020-07-25T20:01:45.843-0500][gc,heap       ] GC(20) Eden regions: 45->0(44)
[2020-07-25T20:01:45.843-0500][gc,heap       ] GC(20) Survivor regions: 6->7(7)
[2020-07-25T20:01:45.843-0500][gc,heap       ] GC(20) Old regions: 46->49
[2020-07-25T20:01:45.843-0500][gc,heap       ] GC(20) Humongous regions: 129->129
[2020-07-25T20:01:45.843-0500][gc,metaspace  ] GC(20) Metaspace: 48115K->48115K(1093632K)
[2020-07-25T20:01:45.843-0500][gc            ] GC(20) Pause Young (Normal) (G1 Evacuation Pause) 223M->182M(1024M) 36.432ms
[2020-07-25T20:01:45.843-0500][gc,cpu        ] GC(20) User=0.12s Sys=0.00s Real=0.04s
[2020-07-25T20:03:25.090-0500][gc,start      ] GC(21) Pause Young (Normal) (G1 Evacuation Pause)
[2020-07-25T20:03:25.090-0500][gc,task       ] GC(21) Using 4 workers of 4 for evacuation
[2020-07-25T20:03:25.147-0500][gc,mmu        ] GC(21) MMU target violated: 21.0ms (20.0ms/21.0ms)
[2020-07-25T20:03:25.147-0500][gc,phases     ] GC(21)   Pre Evacuate Collection Set: 0.1ms
[2020-07-25T20:03:25.148-0500][gc,phases     ] GC(21)   Evacuate Collection Set: 55.9ms
[2020-07-25T20:03:25.148-0500][gc,phases     ] GC(21)   Post Evacuate Collection Set: 0.8ms
[2020-07-25T20:03:25.148-0500][gc,phases     ] GC(21)   Other: 0.6ms
[2020-07-25T20:03:25.148-0500][gc,heap       ] GC(21) Eden regions: 44->0(45)
[2020-07-25T20:03:25.148-0500][gc,heap       ] GC(21) Survivor regions: 7->6(7)
[2020-07-25T20:03:25.148-0500][gc,heap       ] GC(21) Old regions: 49->52
[2020-07-25T20:03:25.148-0500][gc,heap       ] GC(21) Humongous regions: 129->129
[2020-07-25T20:03:25.148-0500][gc,metaspace  ] GC(21) Metaspace: 48115K->48115K(1093632K)
[2020-07-25T20:03:25.148-0500][gc            ] GC(21) Pause Young (Normal) (G1 Evacuation Pause) 226M->185M(1024M) 57.701ms
[2020-07-25T20:03:25.148-0500][gc,cpu        ] GC(21) User=0.10s Sys=0.01s Real=0.06s
[2020-07-25T20:05:06.463-0500][gc,start      ] GC(22) Pause Young (Normal) (G1 Evacuation Pause)
[2020-07-25T20:05:06.463-0500][gc,task       ] GC(22) Using 4 workers of 4 for evacuation
[2020-07-25T20:05:06.546-0500][gc,mmu        ] GC(22) MMU target violated: 21.0ms (20.0ms/21.0ms)
[2020-07-25T20:05:06.546-0500][gc,phases     ] GC(22)   Pre Evacuate Collection Set: 0.1ms
[2020-07-25T20:05:06.546-0500][gc,phases     ] GC(22)   Evacuate Collection Set: 81.8ms
[2020-07-25T20:05:06.546-0500][gc,phases     ] GC(22)   Post Evacuate Collection Set: 0.8ms
[2020-07-25T20:05:06.546-0500][gc,phases     ] GC(22)   Other: 0.5ms
[2020-07-25T20:05:06.546-0500][gc,heap       ] GC(22) Eden regions: 45->0(44)
[2020-07-25T20:05:06.546-0500][gc,heap       ] GC(22) Survivor regions: 6->7(7)
[2020-07-25T20:05:06.546-0500][gc,heap       ] GC(22) Old regions: 52->55
[2020-07-25T20:05:06.546-0500][gc,heap       ] GC(22) Humongous regions: 129->129
[2020-07-25T20:05:06.546-0500][gc,metaspace  ] GC(22) Metaspace: 48115K->48115K(1093632K)
[2020-07-25T20:05:06.546-0500][gc            ] GC(22) Pause Young (Normal) (G1 Evacuation Pause) 230M->189M(1024M) 83.352ms
[2020-07-25T20:05:06.546-0500][gc,cpu        ] GC(22) User=0.10s Sys=0.00s Real=0.08s
[2020-07-25T20:06:41.600-0500][gc,start      ] GC(23) Pause Young (Normal) (G1 Evacuation Pause)
[2020-07-25T20:06:41.600-0500][gc,task       ] GC(23) Using 4 workers of 4 for evacuation
[2020-07-25T20:06:41.631-0500][gc,mmu        ] GC(23) MMU target violated: 21.0ms (20.0ms/21.0ms)
[2020-07-25T20:06:41.631-0500][gc,phases     ] GC(23)   Pre Evacuate Collection Set: 0.1ms
[2020-07-25T20:06:41.631-0500][gc,phases     ] GC(23)   Evacuate Collection Set: 29.0ms
[2020-07-25T20:06:41.631-0500][gc,phases     ] GC(23)   Post Evacuate Collection Set: 0.8ms
[2020-07-25T20:06:41.631-0500][gc,phases     ] GC(23)   Other: 0.5ms
[2020-07-25T20:06:41.631-0500][gc,heap       ] GC(23) Eden regions: 44->0(45)
[2020-07-25T20:06:41.631-0500][gc,heap       ] GC(23) Survivor regions: 7->6(7)
[2020-07-25T20:06:41.631-0500][gc,heap       ] GC(23) Old regions: 55->59
[2020-07-25T20:06:41.631-0500][gc,heap       ] GC(23) Humongous regions: 129->129
[2020-07-25T20:06:41.631-0500][gc,metaspace  ] GC(23) Metaspace: 48123K->48123K(1093632K)
[2020-07-25T20:06:41.631-0500][gc            ] GC(23) Pause Young (Normal) (G1 Evacuation Pause) 233M->191M(1024M) 30.652ms
[2020-07-25T20:06:41.631-0500][gc,cpu        ] GC(23) User=0.11s Sys=0.00s Real=0.03s
[2020-07-25T20:08:20.985-0500][gc,start      ] GC(24) Pause Young (Normal) (G1 Evacuation Pause)
[2020-07-25T20:08:20.985-0500][gc,task       ] GC(24) Using 4 workers of 4 for evacuation
[2020-07-25T20:08:21.032-0500][gc,mmu        ] GC(24) MMU target violated: 21.0ms (20.0ms/21.0ms)
[2020-07-25T20:08:21.032-0500][gc,phases     ] GC(24)   Pre Evacuate Collection Set: 0.1ms
[2020-07-25T20:08:21.032-0500][gc,phases     ] GC(24)   Evacuate Collection Set: 45.3ms
[2020-07-25T20:08:21.032-0500][gc,phases     ] GC(24)   Post Evacuate Collection Set: 1.1ms
[2020-07-25T20:08:21.032-0500][gc,phases     ] GC(24)   Other: 0.7ms
[2020-07-25T20:08:21.032-0500][gc,heap       ] GC(24) Eden regions: 45->0(44)
[2020-07-25T20:08:21.032-0500][gc,heap       ] GC(24) Survivor regions: 6->7(7)
[2020-07-25T20:08:21.032-0500][gc,heap       ] GC(24) Old regions: 59->62
[2020-07-25T20:08:21.032-0500][gc,heap       ] GC(24) Humongous regions: 129->129
[2020-07-25T20:08:21.032-0500][gc,metaspace  ] GC(24) Metaspace: 48124K->48124K(1093632K)
[2020-07-25T20:08:21.032-0500][gc            ] GC(24) Pause Young (Normal) (G1 Evacuation Pause) 236M->195M(1024M) 47.316ms
[2020-07-25T20:08:21.032-0500][gc,cpu        ] GC(24) User=0.10s Sys=0.00s Real=0.04s
[2020-07-25T20:10:01.724-0500][gc,start      ] GC(25) Pause Young (Normal) (G1 Evacuation Pause)
[2020-07-25T20:10:01.724-0500][gc,task       ] GC(25) Using 4 workers of 4 for evacuation
[2020-07-25T20:10:01.754-0500][gc,mmu        ] GC(25) MMU target violated: 21.0ms (20.0ms/21.0ms)
[2020-07-25T20:10:01.754-0500][gc,phases     ] GC(25)   Pre Evacuate Collection Set: 0.1ms
[2020-07-25T20:10:01.754-0500][gc,phases     ] GC(25)   Evacuate Collection Set: 28.7ms
[2020-07-25T20:10:01.754-0500][gc,phases     ] GC(25)   Post Evacuate Collection Set: 0.6ms
[2020-07-25T20:10:01.754-0500][gc,phases     ] GC(25)   Other: 0.6ms
[2020-07-25T20:10:01.754-0500][gc,heap       ] GC(25) Eden regions: 44->0(44)
[2020-07-25T20:10:01.754-0500][gc,heap       ] GC(25) Survivor regions: 7->7(7)
[2020-07-25T20:10:01.754-0500][gc,heap       ] GC(25) Old regions: 62->65
[2020-07-25T20:10:01.754-0500][gc,heap       ] GC(25) Humongous regions: 129->129
[2020-07-25T20:10:01.754-0500][gc,metaspace  ] GC(25) Metaspace: 48126K->48126K(1093632K)
[2020-07-25T20:10:01.754-0500][gc            ] GC(25) Pause Young (Normal) (G1 Evacuation Pause) 239M->198M(1024M) 30.150ms
[2020-07-25T20:10:01.754-0500][gc,cpu        ] GC(25) User=0.10s Sys=0.00s Real=0.03s
[2020-07-25T20:11:36.050-0500][gc,start      ] GC(26) Pause Young (Normal) (G1 Evacuation Pause)
[2020-07-25T20:11:36.050-0500][gc,task       ] GC(26) Using 4 workers of 4 for evacuation
[2020-07-25T20:11:36.079-0500][gc,mmu        ] GC(26) MMU target violated: 21.0ms (20.0ms/21.0ms)
[2020-07-25T20:11:36.079-0500][gc,phases     ] GC(26)   Pre Evacuate Collection Set: 0.1ms
[2020-07-25T20:11:36.079-0500][gc,phases     ] GC(26)   Evacuate Collection Set: 27.4ms
[2020-07-25T20:11:36.079-0500][gc,phases     ] GC(26)   Post Evacuate Collection Set: 0.8ms
[2020-07-25T20:11:36.079-0500][gc,phases     ] GC(26)   Other: 0.6ms
[2020-07-25T20:11:36.079-0500][gc,heap       ] GC(26) Eden regions: 44->0(44)
[2020-07-25T20:11:36.079-0500][gc,heap       ] GC(26) Survivor regions: 7->7(7)
[2020-07-25T20:11:36.079-0500][gc,heap       ] GC(26) Old regions: 65->68
[2020-07-25T20:11:36.079-0500][gc,heap       ] GC(26) Humongous regions: 129->129
[2020-07-25T20:11:36.079-0500][gc,metaspace  ] GC(26) Metaspace: 48135K->48135K(1093632K)
[2020-07-25T20:11:36.079-0500][gc            ] GC(26) Pause Young (Normal) (G1 Evacuation Pause) 242M->201M(1024M) 28.993ms
[2020-07-25T20:11:36.079-0500][gc,cpu        ] GC(26) User=0.11s Sys=0.00s Real=0.03s
[2020-07-25T20:13:14.856-0500][gc,start      ] GC(27) Pause Young (Normal) (G1 Evacuation Pause)
[2020-07-25T20:13:14.856-0500][gc,task       ] GC(27) Using 4 workers of 4 for evacuation
[2020-07-25T20:13:14.885-0500][gc,mmu        ] GC(27) MMU target violated: 21.0ms (20.0ms/21.0ms)
[2020-07-25T20:13:14.885-0500][gc,phases     ] GC(27)   Pre Evacuate Collection Set: 0.1ms
[2020-07-25T20:13:14.885-0500][gc,phases     ] GC(27)   Evacuate Collection Set: 27.5ms
[2020-07-25T20:13:14.885-0500][gc,phases     ] GC(27)   Post Evacuate Collection Set: 0.7ms
[2020-07-25T20:13:14.885-0500][gc,phases     ] GC(27)   Other: 0.6ms
[2020-07-25T20:13:14.885-0500][gc,heap       ] GC(27) Eden regions: 44->0(45)
[2020-07-25T20:13:14.885-0500][gc,heap       ] GC(27) Survivor regions: 7->6(7)
[2020-07-25T20:13:14.885-0500][gc,heap       ] GC(27) Old regions: 68->71
[2020-07-25T20:13:14.885-0500][gc,heap       ] GC(27) Humongous regions: 129->129
[2020-07-25T20:13:14.885-0500][gc,metaspace  ] GC(27) Metaspace: 48147K->48147K(1093632K)
[2020-07-25T20:13:14.885-0500][gc            ] GC(27) Pause Young (Normal) (G1 Evacuation Pause) 245M->204M(1024M) 28.997ms
[2020-07-25T20:13:14.885-0500][gc,cpu        ] GC(27) User=0.10s Sys=0.01s Real=0.03s
[2020-07-25T20:14:53.974-0500][gc,start      ] GC(28) Pause Young (Normal) (G1 Evacuation Pause)
[2020-07-25T20:14:53.974-0500][gc,task       ] GC(28) Using 4 workers of 4 for evacuation
[2020-07-25T20:14:54.010-0500][gc,mmu        ] GC(28) MMU target violated: 21.0ms (20.0ms/21.0ms)
[2020-07-25T20:14:54.010-0500][gc,phases     ] GC(28)   Pre Evacuate Collection Set: 0.1ms
[2020-07-25T20:14:54.010-0500][gc,phases     ] GC(28)   Evacuate Collection Set: 35.0ms
[2020-07-25T20:14:54.010-0500][gc,phases     ] GC(28)   Post Evacuate Collection Set: 0.8ms
[2020-07-25T20:14:54.010-0500][gc,phases     ] GC(28)   Other: 0.6ms
[2020-07-25T20:14:54.010-0500][gc,heap       ] GC(28) Eden regions: 45->0(44)
[2020-07-25T20:14:54.010-0500][gc,heap       ] GC(28) Survivor regions: 6->7(7)
[2020-07-25T20:14:54.010-0500][gc,heap       ] GC(28) Old regions: 71->75
[2020-07-25T20:14:54.010-0500][gc,heap       ] GC(28) Humongous regions: 129->129
[2020-07-25T20:14:54.010-0500][gc,metaspace  ] GC(28) Metaspace: 48148K->48148K(1093632K)
[2020-07-25T20:14:54.010-0500][gc            ] GC(28) Pause Young (Normal) (G1 Evacuation Pause) 249M->208M(1024M) 36.639ms
[2020-07-25T20:14:54.010-0500][gc,cpu        ] GC(28) User=0.12s Sys=0.01s Real=0.03s
[2020-07-25T20:16:33.241-0500][gc,start      ] GC(29) Pause Young (Normal) (G1 Evacuation Pause)
[2020-07-25T20:16:33.241-0500][gc,task       ] GC(29) Using 4 workers of 4 for evacuation
[2020-07-25T20:16:33.278-0500][gc,mmu        ] GC(29) MMU target violated: 21.0ms (20.0ms/21.0ms)
[2020-07-25T20:16:33.278-0500][gc,phases     ] GC(29)   Pre Evacuate Collection Set: 0.1ms
[2020-07-25T20:16:33.278-0500][gc,phases     ] GC(29)   Evacuate Collection Set: 35.3ms
[2020-07-25T20:16:33.278-0500][gc,phases     ] GC(29)   Post Evacuate Collection Set: 0.8ms
[2020-07-25T20:16:33.278-0500][gc,phases     ] GC(29)   Other: 0.6ms
[2020-07-25T20:16:33.278-0500][gc,heap       ] GC(29) Eden regions: 44->0(44)
[2020-07-25T20:16:33.278-0500][gc,heap       ] GC(29) Survivor regions: 7->7(7)
[2020-07-25T20:16:33.278-0500][gc,heap       ] GC(29) Old regions: 75->78
[2020-07-25T20:16:33.278-0500][gc,heap       ] GC(29) Humongous regions: 129->129
[2020-07-25T20:16:33.278-0500][gc,metaspace  ] GC(29) Metaspace: 48148K->48148K(1093632K)
[2020-07-25T20:16:33.278-0500][gc            ] GC(29) Pause Young (Normal) (G1 Evacuation Pause) 252M->211M(1024M) 36.857ms
[2020-07-25T20:16:33.278-0500][gc,cpu        ] GC(29) User=0.10s Sys=0.01s Real=0.03s
[2020-07-25T20:18:15.309-0500][gc,start      ] GC(30) Pause Young (Normal) (G1 Evacuation Pause)
[2020-07-25T20:18:15.309-0500][gc,task       ] GC(30) Using 4 workers of 4 for evacuation
[2020-07-25T20:18:15.347-0500][gc,mmu        ] GC(30) MMU target violated: 21.0ms (20.0ms/21.0ms)
[2020-07-25T20:18:15.348-0500][gc,phases     ] GC(30)   Pre Evacuate Collection Set: 0.1ms
[2020-07-25T20:18:15.348-0500][gc,phases     ] GC(30)   Evacuate Collection Set: 37.3ms
[2020-07-25T20:18:15.348-0500][gc,phases     ] GC(30)   Post Evacuate Collection Set: 0.6ms
[2020-07-25T20:18:15.348-0500][gc,phases     ] GC(30)   Other: 0.6ms
[2020-07-25T20:18:15.348-0500][gc,heap       ] GC(30) Eden regions: 44->0(45)
[2020-07-25T20:18:15.348-0500][gc,heap       ] GC(30) Survivor regions: 7->6(7)
[2020-07-25T20:18:15.348-0500][gc,heap       ] GC(30) Old regions: 78->81
[2020-07-25T20:18:15.348-0500][gc,heap       ] GC(30) Humongous regions: 129->129
[2020-07-25T20:18:15.348-0500][gc,metaspace  ] GC(30) Metaspace: 48148K->48148K(1093632K)
[2020-07-25T20:18:15.348-0500][gc            ] GC(30) Pause Young (Normal) (G1 Evacuation Pause) 255M->214M(1024M) 38.736ms
[2020-07-25T20:18:15.348-0500][gc,cpu        ] GC(30) User=0.11s Sys=0.01s Real=0.04s
[2020-07-25T20:19:58.110-0500][gc,start      ] GC(31) Pause Young (Normal) (G1 Evacuation Pause)
[2020-07-25T20:19:58.110-0500][gc,task       ] GC(31) Using 4 workers of 4 for evacuation
[2020-07-25T20:19:58.182-0500][gc,mmu        ] GC(31) MMU target violated: 21.0ms (20.0ms/21.0ms)
[2020-07-25T20:19:58.182-0500][gc,phases     ] GC(31)   Pre Evacuate Collection Set: 0.1ms
[2020-07-25T20:19:58.182-0500][gc,phases     ] GC(31)   Evacuate Collection Set: 70.0ms
[2020-07-25T20:19:58.182-0500][gc,phases     ] GC(31)   Post Evacuate Collection Set: 0.7ms
[2020-07-25T20:19:58.182-0500][gc,phases     ] GC(31)   Other: 0.8ms
[2020-07-25T20:19:58.182-0500][gc,heap       ] GC(31) Eden regions: 45->0(45)
[2020-07-25T20:19:58.182-0500][gc,heap       ] GC(31) Survivor regions: 6->6(7)
[2020-07-25T20:19:58.182-0500][gc,heap       ] GC(31) Old regions: 81->84
[2020-07-25T20:19:58.182-0500][gc,heap       ] GC(31) Humongous regions: 129->129
[2020-07-25T20:19:58.182-0500][gc,metaspace  ] GC(31) Metaspace: 48148K->48148K(1093632K)
[2020-07-25T20:19:58.182-0500][gc            ] GC(31) Pause Young (Normal) (G1 Evacuation Pause) 259M->217M(1024M) 71.884ms
[2020-07-25T20:19:58.182-0500][gc,cpu        ] GC(31) User=0.09s Sys=0.01s Real=0.08s
[2020-07-25T20:21:39.078-0500][gc,start      ] GC(32) Pause Young (Normal) (G1 Evacuation Pause)
[2020-07-25T20:21:39.078-0500][gc,task       ] GC(32) Using 4 workers of 4 for evacuation
[2020-07-25T20:21:39.113-0500][gc,mmu        ] GC(32) MMU target violated: 21.0ms (20.0ms/21.0ms)
[2020-07-25T20:21:39.113-0500][gc,phases     ] GC(32)   Pre Evacuate Collection Set: 0.1ms
[2020-07-25T20:21:39.113-0500][gc,phases     ] GC(32)   Evacuate Collection Set: 33.9ms
[2020-07-25T20:21:39.113-0500][gc,phases     ] GC(32)   Post Evacuate Collection Set: 0.6ms
[2020-07-25T20:21:39.113-0500][gc,phases     ] GC(32)   Other: 0.6ms
[2020-07-25T20:21:39.114-0500][gc,heap       ] GC(32) Eden regions: 45->0(44)
[2020-07-25T20:21:39.114-0500][gc,heap       ] GC(32) Survivor regions: 6->7(7)
[2020-07-25T20:21:39.114-0500][gc,heap       ] GC(32) Old regions: 84->87
[2020-07-25T20:21:39.114-0500][gc,heap       ] GC(32) Humongous regions: 129->129
[2020-07-25T20:21:39.114-0500][gc,metaspace  ] GC(32) Metaspace: 48148K->48148K(1093632K)
[2020-07-25T20:21:39.114-0500][gc            ] GC(32) Pause Young (Normal) (G1 Evacuation Pause) 262M->220M(1024M) 35.266ms
[2020-07-25T20:21:39.114-0500][gc,cpu        ] GC(32) User=0.10s Sys=0.00s Real=0.04s
[2020-07-25T20:23:18.156-0500][gc,start      ] GC(33) Pause Young (Normal) (G1 Evacuation Pause)
[2020-07-25T20:23:18.156-0500][gc,task       ] GC(33) Using 4 workers of 4 for evacuation
[2020-07-25T20:23:18.210-0500][gc,mmu        ] GC(33) MMU target violated: 21.0ms (20.0ms/21.0ms)
[2020-07-25T20:23:18.210-0500][gc,phases     ] GC(33)   Pre Evacuate Collection Set: 0.1ms
[2020-07-25T20:23:18.210-0500][gc,phases     ] GC(33)   Evacuate Collection Set: 52.7ms
[2020-07-25T20:23:18.210-0500][gc,phases     ] GC(33)   Post Evacuate Collection Set: 0.9ms
[2020-07-25T20:23:18.210-0500][gc,phases     ] GC(33)   Other: 0.6ms
[2020-07-25T20:23:18.210-0500][gc,heap       ] GC(33) Eden regions: 44->0(44)
[2020-07-25T20:23:18.210-0500][gc,heap       ] GC(33) Survivor regions: 7->7(7)
[2020-07-25T20:23:18.210-0500][gc,heap       ] GC(33) Old regions: 87->90
[2020-07-25T20:23:18.210-0500][gc,heap       ] GC(33) Humongous regions: 129->129
[2020-07-25T20:23:18.210-0500][gc,metaspace  ] GC(33) Metaspace: 48163K->48163K(1093632K)
[2020-07-25T20:23:18.210-0500][gc            ] GC(33) Pause Young (Normal) (G1 Evacuation Pause) 264M->223M(1024M) 54.446ms
[2020-07-25T20:23:18.210-0500][gc,cpu        ] GC(33) User=0.11s Sys=0.01s Real=0.05s
[2020-07-25T20:24:58.610-0500][gc,start      ] GC(34) Pause Young (Normal) (G1 Evacuation Pause)
[2020-07-25T20:24:58.610-0500][gc,task       ] GC(34) Using 4 workers of 4 for evacuation
[2020-07-25T20:24:58.654-0500][gc,mmu        ] GC(34) MMU target violated: 21.0ms (20.0ms/21.0ms)
[2020-07-25T20:24:58.654-0500][gc,phases     ] GC(34)   Pre Evacuate Collection Set: 0.1ms
[2020-07-25T20:24:58.654-0500][gc,phases     ] GC(34)   Evacuate Collection Set: 43.3ms
[2020-07-25T20:24:58.654-0500][gc,phases     ] GC(34)   Post Evacuate Collection Set: 0.7ms
[2020-07-25T20:24:58.654-0500][gc,phases     ] GC(34)   Other: 0.5ms
[2020-07-25T20:24:58.654-0500][gc,heap       ] GC(34) Eden regions: 44->0(45)
[2020-07-25T20:24:58.654-0500][gc,heap       ] GC(34) Survivor regions: 7->6(7)
[2020-07-25T20:24:58.654-0500][gc,heap       ] GC(34) Old regions: 90->93
[2020-07-25T20:24:58.654-0500][gc,heap       ] GC(34) Humongous regions: 129->129
[2020-07-25T20:24:58.654-0500][gc,metaspace  ] GC(34) Metaspace: 48163K->48163K(1093632K)
[2020-07-25T20:24:58.655-0500][gc            ] GC(34) Pause Young (Normal) (G1 Evacuation Pause) 267M->226M(1024M) 44.848ms
[2020-07-25T20:24:58.655-0500][gc,cpu        ] GC(34) User=0.10s Sys=0.00s Real=0.05s
[2020-07-25T20:26:35.106-0500][gc,start      ] GC(35) Pause Young (Normal) (G1 Evacuation Pause)
[2020-07-25T20:26:35.107-0500][gc,task       ] GC(35) Using 4 workers of 4 for evacuation
[2020-07-25T20:26:35.136-0500][gc,mmu        ] GC(35) MMU target violated: 21.0ms (20.0ms/21.0ms)
[2020-07-25T20:26:35.136-0500][gc,phases     ] GC(35)   Pre Evacuate Collection Set: 0.1ms
[2020-07-25T20:26:35.136-0500][gc,phases     ] GC(35)   Evacuate Collection Set: 27.6ms
[2020-07-25T20:26:35.136-0500][gc,phases     ] GC(35)   Post Evacuate Collection Set: 1.1ms
[2020-07-25T20:26:35.136-0500][gc,phases     ] GC(35)   Other: 0.6ms
[2020-07-25T20:26:35.136-0500][gc,heap       ] GC(35) Eden regions: 45->0(44)
[2020-07-25T20:26:35.136-0500][gc,heap       ] GC(35) Survivor regions: 6->7(7)
[2020-07-25T20:26:35.136-0500][gc,heap       ] GC(35) Old regions: 93->96
[2020-07-25T20:26:35.136-0500][gc,heap       ] GC(35) Humongous regions: 129->129
[2020-07-25T20:26:35.136-0500][gc,metaspace  ] GC(35) Metaspace: 48323K->48323K(1093632K)
[2020-07-25T20:26:35.136-0500][gc            ] GC(35) Pause Young (Normal) (G1 Evacuation Pause) 271M->229M(1024M) 29.465ms
[2020-07-25T20:26:35.136-0500][gc,cpu        ] GC(35) User=0.10s Sys=0.01s Real=0.03s
[2020-07-25T20:28:10.436-0500][gc,start      ] GC(36) Pause Young (Normal) (G1 Evacuation Pause)
[2020-07-25T20:28:10.436-0500][gc,task       ] GC(36) Using 4 workers of 4 for evacuation
[2020-07-25T20:28:10.470-0500][gc,mmu        ] GC(36) MMU target violated: 21.0ms (20.0ms/21.0ms)
[2020-07-25T20:28:10.470-0500][gc,phases     ] GC(36)   Pre Evacuate Collection Set: 0.1ms
[2020-07-25T20:28:10.470-0500][gc,phases     ] GC(36)   Evacuate Collection Set: 32.9ms
[2020-07-25T20:28:10.471-0500][gc,phases     ] GC(36)   Post Evacuate Collection Set: 1.0ms
[2020-07-25T20:28:10.471-0500][gc,phases     ] GC(36)   Other: 0.5ms
[2020-07-25T20:28:10.471-0500][gc,heap       ] GC(36) Eden regions: 44->0(44)
[2020-07-25T20:28:10.471-0500][gc,heap       ] GC(36) Survivor regions: 7->7(7)
[2020-07-25T20:28:10.471-0500][gc,heap       ] GC(36) Old regions: 96->100
[2020-07-25T20:28:10.471-0500][gc,heap       ] GC(36) Humongous regions: 129->129
[2020-07-25T20:28:10.471-0500][gc,metaspace  ] GC(36) Metaspace: 48372K->48372K(1093632K)
[2020-07-25T20:28:10.471-0500][gc            ] GC(36) Pause Young (Normal) (G1 Evacuation Pause) 273M->233M(1024M) 34.697ms
[2020-07-25T20:28:10.471-0500][gc,cpu        ] GC(36) User=0.09s Sys=0.01s Real=0.03s
[2020-07-25T20:29:47.407-0500][gc,start      ] GC(37) Pause Young (Normal) (G1 Evacuation Pause)
[2020-07-25T20:29:47.408-0500][gc,task       ] GC(37) Using 4 workers of 4 for evacuation
[2020-07-25T20:29:47.435-0500][gc,mmu        ] GC(37) MMU target violated: 21.0ms (20.0ms/21.0ms)
[2020-07-25T20:29:47.436-0500][gc,phases     ] GC(37)   Pre Evacuate Collection Set: 0.1ms
[2020-07-25T20:29:47.436-0500][gc,phases     ] GC(37)   Evacuate Collection Set: 26.7ms
[2020-07-25T20:29:47.436-0500][gc,phases     ] GC(37)   Post Evacuate Collection Set: 0.8ms
[2020-07-25T20:29:47.436-0500][gc,phases     ] GC(37)   Other: 0.5ms
[2020-07-25T20:29:47.436-0500][gc,heap       ] GC(37) Eden regions: 44->0(45)
[2020-07-25T20:29:47.436-0500][gc,heap       ] GC(37) Survivor regions: 7->6(7)
[2020-07-25T20:29:47.436-0500][gc,heap       ] GC(37) Old regions: 100->103
[2020-07-25T20:29:47.436-0500][gc,heap       ] GC(37) Humongous regions: 129->129
[2020-07-25T20:29:47.436-0500][gc,metaspace  ] GC(37) Metaspace: 48373K->48373K(1093632K)
[2020-07-25T20:29:47.436-0500][gc            ] GC(37) Pause Young (Normal) (G1 Evacuation Pause) 277M->236M(1024M) 28.299ms
[2020-07-25T20:29:47.436-0500][gc,cpu        ] GC(37) User=0.10s Sys=0.01s Real=0.03s
[2020-07-25T20:31:27.711-0500][gc,start      ] GC(38) Pause Young (Normal) (G1 Evacuation Pause)
[2020-07-25T20:31:27.711-0500][gc,task       ] GC(38) Using 4 workers of 4 for evacuation
[2020-07-25T20:31:27.739-0500][gc,mmu        ] GC(38) MMU target violated: 21.0ms (20.0ms/21.0ms)
[2020-07-25T20:31:27.739-0500][gc,phases     ] GC(38)   Pre Evacuate Collection Set: 0.1ms
[2020-07-25T20:31:27.739-0500][gc,phases     ] GC(38)   Evacuate Collection Set: 26.3ms
[2020-07-25T20:31:27.739-0500][gc,phases     ] GC(38)   Post Evacuate Collection Set: 0.6ms
[2020-07-25T20:31:27.739-0500][gc,phases     ] GC(38)   Other: 0.6ms
[2020-07-25T20:31:27.739-0500][gc,heap       ] GC(38) Eden regions: 45->0(44)
[2020-07-25T20:31:27.739-0500][gc,heap       ] GC(38) Survivor regions: 6->7(7)
[2020-07-25T20:31:27.739-0500][gc,heap       ] GC(38) Old regions: 103->106
[2020-07-25T20:31:27.739-0500][gc,heap       ] GC(38) Humongous regions: 129->129
[2020-07-25T20:31:27.739-0500][gc,metaspace  ] GC(38) Metaspace: 48380K->48380K(1093632K)
[2020-07-25T20:31:27.739-0500][gc            ] GC(38) Pause Young (Normal) (G1 Evacuation Pause) 281M->239M(1024M) 27.724ms
[2020-07-25T20:31:27.739-0500][gc,cpu        ] GC(38) User=0.11s Sys=0.00s Real=0.03s
[2020-07-25T20:33:04.151-0500][gc,start      ] GC(39) Pause Young (Normal) (G1 Evacuation Pause)
[2020-07-25T20:33:04.151-0500][gc,task       ] GC(39) Using 4 workers of 4 for evacuation
[2020-07-25T20:33:04.198-0500][gc,mmu        ] GC(39) MMU target violated: 21.0ms (20.0ms/21.0ms)
[2020-07-25T20:33:04.198-0500][gc,phases     ] GC(39)   Pre Evacuate Collection Set: 0.1ms
[2020-07-25T20:33:04.198-0500][gc,phases     ] GC(39)   Evacuate Collection Set: 45.1ms
[2020-07-25T20:33:04.198-0500][gc,phases     ] GC(39)   Post Evacuate Collection Set: 1.3ms
[2020-07-25T20:33:04.198-0500][gc,phases     ] GC(39)   Other: 0.8ms
[2020-07-25T20:33:04.198-0500][gc,heap       ] GC(39) Eden regions: 44->0(45)
[2020-07-25T20:33:04.198-0500][gc,heap       ] GC(39) Survivor regions: 7->6(7)
[2020-07-25T20:33:04.198-0500][gc,heap       ] GC(39) Old regions: 106->109
[2020-07-25T20:33:04.198-0500][gc,heap       ] GC(39) Humongous regions: 129->129
[2020-07-25T20:33:04.198-0500][gc,metaspace  ] GC(39) Metaspace: 48426K->48426K(1093632K)
[2020-07-25T20:33:04.199-0500][gc            ] GC(39) Pause Young (Normal) (G1 Evacuation Pause) 283M->242M(1024M) 47.500ms
[2020-07-25T20:33:04.199-0500][gc,cpu        ] GC(39) User=0.12s Sys=0.00s Real=0.05s
[2020-07-25T20:34:43.572-0500][gc,start      ] GC(40) Pause Young (Normal) (G1 Evacuation Pause)
[2020-07-25T20:34:43.573-0500][gc,task       ] GC(40) Using 4 workers of 4 for evacuation
[2020-07-25T20:34:43.603-0500][gc,mmu        ] GC(40) MMU target violated: 21.0ms (20.0ms/21.0ms)
[2020-07-25T20:34:43.603-0500][gc,phases     ] GC(40)   Pre Evacuate Collection Set: 0.1ms
[2020-07-25T20:34:43.603-0500][gc,phases     ] GC(40)   Evacuate Collection Set: 29.1ms
[2020-07-25T20:34:43.603-0500][gc,phases     ] GC(40)   Post Evacuate Collection Set: 0.9ms
[2020-07-25T20:34:43.603-0500][gc,phases     ] GC(40)   Other: 0.7ms
[2020-07-25T20:34:43.603-0500][gc,heap       ] GC(40) Eden regions: 45->0(44)
[2020-07-25T20:34:43.603-0500][gc,heap       ] GC(40) Survivor regions: 6->7(7)
[2020-07-25T20:34:43.603-0500][gc,heap       ] GC(40) Old regions: 109->112
[2020-07-25T20:34:43.603-0500][gc,heap       ] GC(40) Humongous regions: 129->129
[2020-07-25T20:34:43.603-0500][gc,metaspace  ] GC(40) Metaspace: 48427K->48427K(1093632K)
[2020-07-25T20:34:43.603-0500][gc            ] GC(40) Pause Young (Normal) (G1 Evacuation Pause) 287M->245M(1024M) 30.897ms
[2020-07-25T20:34:43.603-0500][gc,cpu        ] GC(40) User=0.10s Sys=0.01s Real=0.04s
[2020-07-25T20:36:20.699-0500][gc,start      ] GC(41) Pause Young (Normal) (G1 Evacuation Pause)
[2020-07-25T20:36:20.699-0500][gc,task       ] GC(41) Using 4 workers of 4 for evacuation
[2020-07-25T20:36:20.730-0500][gc,mmu        ] GC(41) MMU target violated: 21.0ms (20.0ms/21.0ms)
[2020-07-25T20:36:20.730-0500][gc,phases     ] GC(41)   Pre Evacuate Collection Set: 0.1ms
[2020-07-25T20:36:20.730-0500][gc,phases     ] GC(41)   Evacuate Collection Set: 30.5ms
[2020-07-25T20:36:20.730-0500][gc,phases     ] GC(41)   Post Evacuate Collection Set: 0.6ms
[2020-07-25T20:36:20.730-0500][gc,phases     ] GC(41)   Other: 0.6ms
[2020-07-25T20:36:20.730-0500][gc,heap       ] GC(41) Eden regions: 44->0(45)
[2020-07-25T20:36:20.730-0500][gc,heap       ] GC(41) Survivor regions: 7->6(7)
[2020-07-25T20:36:20.730-0500][gc,heap       ] GC(41) Old regions: 112->115
[2020-07-25T20:36:20.730-0500][gc,heap       ] GC(41) Humongous regions: 129->129
[2020-07-25T20:36:20.730-0500][gc,metaspace  ] GC(41) Metaspace: 48427K->48427K(1093632K)
[2020-07-25T20:36:20.731-0500][gc            ] GC(41) Pause Young (Normal) (G1 Evacuation Pause) 289M->248M(1024M) 31.958ms
[2020-07-25T20:36:20.731-0500][gc,cpu        ] GC(41) User=0.10s Sys=0.00s Real=0.03s
[2020-07-25T20:37:53.276-0500][gc,start      ] GC(42) Pause Young (Normal) (G1 Evacuation Pause)
[2020-07-25T20:37:53.276-0500][gc,task       ] GC(42) Using 4 workers of 4 for evacuation
[2020-07-25T20:37:53.314-0500][gc,mmu        ] GC(42) MMU target violated: 21.0ms (20.0ms/21.0ms)
[2020-07-25T20:37:53.314-0500][gc,phases     ] GC(42)   Pre Evacuate Collection Set: 0.1ms
[2020-07-25T20:37:53.314-0500][gc,phases     ] GC(42)   Evacuate Collection Set: 36.0ms
[2020-07-25T20:37:53.314-0500][gc,phases     ] GC(42)   Post Evacuate Collection Set: 0.7ms
[2020-07-25T20:37:53.314-0500][gc,phases     ] GC(42)   Other: 0.7ms
[2020-07-25T20:37:53.314-0500][gc,heap       ] GC(42) Eden regions: 45->0(44)
[2020-07-25T20:37:53.314-0500][gc,heap       ] GC(42) Survivor regions: 6->7(7)
[2020-07-25T20:37:53.314-0500][gc,heap       ] GC(42) Old regions: 115->118
[2020-07-25T20:37:53.314-0500][gc,heap       ] GC(42) Humongous regions: 129->129
[2020-07-25T20:37:53.314-0500][gc,metaspace  ] GC(42) Metaspace: 48428K->48428K(1093632K)
[2020-07-25T20:37:53.314-0500][gc            ] GC(42) Pause Young (Normal) (G1 Evacuation Pause) 293M->252M(1024M) 37.664ms
[2020-07-25T20:37:53.314-0500][gc,cpu        ] GC(42) User=0.11s Sys=0.00s Real=0.04s
[2020-07-25T20:39:31.914-0500][gc,start      ] GC(43) Pause Young (Normal) (G1 Evacuation Pause)
[2020-07-25T20:39:31.914-0500][gc,task       ] GC(43) Using 4 workers of 4 for evacuation
[2020-07-25T20:39:31.974-0500][gc,mmu        ] GC(43) MMU target violated: 21.0ms (20.0ms/21.0ms)
[2020-07-25T20:39:31.974-0500][gc,phases     ] GC(43)   Pre Evacuate Collection Set: 0.1ms
[2020-07-25T20:39:31.974-0500][gc,phases     ] GC(43)   Evacuate Collection Set: 57.9ms
[2020-07-25T20:39:31.974-0500][gc,phases     ] GC(43)   Post Evacuate Collection Set: 0.9ms
[2020-07-25T20:39:31.974-0500][gc,phases     ] GC(43)   Other: 0.5ms
[2020-07-25T20:39:31.974-0500][gc,heap       ] GC(43) Eden regions: 44->0(48)
[2020-07-25T20:39:31.974-0500][gc,heap       ] GC(43) Survivor regions: 7->3(7)
[2020-07-25T20:39:31.974-0500][gc,heap       ] GC(43) Old regions: 118->124
[2020-07-25T20:39:31.974-0500][gc,heap       ] GC(43) Humongous regions: 129->129
[2020-07-25T20:39:31.974-0500][gc,metaspace  ] GC(43) Metaspace: 48428K->48428K(1093632K)
[2020-07-25T20:39:31.974-0500][gc            ] GC(43) Pause Young (Normal) (G1 Evacuation Pause) 296M->253M(1024M) 59.692ms
[2020-07-25T20:39:31.974-0500][gc,cpu        ] GC(43) User=0.09s Sys=0.01s Real=0.06s
[2020-07-25T20:41:20.613-0500][gc,start      ] GC(44) Pause Young (Normal) (G1 Evacuation Pause)
[2020-07-25T20:41:20.614-0500][gc,task       ] GC(44) Using 4 workers of 4 for evacuation
[2020-07-25T20:41:20.641-0500][gc,mmu        ] GC(44) MMU target violated: 21.0ms (20.0ms/21.0ms)
[2020-07-25T20:41:20.641-0500][gc,phases     ] GC(44)   Pre Evacuate Collection Set: 0.1ms
[2020-07-25T20:41:20.641-0500][gc,phases     ] GC(44)   Evacuate Collection Set: 26.2ms
[2020-07-25T20:41:20.641-0500][gc,phases     ] GC(44)   Post Evacuate Collection Set: 0.9ms
[2020-07-25T20:41:20.641-0500][gc,phases     ] GC(44)   Other: 0.6ms
[2020-07-25T20:41:20.641-0500][gc,heap       ] GC(44) Eden regions: 48->0(46)
[2020-07-25T20:41:20.641-0500][gc,heap       ] GC(44) Survivor regions: 3->5(7)
[2020-07-25T20:41:20.641-0500][gc,heap       ] GC(44) Old regions: 124->124
[2020-07-25T20:41:20.641-0500][gc,heap       ] GC(44) Humongous regions: 129->129
[2020-07-25T20:41:20.641-0500][gc,metaspace  ] GC(44) Metaspace: 48430K->48430K(1093632K)
[2020-07-25T20:41:20.641-0500][gc            ] GC(44) Pause Young (Normal) (G1 Evacuation Pause) 301M->256M(1024M) 27.973ms
[2020-07-25T20:41:20.642-0500][gc,cpu        ] GC(44) User=0.06s Sys=0.00s Real=0.03s
[2020-07-25T20:46:18.258-0500][gc,start      ] GC(45) Pause Young (Normal) (G1 Evacuation Pause)
[2020-07-25T20:46:18.258-0500][gc,task       ] GC(45) Using 4 workers of 4 for evacuation
[2020-07-25T20:46:18.283-0500][gc,mmu        ] GC(45) MMU target violated: 21.0ms (20.0ms/21.0ms)
[2020-07-25T20:46:18.283-0500][gc,phases     ] GC(45)   Pre Evacuate Collection Set: 0.1ms
[2020-07-25T20:46:18.283-0500][gc,phases     ] GC(45)   Evacuate Collection Set: 23.7ms
[2020-07-25T20:46:18.283-0500][gc,phases     ] GC(45)   Post Evacuate Collection Set: 0.8ms
[2020-07-25T20:46:18.283-0500][gc,phases     ] GC(45)   Other: 0.6ms
[2020-07-25T20:46:18.283-0500][gc,heap       ] GC(45) Eden regions: 46->0(44)
[2020-07-25T20:46:18.283-0500][gc,heap       ] GC(45) Survivor regions: 5->7(7)
[2020-07-25T20:46:18.283-0500][gc,heap       ] GC(45) Old regions: 124->126
[2020-07-25T20:46:18.283-0500][gc,heap       ] GC(45) Humongous regions: 129->129
[2020-07-25T20:46:18.283-0500][gc,metaspace  ] GC(45) Metaspace: 48451K->48451K(1093632K)
[2020-07-25T20:46:18.283-0500][gc            ] GC(45) Pause Young (Normal) (G1 Evacuation Pause) 302M->259M(1024M) 25.334ms
[2020-07-25T20:46:18.283-0500][gc,cpu        ] GC(45) User=0.09s Sys=0.01s Real=0.03s
[2020-07-25T21:08:10.699-0500][gc,start      ] GC(46) Pause Young (Normal) (G1 Evacuation Pause)
[2020-07-25T21:08:10.699-0500][gc,task       ] GC(46) Using 4 workers of 4 for evacuation
[2020-07-25T21:08:10.720-0500][gc,mmu        ] GC(46) MMU target violated: 20.6ms (20.0ms/21.0ms)
[2020-07-25T21:08:10.720-0500][gc,phases     ] GC(46)   Pre Evacuate Collection Set: 0.1ms
[2020-07-25T21:08:10.720-0500][gc,phases     ] GC(46)   Evacuate Collection Set: 19.5ms
[2020-07-25T21:08:10.720-0500][gc,phases     ] GC(46)   Post Evacuate Collection Set: 0.8ms
[2020-07-25T21:08:10.720-0500][gc,phases     ] GC(46)   Other: 0.7ms
[2020-07-25T21:08:10.720-0500][gc,heap       ] GC(46) Eden regions: 44->0(47)
[2020-07-25T21:08:10.720-0500][gc,heap       ] GC(46) Survivor regions: 7->4(7)
[2020-07-25T21:08:10.720-0500][gc,heap       ] GC(46) Old regions: 126->129
[2020-07-25T21:08:10.720-0500][gc,heap       ] GC(46) Humongous regions: 129->129
[2020-07-25T21:08:10.720-0500][gc,metaspace  ] GC(46) Metaspace: 48479K->48479K(1093632K)
[2020-07-25T21:08:10.720-0500][gc            ] GC(46) Pause Young (Normal) (G1 Evacuation Pause) 303M->260M(1024M) 21.134ms
[2020-07-25T21:08:10.720-0500][gc,cpu        ] GC(46) User=0.07s Sys=0.00s Real=0.02s
[2020-07-25T21:32:40.699-0500][gc,start      ] GC(47) Pause Young (Normal) (G1 Evacuation Pause)
[2020-07-25T21:32:40.699-0500][gc,task       ] GC(47) Using 4 workers of 4 for evacuation
[2020-07-25T21:32:40.713-0500][gc,phases     ] GC(47)   Pre Evacuate Collection Set: 0.1ms
[2020-07-25T21:32:40.713-0500][gc,phases     ] GC(47)   Evacuate Collection Set: 12.3ms
[2020-07-25T21:32:40.713-0500][gc,phases     ] GC(47)   Post Evacuate Collection Set: 0.9ms
[2020-07-25T21:32:40.713-0500][gc,phases     ] GC(47)   Other: 0.5ms
[2020-07-25T21:32:40.713-0500][gc,heap       ] GC(47) Eden regions: 47->0(47)
[2020-07-25T21:32:40.713-0500][gc,heap       ] GC(47) Survivor regions: 4->4(7)
[2020-07-25T21:32:40.713-0500][gc,heap       ] GC(47) Old regions: 129->129
[2020-07-25T21:32:40.713-0500][gc,heap       ] GC(47) Humongous regions: 129->129
[2020-07-25T21:32:40.713-0500][gc,metaspace  ] GC(47) Metaspace: 48482K->48482K(1093632K)
[2020-07-25T21:32:40.713-0500][gc            ] GC(47) Pause Young (Normal) (G1 Evacuation Pause) 307M->260M(1024M) 14.016ms
[2020-07-25T21:32:40.713-0500][gc,cpu        ] GC(47) User=0.05s Sys=0.01s Real=0.02s
[2020-07-25T21:52:15.550-0500][gc,start      ] GC(48) Pause Young (Normal) (G1 Evacuation Pause)
[2020-07-25T21:52:15.550-0500][gc,task       ] GC(48) Using 4 workers of 4 for evacuation
[2020-07-25T21:52:15.573-0500][gc,mmu        ] GC(48) MMU target violated: 21.0ms (20.0ms/21.0ms)
[2020-07-25T21:52:15.574-0500][gc,phases     ] GC(48)   Pre Evacuate Collection Set: 0.1ms
[2020-07-25T21:52:15.574-0500][gc,phases     ] GC(48)   Evacuate Collection Set: 21.8ms
[2020-07-25T21:52:15.574-0500][gc,phases     ] GC(48)   Post Evacuate Collection Set: 0.9ms
[2020-07-25T21:52:15.574-0500][gc,phases     ] GC(48)   Other: 0.7ms
[2020-07-25T21:52:15.574-0500][gc,heap       ] GC(48) Eden regions: 47->0(45)
[2020-07-25T21:52:15.574-0500][gc,heap       ] GC(48) Survivor regions: 4->6(7)
[2020-07-25T21:52:15.574-0500][gc,heap       ] GC(48) Old regions: 129->129
[2020-07-25T21:52:15.574-0500][gc,heap       ] GC(48) Humongous regions: 129->129
[2020-07-25T21:52:15.574-0500][gc,metaspace  ] GC(48) Metaspace: 48709K->48709K(1093632K)
[2020-07-25T21:52:15.574-0500][gc            ] GC(48) Pause Young (Normal) (G1 Evacuation Pause) 307M->262M(1024M) 23.594ms
[2020-07-25T21:52:15.574-0500][gc,cpu        ] GC(48) User=0.08s Sys=0.00s Real=0.03s
[2020-07-25T22:14:10.196-0500][gc,start      ] GC(49) Pause Young (Normal) (G1 Evacuation Pause)
[2020-07-25T22:14:10.196-0500][gc,task       ] GC(49) Using 4 workers of 4 for evacuation
[2020-07-25T22:14:10.221-0500][gc,mmu        ] GC(49) MMU target violated: 21.0ms (20.0ms/21.0ms)
[2020-07-25T22:14:10.221-0500][gc,phases     ] GC(49)   Pre Evacuate Collection Set: 0.1ms
[2020-07-25T22:14:10.221-0500][gc,phases     ] GC(49)   Evacuate Collection Set: 23.2ms
[2020-07-25T22:14:10.221-0500][gc,phases     ] GC(49)   Post Evacuate Collection Set: 1.0ms
[2020-07-25T22:14:10.221-0500][gc,phases     ] GC(49)   Other: 0.7ms
[2020-07-25T22:14:10.221-0500][gc,heap       ] GC(49) Eden regions: 45->0(47)
[2020-07-25T22:14:10.221-0500][gc,heap       ] GC(49) Survivor regions: 6->4(7)
[2020-07-25T22:14:10.221-0500][gc,heap       ] GC(49) Old regions: 129->132
[2020-07-25T22:14:10.221-0500][gc,heap       ] GC(49) Humongous regions: 129->129
[2020-07-25T22:14:10.221-0500][gc,metaspace  ] GC(49) Metaspace: 48733K->48733K(1093632K)
[2020-07-25T22:14:10.221-0500][gc            ] GC(49) Pause Young (Normal) (G1 Evacuation Pause) 307M->262M(1024M) 25.184ms
[2020-07-25T22:14:10.221-0500][gc,cpu        ] GC(49) User=0.08s Sys=0.00s Real=0.03s
[2020-07-25T22:38:47.202-0500][gc,start      ] GC(50) Pause Young (Normal) (G1 Evacuation Pause)
[2020-07-25T22:38:47.202-0500][gc,task       ] GC(50) Using 4 workers of 4 for evacuation
[2020-07-25T22:38:47.216-0500][gc,phases     ] GC(50)   Pre Evacuate Collection Set: 0.1ms
[2020-07-25T22:38:47.216-0500][gc,phases     ] GC(50)   Evacuate Collection Set: 12.2ms
[2020-07-25T22:38:47.216-0500][gc,phases     ] GC(50)   Post Evacuate Collection Set: 1.3ms
[2020-07-25T22:38:47.216-0500][gc,phases     ] GC(50)   Other: 0.5ms
[2020-07-25T22:38:47.216-0500][gc,heap       ] GC(50) Eden regions: 47->0(47)
[2020-07-25T22:38:47.216-0500][gc,heap       ] GC(50) Survivor regions: 4->4(7)
[2020-07-25T22:38:47.216-0500][gc,heap       ] GC(50) Old regions: 132->132
[2020-07-25T22:38:47.216-0500][gc,heap       ] GC(50) Humongous regions: 129->129
[2020-07-25T22:38:47.216-0500][gc,metaspace  ] GC(50) Metaspace: 48735K->48735K(1093632K)
[2020-07-25T22:38:47.216-0500][gc            ] GC(50) Pause Young (Normal) (G1 Evacuation Pause) 309M->262M(1024M) 14.263ms
[2020-07-25T22:38:47.216-0500][gc,cpu        ] GC(50) User=0.04s Sys=0.00s Real=0.01s
[2020-07-25T23:03:32.237-0500][gc,start      ] GC(51) Pause Young (Normal) (G1 Evacuation Pause)
[2020-07-25T23:03:32.238-0500][gc,task       ] GC(51) Using 4 workers of 4 for evacuation
[2020-07-25T23:03:32.251-0500][gc,phases     ] GC(51)   Pre Evacuate Collection Set: 0.1ms
[2020-07-25T23:03:32.252-0500][gc,phases     ] GC(51)   Evacuate Collection Set: 12.1ms
[2020-07-25T23:03:32.252-0500][gc,phases     ] GC(51)   Post Evacuate Collection Set: 1.3ms
[2020-07-25T23:03:32.252-0500][gc,phases     ] GC(51)   Other: 0.6ms
[2020-07-25T23:03:32.252-0500][gc,heap       ] GC(51) Eden regions: 47->0(47)
[2020-07-25T23:03:32.252-0500][gc,heap       ] GC(51) Survivor regions: 4->4(7)
[2020-07-25T23:03:32.252-0500][gc,heap       ] GC(51) Old regions: 132->132
[2020-07-25T23:03:32.252-0500][gc,heap       ] GC(51) Humongous regions: 129->129
[2020-07-25T23:03:32.252-0500][gc,metaspace  ] GC(51) Metaspace: 48751K->48751K(1093632K)
[2020-07-25T23:03:32.252-0500][gc            ] GC(51) Pause Young (Normal) (G1 Evacuation Pause) 309M->262M(1024M) 14.306ms
[2020-07-25T23:03:32.252-0500][gc,cpu        ] GC(51) User=0.05s Sys=0.00s Real=0.01s
[2020-07-25T23:26:26.269-0500][gc,start      ] GC(52) Pause Young (Normal) (G1 Evacuation Pause)
[2020-07-25T23:26:26.269-0500][gc,task       ] GC(52) Using 4 workers of 4 for evacuation
[2020-07-25T23:26:26.283-0500][gc,phases     ] GC(52)   Pre Evacuate Collection Set: 0.1ms
[2020-07-25T23:26:26.283-0500][gc,phases     ] GC(52)   Evacuate Collection Set: 11.9ms
[2020-07-25T23:26:26.283-0500][gc,phases     ] GC(52)   Post Evacuate Collection Set: 1.9ms
[2020-07-25T23:26:26.283-0500][gc,phases     ] GC(52)   Other: 0.5ms
[2020-07-25T23:26:26.283-0500][gc,heap       ] GC(52) Eden regions: 47->0(47)
[2020-07-25T23:26:26.284-0500][gc,heap       ] GC(52) Survivor regions: 4->4(7)
[2020-07-25T23:26:26.284-0500][gc,heap       ] GC(52) Old regions: 132->132
[2020-07-25T23:26:26.284-0500][gc,heap       ] GC(52) Humongous regions: 129->129
[2020-07-25T23:26:26.284-0500][gc,metaspace  ] GC(52) Metaspace: 48752K->48752K(1093632K)
[2020-07-25T23:26:26.284-0500][gc            ] GC(52) Pause Young (Normal) (G1 Evacuation Pause) 309M->262M(1024M) 14.682ms
[2020-07-25T23:26:26.284-0500][gc,cpu        ] GC(52) User=0.05s Sys=0.00s Real=0.02s
[2020-07-25T23:45:15.309-0500][gc,start      ] GC(53) Pause Young (Normal) (G1 Evacuation Pause)
[2020-07-25T23:45:15.309-0500][gc,task       ] GC(53) Using 4 workers of 4 for evacuation
[2020-07-25T23:45:15.325-0500][gc,phases     ] GC(53)   Pre Evacuate Collection Set: 0.1ms
[2020-07-25T23:45:15.325-0500][gc,phases     ] GC(53)   Evacuate Collection Set: 13.5ms
[2020-07-25T23:45:15.325-0500][gc,phases     ] GC(53)   Post Evacuate Collection Set: 1.4ms
[2020-07-25T23:45:15.325-0500][gc,phases     ] GC(53)   Other: 0.6ms
[2020-07-25T23:45:15.325-0500][gc,heap       ] GC(53) Eden regions: 47->0(48)
[2020-07-25T23:45:15.325-0500][gc,heap       ] GC(53) Survivor regions: 4->4(7)
[2020-07-25T23:45:15.325-0500][gc,heap       ] GC(53) Old regions: 132->132
[2020-07-25T23:45:15.325-0500][gc,heap       ] GC(53) Humongous regions: 129->129
[2020-07-25T23:45:15.325-0500][gc,metaspace  ] GC(53) Metaspace: 48875K->48875K(1093632K)
[2020-07-25T23:45:15.325-0500][gc            ] GC(53) Pause Young (Normal) (G1 Evacuation Pause) 309M->262M(1024M) 15.796ms
[2020-07-25T23:45:15.325-0500][gc,cpu        ] GC(53) User=0.05s Sys=0.00s Real=0.02s
[2020-07-25T23:53:37.544-0500][gc,start      ] GC(54) Pause Young (Concurrent Start) (Metadata GC Threshold)
[2020-07-25T23:53:37.544-0500][gc,task       ] GC(54) Using 4 workers of 4 for evacuation
[2020-07-25T23:53:37.566-0500][gc,mmu        ] GC(54) MMU target violated: 21.0ms (20.0ms/21.0ms)
[2020-07-25T23:53:37.566-0500][gc,phases     ] GC(54)   Pre Evacuate Collection Set: 0.3ms
[2020-07-25T23:53:37.566-0500][gc,phases     ] GC(54)   Evacuate Collection Set: 12.5ms
[2020-07-25T23:53:37.566-0500][gc,phases     ] GC(54)   Post Evacuate Collection Set: 7.8ms
[2020-07-25T23:53:37.566-0500][gc,phases     ] GC(54)   Other: 0.7ms
[2020-07-25T23:53:37.566-0500][gc,heap       ] GC(54) Eden regions: 19->0(47)
[2020-07-25T23:53:37.566-0500][gc,heap       ] GC(54) Survivor regions: 4->4(7)
[2020-07-25T23:53:37.566-0500][gc,heap       ] GC(54) Old regions: 132->132
[2020-07-25T23:53:37.566-0500][gc,heap       ] GC(54) Humongous regions: 129->129
[2020-07-25T23:53:37.566-0500][gc,metaspace  ] GC(54) Metaspace: 48888K->48888K(1093632K)
[2020-07-25T23:53:37.566-0500][gc            ] GC(54) Pause Young (Concurrent Start) (Metadata GC Threshold) 281M->262M(1024M) 21.540ms
[2020-07-25T23:53:37.566-0500][gc,cpu        ] GC(54) User=0.06s Sys=0.00s Real=0.02s
[2020-07-25T23:53:37.566-0500][gc            ] GC(55) Concurrent Cycle
[2020-07-25T23:53:37.566-0500][gc,marking    ] GC(55) Concurrent Clear Claimed Marks
[2020-07-25T23:53:37.566-0500][gc,marking    ] GC(55) Concurrent Clear Claimed Marks 0.249ms
[2020-07-25T23:53:37.566-0500][gc,marking    ] GC(55) Concurrent Scan Root Regions
[2020-07-25T23:53:37.580-0500][gc,marking    ] GC(55) Concurrent Scan Root Regions 13.437ms
[2020-07-25T23:53:37.580-0500][gc,marking    ] GC(55) Concurrent Mark (19016.592s)
[2020-07-25T23:53:37.580-0500][gc,marking    ] GC(55) Concurrent Mark From Roots
[2020-07-25T23:53:37.580-0500][gc,task       ] GC(55) Using 1 workers of 1 for marking
[2020-07-25T23:53:37.705-0500][gc,marking    ] GC(55) Concurrent Mark From Roots 124.746ms
[2020-07-25T23:53:37.705-0500][gc,marking    ] GC(55) Concurrent Preclean
[2020-07-25T23:53:37.706-0500][gc,marking    ] GC(55) Concurrent Preclean 0.672ms
[2020-07-25T23:53:37.706-0500][gc,marking    ] GC(55) Concurrent Mark (19016.592s, 19016.717s) 125.568ms
[2020-07-25T23:53:37.706-0500][gc,start      ] GC(55) Pause Remark
[2020-07-25T23:53:37.742-0500][gc,stringtable] GC(55) Cleaned string and symbol table, strings: 17376 processed, 369 removed, symbols: 105792 processed, 13 removed
[2020-07-25T23:53:37.743-0500][gc,mmu        ] GC(55) MMU target violated: 21.0ms (20.0ms/21.0ms)
[2020-07-25T23:53:37.743-0500][gc            ] GC(55) Pause Remark 263M->227M(1024M) 37.137ms
[2020-07-25T23:53:37.743-0500][gc,cpu        ] GC(55) User=0.06s Sys=0.01s Real=0.04s
[2020-07-25T23:53:37.743-0500][gc,marking    ] GC(55) Concurrent Rebuild Remembered Sets
[2020-07-25T23:53:37.818-0500][gc,marking    ] GC(55) Concurrent Rebuild Remembered Sets 75.226ms
[2020-07-25T23:53:37.819-0500][gc,start      ] GC(55) Pause Cleanup
[2020-07-25T23:53:37.819-0500][gc            ] GC(55) Pause Cleanup 227M->227M(1024M) 0.657ms
[2020-07-25T23:53:37.819-0500][gc,cpu        ] GC(55) User=0.00s Sys=0.00s Real=0.00s
[2020-07-25T23:53:37.819-0500][gc,marking    ] GC(55) Concurrent Cleanup for Next Mark
[2020-07-25T23:53:37.831-0500][gc,marking    ] GC(55) Concurrent Cleanup for Next Mark 11.191ms
[2020-07-25T23:53:37.831-0500][gc            ] GC(55) Concurrent Cycle 264.693ms
