[2020-07-28T21:24:52.588-0500][gc,heap] Heap region size: 1M
[2020-07-28T21:24:52.613-0500][gc     ] Using G1
[2020-07-28T21:24:52.613-0500][gc,heap,coops] Heap address: 0x00000000c0000000, size: 1024 MB, Compressed Oops mode: 32-bit
[2020-07-28T21:24:52.613-0500][gc,cds       ] Mark closed archive regions in map: [0x00000000fff00000, 0x00000000fff69ff8]
[2020-07-28T21:24:52.613-0500][gc,cds       ] Mark open archive regions in map: [0x00000000ffe00000, 0x00000000ffe46ff8]
[2020-07-28T21:24:56.466-0500][gc,start     ] GC(0) Pause Young (Normal) (G1 Evacuation Pause)
[2020-07-28T21:24:56.467-0500][gc,task      ] GC(0) Using 4 workers of 4 for evacuation
[2020-07-28T21:24:56.497-0500][gc,mmu       ] GC(0) MMU target violated: 21.0ms (20.0ms/21.0ms)
[2020-07-28T21:24:56.497-0500][gc,phases    ] GC(0)   Pre Evacuate Collection Set: 0.1ms
[2020-07-28T21:24:56.497-0500][gc,phases    ] GC(0)   Evacuate Collection Set: 28.1ms
[2020-07-28T21:24:56.497-0500][gc,phases    ] GC(0)   Post Evacuate Collection Set: 1.3ms
[2020-07-28T21:24:56.497-0500][gc,phases    ] GC(0)   Other: 1.3ms
[2020-07-28T21:24:56.497-0500][gc,heap      ] GC(0) Eden regions: 51->0(44)
[2020-07-28T21:24:56.497-0500][gc,heap      ] GC(0) Survivor regions: 0->7(7)
[2020-07-28T21:24:56.497-0500][gc,heap      ] GC(0) Old regions: 2->2
[2020-07-28T21:24:56.497-0500][gc,heap      ] GC(0) Humongous regions: 0->0
[2020-07-28T21:24:56.497-0500][gc,metaspace ] GC(0) Metaspace: 17074K->17074K(1064960K)
[2020-07-28T21:24:56.497-0500][gc           ] GC(0) Pause Young (Normal) (G1 Evacuation Pause) 51M->7M(1024M) 30.875ms
[2020-07-28T21:24:56.497-0500][gc,cpu       ] GC(0) User=0.08s Sys=0.02s Real=0.03s
[2020-07-28T21:24:57.443-0500][gc,start     ] GC(1) Pause Young (Concurrent Start) (Metadata GC Threshold)
[2020-07-28T21:24:57.443-0500][gc,task      ] GC(1) Using 4 workers of 4 for evacuation
[2020-07-28T21:24:57.471-0500][gc,mmu       ] GC(1) MMU target violated: 21.0ms (20.0ms/21.0ms)
[2020-07-28T21:24:57.471-0500][gc,phases    ] GC(1)   Pre Evacuate Collection Set: 0.1ms
[2020-07-28T21:24:57.471-0500][gc,phases    ] GC(1)   Evacuate Collection Set: 26.3ms
[2020-07-28T21:24:57.471-0500][gc,phases    ] GC(1)   Post Evacuate Collection Set: 0.9ms
[2020-07-28T21:24:57.471-0500][gc,phases    ] GC(1)   Other: 0.6ms
[2020-07-28T21:24:57.471-0500][gc,heap      ] GC(1) Eden regions: 19->0(49)
[2020-07-28T21:24:57.471-0500][gc,heap      ] GC(1) Survivor regions: 7->2(7)
[2020-07-28T21:24:57.471-0500][gc,heap      ] GC(1) Old regions: 2->9
[2020-07-28T21:24:57.471-0500][gc,heap      ] GC(1) Humongous regions: 129->129
[2020-07-28T21:24:57.471-0500][gc,metaspace ] GC(1) Metaspace: 20653K->20653K(1067008K)
[2020-07-28T21:24:57.471-0500][gc           ] GC(1) Pause Young (Concurrent Start) (Metadata GC Threshold) 155M->137M(1024M) 28.049ms
[2020-07-28T21:24:57.471-0500][gc,cpu       ] GC(1) User=0.06s Sys=0.02s Real=0.03s
[2020-07-28T21:24:57.471-0500][gc           ] GC(2) Concurrent Cycle
[2020-07-28T21:24:57.471-0500][gc,marking   ] GC(2) Concurrent Clear Claimed Marks
[2020-07-28T21:24:57.471-0500][gc,marking   ] GC(2) Concurrent Clear Claimed Marks 0.081ms
[2020-07-28T21:24:57.471-0500][gc,marking   ] GC(2) Concurrent Scan Root Regions
[2020-07-28T21:24:57.474-0500][gc,marking   ] GC(2) Concurrent Scan Root Regions 2.318ms
[2020-07-28T21:24:57.474-0500][gc,marking   ] GC(2) Concurrent Mark (4.895s)
[2020-07-28T21:24:57.474-0500][gc,marking   ] GC(2) Concurrent Mark From Roots
[2020-07-28T21:24:57.474-0500][gc,task      ] GC(2) Using 1 workers of 1 for marking
[2020-07-28T21:24:57.507-0500][gc,marking   ] GC(2) Concurrent Mark From Roots 33.767ms
[2020-07-28T21:24:57.508-0500][gc,marking   ] GC(2) Concurrent Preclean
[2020-07-28T21:24:57.508-0500][gc,marking   ] GC(2) Concurrent Preclean 0.244ms
[2020-07-28T21:24:57.508-0500][gc,marking   ] GC(2) Concurrent Mark (4.895s, 4.929s) 34.127ms
[2020-07-28T21:24:57.508-0500][gc,start     ] GC(2) Pause Remark
[2020-07-28T21:24:57.519-0500][gc,stringtable] GC(2) Cleaned string and symbol table, strings: 4989 processed, 0 removed, symbols: 50863 processed, 50 removed
[2020-07-28T21:24:57.520-0500][gc            ] GC(2) Pause Remark 138M->138M(1024M) 11.542ms
[2020-07-28T21:24:57.520-0500][gc,cpu        ] GC(2) User=0.04s Sys=0.00s Real=0.02s
[2020-07-28T21:24:57.520-0500][gc,marking    ] GC(2) Concurrent Rebuild Remembered Sets
[2020-07-28T21:24:57.532-0500][gc,marking    ] GC(2) Concurrent Rebuild Remembered Sets 12.423ms
[2020-07-28T21:24:57.533-0500][gc,start      ] GC(2) Pause Cleanup
[2020-07-28T21:24:57.534-0500][gc            ] GC(2) Pause Cleanup 139M->139M(1024M) 0.820ms
[2020-07-28T21:24:57.534-0500][gc,cpu        ] GC(2) User=0.01s Sys=0.00s Real=0.00s
[2020-07-28T21:24:57.534-0500][gc,marking    ] GC(2) Concurrent Cleanup for Next Mark
[2020-07-28T21:24:57.553-0500][gc,marking    ] GC(2) Concurrent Cleanup for Next Mark 18.772ms
[2020-07-28T21:24:57.553-0500][gc            ] GC(2) Concurrent Cycle 81.943ms
[2020-07-28T21:25:01.159-0500][gc,heap,exit  ] Heap
[2020-07-28T21:25:01.159-0500][gc,heap,exit  ]  garbage-first heap   total 1048576K, used 184259K [0x00000000c0000000, 0x0000000100000000)
[2020-07-28T21:25:01.159-0500][gc,heap,exit  ]   region size 1024K, 45 young (46080K), 2 survivors (2048K)
[2020-07-28T21:25:01.159-0500][gc,heap,exit  ]  Metaspace       used 27092K, capacity 28023K, committed 28156K, reserved 1073152K
[2020-07-28T21:25:01.159-0500][gc,heap,exit  ]   class space    used 3584K, capacity 3993K, committed 4092K, reserved 1048576K
