[2020-07-30T22:00:06.652-0500][gc,heap] Heap region size: 1M
[2020-07-30T22:00:06.677-0500][gc     ] Using G1
[2020-07-30T22:00:06.677-0500][gc,heap,coops] Heap address: 0x00000000c0000000, size: 1024 MB, Compressed Oops mode: 32-bit
[2020-07-30T22:00:06.678-0500][gc,cds       ] Mark closed archive regions in map: [0x00000000fff00000, 0x00000000fff69ff8]
[2020-07-30T22:00:06.678-0500][gc,cds       ] Mark open archive regions in map: [0x00000000ffe00000, 0x00000000ffe46ff8]
[2020-07-30T22:00:10.475-0500][gc,start     ] GC(0) Pause Young (Normal) (G1 Evacuation Pause)
[2020-07-30T22:00:10.476-0500][gc,task      ] GC(0) Using 4 workers of 4 for evacuation
[2020-07-30T22:00:10.506-0500][gc,mmu       ] GC(0) MMU target violated: 21.0ms (20.0ms/21.0ms)
[2020-07-30T22:00:10.506-0500][gc,phases    ] GC(0)   Pre Evacuate Collection Set: 0.1ms
[2020-07-30T22:00:10.506-0500][gc,phases    ] GC(0)   Evacuate Collection Set: 28.2ms
[2020-07-30T22:00:10.506-0500][gc,phases    ] GC(0)   Post Evacuate Collection Set: 1.1ms
[2020-07-30T22:00:10.506-0500][gc,phases    ] GC(0)   Other: 1.5ms
[2020-07-30T22:00:10.506-0500][gc,heap      ] GC(0) Eden regions: 51->0(44)
[2020-07-30T22:00:10.506-0500][gc,heap      ] GC(0) Survivor regions: 0->7(7)
[2020-07-30T22:00:10.506-0500][gc,heap      ] GC(0) Old regions: 2->2
[2020-07-30T22:00:10.506-0500][gc,heap      ] GC(0) Humongous regions: 0->0
[2020-07-30T22:00:10.506-0500][gc,metaspace ] GC(0) Metaspace: 17098K->17098K(1064960K)
[2020-07-30T22:00:10.506-0500][gc           ] GC(0) Pause Young (Normal) (G1 Evacuation Pause) 51M->7M(1024M) 31.068ms
[2020-07-30T22:00:10.506-0500][gc,cpu       ] GC(0) User=0.09s Sys=0.02s Real=0.03s
[2020-07-30T22:00:11.412-0500][gc,start     ] GC(1) Pause Young (Concurrent Start) (Metadata GC Threshold)
[2020-07-30T22:00:11.412-0500][gc,task      ] GC(1) Using 4 workers of 4 for evacuation
[2020-07-30T22:00:11.437-0500][gc,mmu       ] GC(1) MMU target violated: 21.0ms (20.0ms/21.0ms)
[2020-07-30T22:00:11.437-0500][gc,phases    ] GC(1)   Pre Evacuate Collection Set: 0.1ms
[2020-07-30T22:00:11.437-0500][gc,phases    ] GC(1)   Evacuate Collection Set: 23.7ms
[2020-07-30T22:00:11.437-0500][gc,phases    ] GC(1)   Post Evacuate Collection Set: 0.9ms
[2020-07-30T22:00:11.437-0500][gc,phases    ] GC(1)   Other: 0.6ms
[2020-07-30T22:00:11.437-0500][gc,heap      ] GC(1) Eden regions: 18->0(49)
[2020-07-30T22:00:11.437-0500][gc,heap      ] GC(1) Survivor regions: 7->2(7)
[2020-07-30T22:00:11.437-0500][gc,heap      ] GC(1) Old regions: 2->9
[2020-07-30T22:00:11.437-0500][gc,heap      ] GC(1) Humongous regions: 129->129
[2020-07-30T22:00:11.437-0500][gc,metaspace ] GC(1) Metaspace: 20656K->20656K(1067008K)
[2020-07-30T22:00:11.437-0500][gc           ] GC(1) Pause Young (Concurrent Start) (Metadata GC Threshold) 154M->138M(1024M) 25.408ms
[2020-07-30T22:00:11.437-0500][gc,cpu       ] GC(1) User=0.07s Sys=0.01s Real=0.03s
[2020-07-30T22:00:11.437-0500][gc           ] GC(2) Concurrent Cycle
[2020-07-30T22:00:11.437-0500][gc,marking   ] GC(2) Concurrent Clear Claimed Marks
[2020-07-30T22:00:11.437-0500][gc,marking   ] GC(2) Concurrent Clear Claimed Marks 0.084ms
[2020-07-30T22:00:11.437-0500][gc,marking   ] GC(2) Concurrent Scan Root Regions
[2020-07-30T22:00:11.439-0500][gc,marking   ] GC(2) Concurrent Scan Root Regions 1.862ms
[2020-07-30T22:00:11.439-0500][gc,marking   ] GC(2) Concurrent Mark (4.799s)
[2020-07-30T22:00:11.439-0500][gc,marking   ] GC(2) Concurrent Mark From Roots
[2020-07-30T22:00:11.439-0500][gc,task      ] GC(2) Using 1 workers of 1 for marking
[2020-07-30T22:00:11.473-0500][gc,marking   ] GC(2) Concurrent Mark From Roots 33.335ms
[2020-07-30T22:00:11.473-0500][gc,marking   ] GC(2) Concurrent Preclean
[2020-07-30T22:00:11.473-0500][gc,marking   ] GC(2) Concurrent Preclean 0.282ms
[2020-07-30T22:00:11.473-0500][gc,marking   ] GC(2) Concurrent Mark (4.799s, 4.833s) 33.737ms
[2020-07-30T22:00:11.473-0500][gc,start     ] GC(2) Pause Remark
[2020-07-30T22:00:11.484-0500][gc,stringtable] GC(2) Cleaned string and symbol table, strings: 4994 processed, 0 removed, symbols: 50797 processed, 49 removed
[2020-07-30T22:00:11.485-0500][gc            ] GC(2) Pause Remark 139M->139M(1024M) 11.920ms
[2020-07-30T22:00:11.485-0500][gc,cpu        ] GC(2) User=0.03s Sys=0.00s Real=0.01s
[2020-07-30T22:00:11.485-0500][gc,marking    ] GC(2) Concurrent Rebuild Remembered Sets
[2020-07-30T22:00:11.500-0500][gc,marking    ] GC(2) Concurrent Rebuild Remembered Sets 14.730ms
[2020-07-30T22:00:11.500-0500][gc,start      ] GC(2) Pause Cleanup
[2020-07-30T22:00:11.501-0500][gc            ] GC(2) Pause Cleanup 139M->139M(1024M) 0.749ms
[2020-07-30T22:00:11.501-0500][gc,cpu        ] GC(2) User=0.00s Sys=0.00s Real=0.00s
[2020-07-30T22:00:11.501-0500][gc,marking    ] GC(2) Concurrent Cleanup for Next Mark
[2020-07-30T22:00:11.521-0500][gc,marking    ] GC(2) Concurrent Cleanup for Next Mark 20.127ms
[2020-07-30T22:00:11.521-0500][gc            ] GC(2) Concurrent Cycle 84.270ms
[2020-07-30T22:00:13.408-0500][gc,start      ] GC(3) Pause Young (Concurrent Start) (G1 Evacuation Pause)
[2020-07-30T22:00:13.408-0500][gc,task       ] GC(3) Using 4 workers of 4 for evacuation
[2020-07-30T22:00:13.429-0500][gc,mmu        ] GC(3) MMU target violated: 21.0ms (20.0ms/21.0ms)
[2020-07-30T22:00:13.429-0500][gc,phases     ] GC(3)   Pre Evacuate Collection Set: 0.1ms
[2020-07-30T22:00:13.429-0500][gc,phases     ] GC(3)   Evacuate Collection Set: 19.8ms
[2020-07-30T22:00:13.429-0500][gc,phases     ] GC(3)   Post Evacuate Collection Set: 0.9ms
[2020-07-30T22:00:13.429-0500][gc,phases     ] GC(3)   Other: 0.5ms
[2020-07-30T22:00:13.429-0500][gc,heap       ] GC(3) Eden regions: 49->0(46)
[2020-07-30T22:00:13.429-0500][gc,heap       ] GC(3) Survivor regions: 2->5(7)
[2020-07-30T22:00:13.429-0500][gc,heap       ] GC(3) Old regions: 9->9
[2020-07-30T22:00:13.429-0500][gc,heap       ] GC(3) Humongous regions: 129->129
[2020-07-30T22:00:13.429-0500][gc,metaspace  ] GC(3) Metaspace: 29461K->29461K(1075200K)
[2020-07-30T22:00:13.429-0500][gc            ] GC(3) Pause Young (Concurrent Start) (G1 Evacuation Pause) 187M->141M(1024M) 21.464ms
[2020-07-30T22:00:13.429-0500][gc,cpu        ] GC(3) User=0.06s Sys=0.00s Real=0.02s
[2020-07-30T22:00:13.430-0500][gc            ] GC(4) Concurrent Cycle
[2020-07-30T22:00:13.430-0500][gc,marking    ] GC(4) Concurrent Clear Claimed Marks
[2020-07-30T22:00:13.430-0500][gc,marking    ] GC(4) Concurrent Clear Claimed Marks 0.130ms
[2020-07-30T22:00:13.430-0500][gc,marking    ] GC(4) Concurrent Scan Root Regions
[2020-07-30T22:00:13.439-0500][gc,marking    ] GC(4) Concurrent Scan Root Regions 9.363ms
[2020-07-30T22:00:13.439-0500][gc,marking    ] GC(4) Concurrent Mark (6.799s)
[2020-07-30T22:00:13.439-0500][gc,marking    ] GC(4) Concurrent Mark From Roots
[2020-07-30T22:00:13.439-0500][gc,task       ] GC(4) Using 1 workers of 1 for marking
[2020-07-30T22:00:13.473-0500][gc,marking    ] GC(4) Concurrent Mark From Roots 33.567ms
[2020-07-30T22:00:13.473-0500][gc,marking    ] GC(4) Concurrent Preclean
[2020-07-30T22:00:13.473-0500][gc,marking    ] GC(4) Concurrent Preclean 0.187ms
[2020-07-30T22:00:13.473-0500][gc,marking    ] GC(4) Concurrent Mark (6.799s, 6.833s) 33.883ms
[2020-07-30T22:00:13.476-0500][gc,start      ] GC(4) Pause Remark
[2020-07-30T22:00:13.488-0500][gc,stringtable] GC(4) Cleaned string and symbol table, strings: 9683 processed, 6 removed, symbols: 72901 processed, 25 removed
[2020-07-30T22:00:13.488-0500][gc            ] GC(4) Pause Remark 142M->142M(1024M) 12.394ms
[2020-07-30T22:00:13.488-0500][gc,cpu        ] GC(4) User=0.03s Sys=0.00s Real=0.01s
[2020-07-30T22:00:13.488-0500][gc,marking    ] GC(4) Concurrent Rebuild Remembered Sets
[2020-07-30T22:00:13.504-0500][gc,marking    ] GC(4) Concurrent Rebuild Remembered Sets 15.858ms
[2020-07-30T22:00:13.505-0500][gc,start      ] GC(4) Pause Cleanup
[2020-07-30T22:00:13.505-0500][gc            ] GC(4) Pause Cleanup 142M->142M(1024M) 0.705ms
[2020-07-30T22:00:13.505-0500][gc,cpu        ] GC(4) User=0.00s Sys=0.00s Real=0.01s
[2020-07-30T22:00:13.505-0500][gc,marking    ] GC(4) Concurrent Cleanup for Next Mark
[2020-07-30T22:00:13.539-0500][gc,marking    ] GC(4) Concurrent Cleanup for Next Mark 33.874ms
[2020-07-30T22:00:13.539-0500][gc            ] GC(4) Concurrent Cycle 109.902ms
[2020-07-30T22:00:15.396-0500][gc,start      ] GC(5) Pause Young (Normal) (G1 Evacuation Pause)
[2020-07-30T22:00:15.396-0500][gc,task       ] GC(5) Using 4 workers of 4 for evacuation
[2020-07-30T22:00:15.421-0500][gc,mmu        ] GC(5) MMU target violated: 21.0ms (20.0ms/21.0ms)
[2020-07-30T22:00:15.421-0500][gc,phases     ] GC(5)   Pre Evacuate Collection Set: 0.1ms
[2020-07-30T22:00:15.421-0500][gc,phases     ] GC(5)   Evacuate Collection Set: 23.0ms
[2020-07-30T22:00:15.421-0500][gc,phases     ] GC(5)   Post Evacuate Collection Set: 1.1ms
[2020-07-30T22:00:15.421-0500][gc,phases     ] GC(5)   Other: 0.5ms
[2020-07-30T22:00:15.421-0500][gc,heap       ] GC(5) Eden regions: 46->0(48)
[2020-07-30T22:00:15.421-0500][gc,heap       ] GC(5) Survivor regions: 5->3(7)
[2020-07-30T22:00:15.421-0500][gc,heap       ] GC(5) Old regions: 9->14
[2020-07-30T22:00:15.421-0500][gc,heap       ] GC(5) Humongous regions: 129->129
[2020-07-30T22:00:15.421-0500][gc,metaspace  ] GC(5) Metaspace: 35618K->35618K(1081344K)
[2020-07-30T22:00:15.421-0500][gc            ] GC(5) Pause Young (Normal) (G1 Evacuation Pause) 187M->143M(1024M) 24.785ms
[2020-07-30T22:00:15.421-0500][gc,cpu        ] GC(5) User=0.08s Sys=0.00s Real=0.02s
[2020-07-30T22:00:26.542-0500][gc,start      ] GC(6) Pause Young (Normal) (G1 Evacuation Pause)
[2020-07-30T22:00:26.542-0500][gc,task       ] GC(6) Using 4 workers of 4 for evacuation
[2020-07-30T22:00:26.570-0500][gc,mmu        ] GC(6) MMU target violated: 21.0ms (20.0ms/21.0ms)
[2020-07-30T22:00:26.570-0500][gc,phases     ] GC(6)   Pre Evacuate Collection Set: 0.1ms
[2020-07-30T22:00:26.570-0500][gc,phases     ] GC(6)   Evacuate Collection Set: 21.9ms
[2020-07-30T22:00:26.570-0500][gc,phases     ] GC(6)   Post Evacuate Collection Set: 5.0ms
[2020-07-30T22:00:26.570-0500][gc,phases     ] GC(6)   Other: 0.5ms
[2020-07-30T22:00:26.570-0500][gc,heap       ] GC(6) Eden regions: 48->0(44)
[2020-07-30T22:00:26.570-0500][gc,heap       ] GC(6) Survivor regions: 3->7(7)
[2020-07-30T22:00:26.570-0500][gc,heap       ] GC(6) Old regions: 14->14
[2020-07-30T22:00:26.570-0500][gc,heap       ] GC(6) Humongous regions: 129->129
[2020-07-30T22:00:26.570-0500][gc,metaspace  ] GC(6) Metaspace: 44285K->44285K(1089536K)
[2020-07-30T22:00:26.570-0500][gc            ] GC(6) Pause Young (Normal) (G1 Evacuation Pause) 191M->148M(1024M) 27.753ms
[2020-07-30T22:00:26.570-0500][gc,cpu        ] GC(6) User=0.07s Sys=0.00s Real=0.03s
[2020-07-30T22:07:35.302-0500][gc,start      ] GC(7) Pause Young (Normal) (G1 Evacuation Pause)
[2020-07-30T22:07:35.302-0500][gc,task       ] GC(7) Using 4 workers of 4 for evacuation
[2020-07-30T22:07:35.346-0500][gc,mmu        ] GC(7) MMU target violated: 21.0ms (20.0ms/21.0ms)
[2020-07-30T22:07:35.346-0500][gc,phases     ] GC(7)   Pre Evacuate Collection Set: 0.1ms
[2020-07-30T22:07:35.346-0500][gc,phases     ] GC(7)   Evacuate Collection Set: 41.7ms
[2020-07-30T22:07:35.346-0500][gc,phases     ] GC(7)   Post Evacuate Collection Set: 1.8ms
[2020-07-30T22:07:35.347-0500][gc,phases     ] GC(7)   Other: 1.1ms
[2020-07-30T22:07:35.347-0500][gc,heap       ] GC(7) Eden regions: 44->0(49)
[2020-07-30T22:07:35.347-0500][gc,heap       ] GC(7) Survivor regions: 7->2(7)
[2020-07-30T22:07:35.347-0500][gc,heap       ] GC(7) Old regions: 14->21
[2020-07-30T22:07:35.347-0500][gc,heap       ] GC(7) Humongous regions: 129->129
[2020-07-30T22:07:35.347-0500][gc,metaspace  ] GC(7) Metaspace: 46866K->46866K(1091584K)
[2020-07-30T22:07:35.347-0500][gc            ] GC(7) Pause Young (Normal) (G1 Evacuation Pause) 192M->149M(1024M) 44.732ms
[2020-07-30T22:07:35.347-0500][gc,cpu        ] GC(7) User=0.07s Sys=0.02s Real=0.05s
[2020-07-30T22:08:38.689-0500][gc,start      ] GC(8) Pause Young (Normal) (G1 Evacuation Pause)
[2020-07-30T22:08:38.689-0500][gc,task       ] GC(8) Using 4 workers of 4 for evacuation
[2020-07-30T22:08:38.701-0500][gc,phases     ] GC(8)   Pre Evacuate Collection Set: 0.1ms
[2020-07-30T22:08:38.701-0500][gc,phases     ] GC(8)   Evacuate Collection Set: 10.7ms
[2020-07-30T22:08:38.701-0500][gc,phases     ] GC(8)   Post Evacuate Collection Set: 1.1ms
[2020-07-30T22:08:38.701-0500][gc,phases     ] GC(8)   Other: 0.6ms
[2020-07-30T22:08:38.701-0500][gc,heap       ] GC(8) Eden regions: 49->0(48)
[2020-07-30T22:08:38.701-0500][gc,heap       ] GC(8) Survivor regions: 2->3(7)
[2020-07-30T22:08:38.701-0500][gc,heap       ] GC(8) Old regions: 21->21
[2020-07-30T22:08:38.701-0500][gc,heap       ] GC(8) Humongous regions: 129->129
[2020-07-30T22:08:38.701-0500][gc,metaspace  ] GC(8) Metaspace: 47476K->47476K(1091584K)
[2020-07-30T22:08:38.701-0500][gc            ] GC(8) Pause Young (Normal) (G1 Evacuation Pause) 198M->150M(1024M) 12.614ms
[2020-07-30T22:08:38.701-0500][gc,cpu        ] GC(8) User=0.04s Sys=0.00s Real=0.01s
[2020-07-30T22:09:42.820-0500][gc,start      ] GC(9) Pause Young (Normal) (G1 Evacuation Pause)
[2020-07-30T22:09:42.820-0500][gc,task       ] GC(9) Using 4 workers of 4 for evacuation
[2020-07-30T22:09:42.835-0500][gc,phases     ] GC(9)   Pre Evacuate Collection Set: 0.1ms
[2020-07-30T22:09:42.835-0500][gc,phases     ] GC(9)   Evacuate Collection Set: 13.3ms
[2020-07-30T22:09:42.835-0500][gc,phases     ] GC(9)   Post Evacuate Collection Set: 0.9ms
[2020-07-30T22:09:42.835-0500][gc,phases     ] GC(9)   Other: 0.4ms
[2020-07-30T22:09:42.835-0500][gc,heap       ] GC(9) Eden regions: 48->0(47)
[2020-07-30T22:09:42.835-0500][gc,heap       ] GC(9) Survivor regions: 3->4(7)
[2020-07-30T22:09:42.835-0500][gc,heap       ] GC(9) Old regions: 21->21
[2020-07-30T22:09:42.835-0500][gc,heap       ] GC(9) Humongous regions: 129->129
[2020-07-30T22:09:42.835-0500][gc,metaspace  ] GC(9) Metaspace: 47508K->47508K(1091584K)
[2020-07-30T22:09:42.835-0500][gc            ] GC(9) Pause Young (Normal) (G1 Evacuation Pause) 198M->151M(1024M) 14.960ms
[2020-07-30T22:09:42.835-0500][gc,cpu        ] GC(9) User=0.05s Sys=0.00s Real=0.02s
[2020-07-30T22:10:47.886-0500][gc,start      ] GC(10) Pause Young (Normal) (G1 Evacuation Pause)
[2020-07-30T22:10:47.889-0500][gc,task       ] GC(10) Using 4 workers of 4 for evacuation
[2020-07-30T22:10:47.905-0500][gc,phases     ] GC(10)   Pre Evacuate Collection Set: 0.1ms
[2020-07-30T22:10:47.905-0500][gc,phases     ] GC(10)   Evacuate Collection Set: 14.0ms
[2020-07-30T22:10:47.905-0500][gc,phases     ] GC(10)   Post Evacuate Collection Set: 1.6ms
[2020-07-30T22:10:47.906-0500][gc,phases     ] GC(10)   Other: 4.2ms
[2020-07-30T22:10:47.906-0500][gc,heap       ] GC(10) Eden regions: 47->0(46)
[2020-07-30T22:10:47.906-0500][gc,heap       ] GC(10) Survivor regions: 4->5(7)
[2020-07-30T22:10:47.906-0500][gc,heap       ] GC(10) Old regions: 21->21
[2020-07-30T22:10:47.906-0500][gc,heap       ] GC(10) Humongous regions: 129->129
[2020-07-30T22:10:47.906-0500][gc,metaspace  ] GC(10) Metaspace: 47601K->47601K(1091584K)
[2020-07-30T22:10:47.907-0500][gc            ] GC(10) Pause Young (Normal) (G1 Evacuation Pause) 198M->152M(1024M) 19.424ms
[2020-07-30T22:10:47.907-0500][gc,cpu        ] GC(10) User=0.05s Sys=0.01s Real=0.02s
[2020-07-30T22:11:54.310-0500][gc,start      ] GC(11) Pause Young (Normal) (G1 Evacuation Pause)
[2020-07-30T22:11:54.310-0500][gc,task       ] GC(11) Using 4 workers of 4 for evacuation
[2020-07-30T22:11:54.327-0500][gc,phases     ] GC(11)   Pre Evacuate Collection Set: 0.1ms
[2020-07-30T22:11:54.327-0500][gc,phases     ] GC(11)   Evacuate Collection Set: 15.3ms
[2020-07-30T22:11:54.327-0500][gc,phases     ] GC(11)   Post Evacuate Collection Set: 1.0ms
[2020-07-30T22:11:54.327-0500][gc,phases     ] GC(11)   Other: 0.5ms
[2020-07-30T22:11:54.327-0500][gc,heap       ] GC(11) Eden regions: 46->0(46)
[2020-07-30T22:11:54.327-0500][gc,heap       ] GC(11) Survivor regions: 5->5(7)
[2020-07-30T22:11:54.327-0500][gc,heap       ] GC(11) Old regions: 21->22
[2020-07-30T22:11:54.327-0500][gc,heap       ] GC(11) Humongous regions: 129->129
[2020-07-30T22:11:54.327-0500][gc,metaspace  ] GC(11) Metaspace: 47639K->47639K(1091584K)
[2020-07-30T22:11:54.327-0500][gc            ] GC(11) Pause Young (Normal) (G1 Evacuation Pause) 198M->152M(1024M) 17.128ms
[2020-07-30T22:11:54.327-0500][gc,cpu        ] GC(11) User=0.06s Sys=0.01s Real=0.02s
[2020-07-30T22:12:59.967-0500][gc,start      ] GC(12) Pause Young (Normal) (G1 Evacuation Pause)
[2020-07-30T22:12:59.967-0500][gc,task       ] GC(12) Using 4 workers of 4 for evacuation
[2020-07-30T22:12:59.984-0500][gc,phases     ] GC(12)   Pre Evacuate Collection Set: 0.1ms
[2020-07-30T22:12:59.984-0500][gc,phases     ] GC(12)   Evacuate Collection Set: 15.6ms
[2020-07-30T22:12:59.984-0500][gc,phases     ] GC(12)   Post Evacuate Collection Set: 0.9ms
[2020-07-30T22:12:59.984-0500][gc,phases     ] GC(12)   Other: 0.5ms
[2020-07-30T22:12:59.985-0500][gc,heap       ] GC(12) Eden regions: 46->0(46)
[2020-07-30T22:12:59.985-0500][gc,heap       ] GC(12) Survivor regions: 5->5(7)
[2020-07-30T22:12:59.985-0500][gc,heap       ] GC(12) Old regions: 22->22
[2020-07-30T22:12:59.985-0500][gc,heap       ] GC(12) Humongous regions: 129->129
[2020-07-30T22:12:59.985-0500][gc,metaspace  ] GC(12) Metaspace: 47647K->47647K(1091584K)
[2020-07-30T22:12:59.985-0500][gc            ] GC(12) Pause Young (Normal) (G1 Evacuation Pause) 198M->154M(1024M) 17.289ms
[2020-07-30T22:12:59.985-0500][gc,cpu        ] GC(12) User=0.05s Sys=0.00s Real=0.01s
[2020-07-30T22:14:05.430-0500][gc,start      ] GC(13) Pause Young (Normal) (G1 Evacuation Pause)
[2020-07-30T22:14:05.430-0500][gc,task       ] GC(13) Using 4 workers of 4 for evacuation
[2020-07-30T22:14:05.453-0500][gc,mmu        ] GC(13) MMU target violated: 21.0ms (20.0ms/21.0ms)
[2020-07-30T22:14:05.453-0500][gc,phases     ] GC(13)   Pre Evacuate Collection Set: 0.1ms
[2020-07-30T22:14:05.453-0500][gc,phases     ] GC(13)   Evacuate Collection Set: 21.8ms
[2020-07-30T22:14:05.453-0500][gc,phases     ] GC(13)   Post Evacuate Collection Set: 0.8ms
[2020-07-30T22:14:05.453-0500][gc,phases     ] GC(13)   Other: 0.6ms
[2020-07-30T22:14:05.453-0500][gc,heap       ] GC(13) Eden regions: 46->0(45)
[2020-07-30T22:14:05.453-0500][gc,heap       ] GC(13) Survivor regions: 5->6(7)
[2020-07-30T22:14:05.453-0500][gc,heap       ] GC(13) Old regions: 22->24
[2020-07-30T22:14:05.453-0500][gc,heap       ] GC(13) Humongous regions: 129->129
[2020-07-30T22:14:05.453-0500][gc,metaspace  ] GC(13) Metaspace: 47665K->47665K(1091584K)
[2020-07-30T22:14:05.453-0500][gc            ] GC(13) Pause Young (Normal) (G1 Evacuation Pause) 200M->156M(1024M) 23.416ms
[2020-07-30T22:14:05.453-0500][gc,cpu        ] GC(13) User=0.08s Sys=0.01s Real=0.03s
[2020-07-30T22:15:11.911-0500][gc,start      ] GC(14) Pause Young (Normal) (G1 Evacuation Pause)
[2020-07-30T22:15:11.912-0500][gc,task       ] GC(14) Using 4 workers of 4 for evacuation
[2020-07-30T22:15:11.955-0500][gc,mmu        ] GC(14) MMU target violated: 21.0ms (20.0ms/21.0ms)
[2020-07-30T22:15:11.955-0500][gc,phases     ] GC(14)   Pre Evacuate Collection Set: 0.1ms
[2020-07-30T22:15:11.955-0500][gc,phases     ] GC(14)   Evacuate Collection Set: 42.5ms
[2020-07-30T22:15:11.955-0500][gc,phases     ] GC(14)   Post Evacuate Collection Set: 0.5ms
[2020-07-30T22:15:11.955-0500][gc,phases     ] GC(14)   Other: 0.6ms
[2020-07-30T22:15:11.955-0500][gc,heap       ] GC(14) Eden regions: 45->0(46)
[2020-07-30T22:15:11.955-0500][gc,heap       ] GC(14) Survivor regions: 6->5(7)
[2020-07-30T22:15:11.955-0500][gc,heap       ] GC(14) Old regions: 24->27
[2020-07-30T22:15:11.955-0500][gc,heap       ] GC(14) Humongous regions: 129->129
[2020-07-30T22:15:11.955-0500][gc,metaspace  ] GC(14) Metaspace: 47670K->47670K(1091584K)
[2020-07-30T22:15:11.955-0500][gc            ] GC(14) Pause Young (Normal) (G1 Evacuation Pause) 201M->158M(1024M) 43.809ms
[2020-07-30T22:15:11.955-0500][gc,cpu        ] GC(14) User=0.07s Sys=0.00s Real=0.05s
[2020-07-30T22:16:17.626-0500][gc,start      ] GC(15) Pause Young (Normal) (G1 Evacuation Pause)
[2020-07-30T22:16:17.627-0500][gc,task       ] GC(15) Using 4 workers of 4 for evacuation
[2020-07-30T22:16:17.651-0500][gc,mmu        ] GC(15) MMU target violated: 21.0ms (20.0ms/21.0ms)
[2020-07-30T22:16:17.651-0500][gc,phases     ] GC(15)   Pre Evacuate Collection Set: 0.1ms
[2020-07-30T22:16:17.652-0500][gc,phases     ] GC(15)   Evacuate Collection Set: 23.7ms
[2020-07-30T22:16:17.652-0500][gc,phases     ] GC(15)   Post Evacuate Collection Set: 0.7ms
[2020-07-30T22:16:17.652-0500][gc,phases     ] GC(15)   Other: 0.7ms
[2020-07-30T22:16:17.652-0500][gc,heap       ] GC(15) Eden regions: 46->0(46)
[2020-07-30T22:16:17.652-0500][gc,heap       ] GC(15) Survivor regions: 5->5(7)
[2020-07-30T22:16:17.652-0500][gc,heap       ] GC(15) Old regions: 27->29
[2020-07-30T22:16:17.652-0500][gc,heap       ] GC(15) Humongous regions: 129->129
[2020-07-30T22:16:17.652-0500][gc,metaspace  ] GC(15) Metaspace: 47691K->47691K(1091584K)
[2020-07-30T22:16:17.652-0500][gc            ] GC(15) Pause Young (Normal) (G1 Evacuation Pause) 204M->160M(1024M) 25.321ms
[2020-07-30T22:16:17.652-0500][gc,cpu        ] GC(15) User=0.08s Sys=0.00s Real=0.02s
[2020-07-30T22:17:24.991-0500][gc,start      ] GC(16) Pause Young (Normal) (G1 Evacuation Pause)
[2020-07-30T22:17:24.991-0500][gc,task       ] GC(16) Using 4 workers of 4 for evacuation
[2020-07-30T22:17:25.033-0500][gc,mmu        ] GC(16) MMU target violated: 21.0ms (20.0ms/21.0ms)
[2020-07-30T22:17:25.033-0500][gc,phases     ] GC(16)   Pre Evacuate Collection Set: 0.1ms
[2020-07-30T22:17:25.033-0500][gc,phases     ] GC(16)   Evacuate Collection Set: 40.5ms
[2020-07-30T22:17:25.033-0500][gc,phases     ] GC(16)   Post Evacuate Collection Set: 1.0ms
[2020-07-30T22:17:25.033-0500][gc,phases     ] GC(16)   Other: 0.8ms
[2020-07-30T22:17:25.033-0500][gc,heap       ] GC(16) Eden regions: 46->0(46)
[2020-07-30T22:17:25.033-0500][gc,heap       ] GC(16) Survivor regions: 5->5(7)
[2020-07-30T22:17:25.033-0500][gc,heap       ] GC(16) Old regions: 29->31
[2020-07-30T22:17:25.033-0500][gc,heap       ] GC(16) Humongous regions: 129->129
[2020-07-30T22:17:25.033-0500][gc,metaspace  ] GC(16) Metaspace: 47697K->47697K(1091584K)
[2020-07-30T22:17:25.033-0500][gc            ] GC(16) Pause Young (Normal) (G1 Evacuation Pause) 206M->163M(1024M) 42.553ms
[2020-07-30T22:17:25.033-0500][gc,cpu        ] GC(16) User=0.08s Sys=0.00s Real=0.05s
[2020-07-30T22:18:33.949-0500][gc,start      ] GC(17) Pause Young (Normal) (G1 Evacuation Pause)
[2020-07-30T22:18:33.950-0500][gc,task       ] GC(17) Using 4 workers of 4 for evacuation
[2020-07-30T22:18:33.974-0500][gc,mmu        ] GC(17) MMU target violated: 21.0ms (20.0ms/21.0ms)
[2020-07-30T22:18:33.975-0500][gc,phases     ] GC(17)   Pre Evacuate Collection Set: 0.1ms
[2020-07-30T22:18:33.975-0500][gc,phases     ] GC(17)   Evacuate Collection Set: 23.7ms
[2020-07-30T22:18:33.975-0500][gc,phases     ] GC(17)   Post Evacuate Collection Set: 0.7ms
[2020-07-30T22:18:33.975-0500][gc,phases     ] GC(17)   Other: 0.6ms
[2020-07-30T22:18:33.975-0500][gc,heap       ] GC(17) Eden regions: 46->0(46)
[2020-07-30T22:18:33.975-0500][gc,heap       ] GC(17) Survivor regions: 5->5(7)
[2020-07-30T22:18:33.975-0500][gc,heap       ] GC(17) Old regions: 31->34
[2020-07-30T22:18:33.975-0500][gc,heap       ] GC(17) Humongous regions: 129->129
[2020-07-30T22:18:33.975-0500][gc,metaspace  ] GC(17) Metaspace: 47709K->47709K(1091584K)
[2020-07-30T22:18:33.975-0500][gc            ] GC(17) Pause Young (Normal) (G1 Evacuation Pause) 209M->166M(1024M) 25.321ms
[2020-07-30T22:18:33.975-0500][gc,cpu        ] GC(17) User=0.09s Sys=0.01s Real=0.03s
[2020-07-30T22:19:41.211-0500][gc,start      ] GC(18) Pause Young (Normal) (G1 Evacuation Pause)
[2020-07-30T22:19:41.213-0500][gc,task       ] GC(18) Using 4 workers of 4 for evacuation
[2020-07-30T22:19:41.248-0500][gc,mmu        ] GC(18) MMU target violated: 21.0ms (20.0ms/21.0ms)
[2020-07-30T22:19:41.248-0500][gc,phases     ] GC(18)   Pre Evacuate Collection Set: 0.1ms
[2020-07-30T22:19:41.248-0500][gc,phases     ] GC(18)   Evacuate Collection Set: 34.2ms
[2020-07-30T22:19:41.248-0500][gc,phases     ] GC(18)   Post Evacuate Collection Set: 0.8ms
[2020-07-30T22:19:41.249-0500][gc,phases     ] GC(18)   Other: 3.5ms
[2020-07-30T22:19:41.249-0500][gc,heap       ] GC(18) Eden regions: 46->0(46)
[2020-07-30T22:19:41.249-0500][gc,heap       ] GC(18) Survivor regions: 5->5(7)
[2020-07-30T22:19:41.249-0500][gc,heap       ] GC(18) Old regions: 34->36
[2020-07-30T22:19:41.249-0500][gc,heap       ] GC(18) Humongous regions: 129->129
[2020-07-30T22:19:41.249-0500][gc,metaspace  ] GC(18) Metaspace: 47710K->47710K(1091584K)
[2020-07-30T22:19:41.250-0500][gc            ] GC(18) Pause Young (Normal) (G1 Evacuation Pause) 212M->168M(1024M) 38.449ms
[2020-07-30T22:19:41.250-0500][gc,cpu        ] GC(18) User=0.09s Sys=0.00s Real=0.04s
[2020-07-30T22:20:49.093-0500][gc,start      ] GC(19) Pause Young (Normal) (G1 Evacuation Pause)
[2020-07-30T22:20:49.093-0500][gc,task       ] GC(19) Using 4 workers of 4 for evacuation
[2020-07-30T22:20:49.198-0500][gc,mmu        ] GC(19) MMU target violated: 21.0ms (20.0ms/21.0ms)
[2020-07-30T22:20:49.198-0500][gc,phases     ] GC(19)   Pre Evacuate Collection Set: 0.1ms
[2020-07-30T22:20:49.198-0500][gc,phases     ] GC(19)   Evacuate Collection Set: 103.7ms
[2020-07-30T22:20:49.198-0500][gc,phases     ] GC(19)   Post Evacuate Collection Set: 0.9ms
[2020-07-30T22:20:49.199-0500][gc,phases     ] GC(19)   Other: 0.6ms
[2020-07-30T22:20:49.199-0500][gc,heap       ] GC(19) Eden regions: 46->0(46)
[2020-07-30T22:20:49.199-0500][gc,heap       ] GC(19) Survivor regions: 5->5(7)
[2020-07-30T22:20:49.199-0500][gc,heap       ] GC(19) Old regions: 36->39
[2020-07-30T22:20:49.199-0500][gc,heap       ] GC(19) Humongous regions: 129->129
[2020-07-30T22:20:49.199-0500][gc,metaspace  ] GC(19) Metaspace: 47734K->47734K(1091584K)
[2020-07-30T22:20:49.199-0500][gc            ] GC(19) Pause Young (Normal) (G1 Evacuation Pause) 214M->170M(1024M) 105.499ms
[2020-07-30T22:20:49.199-0500][gc,cpu        ] GC(19) User=0.08s Sys=0.01s Real=0.10s
[2020-07-30T22:23:21.494-0500][gc,start      ] GC(20) Pause Young (Normal) (G1 Evacuation Pause)
[2020-07-30T22:23:21.494-0500][gc,task       ] GC(20) Using 4 workers of 4 for evacuation
[2020-07-30T22:23:21.525-0500][gc,mmu        ] GC(20) MMU target violated: 21.0ms (20.0ms/21.0ms)
[2020-07-30T22:23:21.526-0500][gc,phases     ] GC(20)   Pre Evacuate Collection Set: 0.1ms
[2020-07-30T22:23:21.526-0500][gc,phases     ] GC(20)   Evacuate Collection Set: 29.8ms
[2020-07-30T22:23:21.526-0500][gc,phases     ] GC(20)   Post Evacuate Collection Set: 1.1ms
[2020-07-30T22:23:21.526-0500][gc,phases     ] GC(20)   Other: 0.7ms
[2020-07-30T22:23:21.526-0500][gc,heap       ] GC(20) Eden regions: 46->0(46)
[2020-07-30T22:23:21.526-0500][gc,heap       ] GC(20) Survivor regions: 5->5(7)
[2020-07-30T22:23:21.526-0500][gc,heap       ] GC(20) Old regions: 39->41
[2020-07-30T22:23:21.526-0500][gc,heap       ] GC(20) Humongous regions: 129->129
[2020-07-30T22:23:21.526-0500][gc,metaspace  ] GC(20) Metaspace: 47804K->47804K(1091584K)
[2020-07-30T22:23:21.526-0500][gc            ] GC(20) Pause Young (Normal) (G1 Evacuation Pause) 216M->173M(1024M) 31.853ms
[2020-07-30T22:23:21.526-0500][gc,cpu        ] GC(20) User=0.10s Sys=0.00s Real=0.03s
[2020-07-30T22:37:41.212-0500][gc,start      ] GC(21) Pause Young (Normal) (G1 Evacuation Pause)
[2020-07-30T22:37:41.213-0500][gc,task       ] GC(21) Using 4 workers of 4 for evacuation
[2020-07-30T22:37:41.248-0500][gc,mmu        ] GC(21) MMU target violated: 21.0ms (20.0ms/21.0ms)
[2020-07-30T22:37:41.248-0500][gc,phases     ] GC(21)   Pre Evacuate Collection Set: 0.1ms
[2020-07-30T22:37:41.248-0500][gc,phases     ] GC(21)   Evacuate Collection Set: 33.2ms
[2020-07-30T22:37:41.248-0500][gc,phases     ] GC(21)   Post Evacuate Collection Set: 1.0ms
[2020-07-30T22:37:41.248-0500][gc,phases     ] GC(21)   Other: 2.0ms
[2020-07-30T22:37:41.248-0500][gc,heap       ] GC(21) Eden regions: 46->0(48)
[2020-07-30T22:37:41.248-0500][gc,heap       ] GC(21) Survivor regions: 5->3(7)
[2020-07-30T22:37:41.248-0500][gc,heap       ] GC(21) Old regions: 41->44
[2020-07-30T22:37:41.248-0500][gc,heap       ] GC(21) Humongous regions: 129->129
[2020-07-30T22:37:41.248-0500][gc,metaspace  ] GC(21) Metaspace: 47871K->47871K(1091584K)
[2020-07-30T22:37:41.248-0500][gc            ] GC(21) Pause Young (Normal) (G1 Evacuation Pause) 219M->174M(1024M) 36.558ms
[2020-07-30T22:37:41.248-0500][gc,cpu        ] GC(21) User=0.08s Sys=0.00s Real=0.04s
[2020-07-30T22:45:24.632-0500][gc,start      ] GC(22) Pause Young (Normal) (G1 Evacuation Pause)
[2020-07-30T22:45:24.632-0500][gc,task       ] GC(22) Using 4 workers of 4 for evacuation
[2020-07-30T22:45:24.661-0500][gc,mmu        ] GC(22) MMU target violated: 21.0ms (20.0ms/21.0ms)
[2020-07-30T22:45:24.662-0500][gc,phases     ] GC(22)   Pre Evacuate Collection Set: 0.1ms
[2020-07-30T22:45:24.662-0500][gc,phases     ] GC(22)   Evacuate Collection Set: 24.8ms
[2020-07-30T22:45:24.662-0500][gc,phases     ] GC(22)   Post Evacuate Collection Set: 4.1ms
[2020-07-30T22:45:24.662-0500][gc,phases     ] GC(22)   Other: 0.9ms
[2020-07-30T22:45:24.662-0500][gc,heap       ] GC(22) Eden regions: 48->0(46)
[2020-07-30T22:45:24.662-0500][gc,heap       ] GC(22) Survivor regions: 3->5(7)
[2020-07-30T22:45:24.662-0500][gc,heap       ] GC(22) Old regions: 44->44
[2020-07-30T22:45:24.662-0500][gc,heap       ] GC(22) Humongous regions: 129->129
[2020-07-30T22:45:24.662-0500][gc,metaspace  ] GC(22) Metaspace: 47911K->47911K(1091584K)
[2020-07-30T22:45:24.662-0500][gc            ] GC(22) Pause Young (Normal) (G1 Evacuation Pause) 222M->175M(1024M) 30.038ms
[2020-07-30T22:45:24.662-0500][gc,cpu        ] GC(22) User=0.07s Sys=0.00s Real=0.03s
[2020-07-30T22:46:50.830-0500][gc,start      ] GC(23) Pause Young (Normal) (G1 Evacuation Pause)
[2020-07-30T22:46:50.830-0500][gc,task       ] GC(23) Using 4 workers of 4 for evacuation
[2020-07-30T22:46:50.857-0500][gc,mmu        ] GC(23) MMU target violated: 21.0ms (20.0ms/21.0ms)
[2020-07-30T22:46:50.858-0500][gc,phases     ] GC(23)   Pre Evacuate Collection Set: 0.1ms
[2020-07-30T22:46:50.858-0500][gc,phases     ] GC(23)   Evacuate Collection Set: 26.3ms
[2020-07-30T22:46:50.858-0500][gc,phases     ] GC(23)   Post Evacuate Collection Set: 0.9ms
[2020-07-30T22:46:50.858-0500][gc,phases     ] GC(23)   Other: 0.6ms
[2020-07-30T22:46:50.858-0500][gc,heap       ] GC(23) Eden regions: 46->0(45)
[2020-07-30T22:46:50.858-0500][gc,heap       ] GC(23) Survivor regions: 5->6(7)
[2020-07-30T22:46:50.858-0500][gc,heap       ] GC(23) Old regions: 44->46
[2020-07-30T22:46:50.858-0500][gc,heap       ] GC(23) Humongous regions: 129->129
[2020-07-30T22:46:50.858-0500][gc,metaspace  ] GC(23) Metaspace: 47925K->47925K(1091584K)
[2020-07-30T22:46:50.858-0500][gc            ] GC(23) Pause Young (Normal) (G1 Evacuation Pause) 221M->178M(1024M) 28.004ms
[2020-07-30T22:46:50.858-0500][gc,cpu        ] GC(23) User=0.09s Sys=0.00s Real=0.03s
[2020-07-30T22:48:15.569-0500][gc,start      ] GC(24) Pause Young (Normal) (G1 Evacuation Pause)
[2020-07-30T22:48:15.569-0500][gc,task       ] GC(24) Using 4 workers of 4 for evacuation
[2020-07-30T22:48:15.638-0500][gc,mmu        ] GC(24) MMU target violated: 21.0ms (20.0ms/21.0ms)
[2020-07-30T22:48:15.639-0500][gc,phases     ] GC(24)   Pre Evacuate Collection Set: 0.1ms
[2020-07-30T22:48:15.639-0500][gc,phases     ] GC(24)   Evacuate Collection Set: 67.5ms
[2020-07-30T22:48:15.639-0500][gc,phases     ] GC(24)   Post Evacuate Collection Set: 1.4ms
[2020-07-30T22:48:15.639-0500][gc,phases     ] GC(24)   Other: 0.8ms
[2020-07-30T22:48:15.639-0500][gc,heap       ] GC(24) Eden regions: 45->0(44)
[2020-07-30T22:48:15.639-0500][gc,heap       ] GC(24) Survivor regions: 6->7(7)
[2020-07-30T22:48:15.639-0500][gc,heap       ] GC(24) Old regions: 46->48
[2020-07-30T22:48:15.639-0500][gc,heap       ] GC(24) Humongous regions: 129->129
[2020-07-30T22:48:15.639-0500][gc,metaspace  ] GC(24) Metaspace: 47955K->47955K(1091584K)
[2020-07-30T22:48:15.639-0500][gc            ] GC(24) Pause Young (Normal) (G1 Evacuation Pause) 223M->181M(1024M) 69.926ms
[2020-07-30T22:48:15.639-0500][gc,cpu        ] GC(24) User=0.10s Sys=0.00s Real=0.07s
[2020-07-30T22:49:41.220-0500][gc,start      ] GC(25) Pause Young (Normal) (G1 Evacuation Pause)
[2020-07-30T22:49:41.220-0500][gc,task       ] GC(25) Using 4 workers of 4 for evacuation
[2020-07-30T22:49:41.248-0500][gc,mmu        ] GC(25) MMU target violated: 21.0ms (20.0ms/21.0ms)
[2020-07-30T22:49:41.248-0500][gc,phases     ] GC(25)   Pre Evacuate Collection Set: 0.1ms
[2020-07-30T22:49:41.248-0500][gc,phases     ] GC(25)   Evacuate Collection Set: 26.3ms
[2020-07-30T22:49:41.248-0500][gc,phases     ] GC(25)   Post Evacuate Collection Set: 0.8ms
[2020-07-30T22:49:41.248-0500][gc,phases     ] GC(25)   Other: 0.6ms
[2020-07-30T22:49:41.248-0500][gc,heap       ] GC(25) Eden regions: 44->0(44)
[2020-07-30T22:49:41.248-0500][gc,heap       ] GC(25) Survivor regions: 7->7(7)
[2020-07-30T22:49:41.248-0500][gc,heap       ] GC(25) Old regions: 48->51
[2020-07-30T22:49:41.248-0500][gc,heap       ] GC(25) Humongous regions: 129->129
[2020-07-30T22:49:41.248-0500][gc,metaspace  ] GC(25) Metaspace: 47957K->47957K(1091584K)
[2020-07-30T22:49:41.248-0500][gc            ] GC(25) Pause Young (Normal) (G1 Evacuation Pause) 225M->184M(1024M) 27.935ms
[2020-07-30T22:49:41.248-0500][gc,cpu        ] GC(25) User=0.09s Sys=0.01s Real=0.03s
[2020-07-30T22:51:23.679-0500][gc,start      ] GC(26) Pause Young (Normal) (G1 Evacuation Pause)
[2020-07-30T22:51:23.679-0500][gc,task       ] GC(26) Using 4 workers of 4 for evacuation
[2020-07-30T22:51:23.708-0500][gc,mmu        ] GC(26) MMU target violated: 21.0ms (20.0ms/21.0ms)
[2020-07-30T22:51:23.708-0500][gc,phases     ] GC(26)   Pre Evacuate Collection Set: 0.1ms
[2020-07-30T22:51:23.708-0500][gc,phases     ] GC(26)   Evacuate Collection Set: 27.4ms
[2020-07-30T22:51:23.708-0500][gc,phases     ] GC(26)   Post Evacuate Collection Set: 0.9ms
[2020-07-30T22:51:23.708-0500][gc,phases     ] GC(26)   Other: 1.7ms
[2020-07-30T22:51:23.708-0500][gc,heap       ] GC(26) Eden regions: 44->0(44)
[2020-07-30T22:51:23.708-0500][gc,heap       ] GC(26) Survivor regions: 7->7(7)
[2020-07-30T22:51:23.708-0500][gc,heap       ] GC(26) Old regions: 51->55
[2020-07-30T22:51:23.708-0500][gc,heap       ] GC(26) Humongous regions: 129->129
[2020-07-30T22:51:23.708-0500][gc,metaspace  ] GC(26) Metaspace: 47989K->47989K(1091584K)
[2020-07-30T22:51:23.709-0500][gc            ] GC(26) Pause Young (Normal) (G1 Evacuation Pause) 228M->188M(1024M) 29.462ms
[2020-07-30T22:51:23.709-0500][gc,cpu        ] GC(26) User=0.10s Sys=0.01s Real=0.03s
[2020-07-30T22:52:46.498-0500][gc,start      ] GC(27) Pause Young (Normal) (G1 Evacuation Pause)
[2020-07-30T22:52:46.498-0500][gc,task       ] GC(27) Using 4 workers of 4 for evacuation
[2020-07-30T22:52:46.534-0500][gc,mmu        ] GC(27) MMU target violated: 21.0ms (20.0ms/21.0ms)
[2020-07-30T22:52:46.534-0500][gc,phases     ] GC(27)   Pre Evacuate Collection Set: 0.1ms
[2020-07-30T22:52:46.534-0500][gc,phases     ] GC(27)   Evacuate Collection Set: 33.7ms
[2020-07-30T22:52:46.534-0500][gc,phases     ] GC(27)   Post Evacuate Collection Set: 0.9ms
[2020-07-30T22:52:46.534-0500][gc,phases     ] GC(27)   Other: 0.6ms
[2020-07-30T22:52:46.534-0500][gc,heap       ] GC(27) Eden regions: 44->0(44)
[2020-07-30T22:52:46.534-0500][gc,heap       ] GC(27) Survivor regions: 7->7(7)
[2020-07-30T22:52:46.534-0500][gc,heap       ] GC(27) Old regions: 55->58
[2020-07-30T22:52:46.534-0500][gc,heap       ] GC(27) Humongous regions: 129->129
[2020-07-30T22:52:46.534-0500][gc,metaspace  ] GC(27) Metaspace: 47989K->47989K(1091584K)
[2020-07-30T22:52:46.534-0500][gc            ] GC(27) Pause Young (Normal) (G1 Evacuation Pause) 232M->191M(1024M) 35.478ms
[2020-07-30T22:52:46.534-0500][gc,cpu        ] GC(27) User=0.09s Sys=0.01s Real=0.04s
[2020-07-30T22:54:05.220-0500][gc,start      ] GC(28) Pause Young (Normal) (G1 Evacuation Pause)
[2020-07-30T22:54:05.223-0500][gc,task       ] GC(28) Using 4 workers of 4 for evacuation
[2020-07-30T22:54:05.252-0500][gc,mmu        ] GC(28) MMU target violated: 21.0ms (20.0ms/21.0ms)
[2020-07-30T22:54:05.252-0500][gc,phases     ] GC(28)   Pre Evacuate Collection Set: 0.1ms
[2020-07-30T22:54:05.252-0500][gc,phases     ] GC(28)   Evacuate Collection Set: 28.2ms
[2020-07-30T22:54:05.252-0500][gc,phases     ] GC(28)   Post Evacuate Collection Set: 0.6ms
[2020-07-30T22:54:05.252-0500][gc,phases     ] GC(28)   Other: 3.2ms
[2020-07-30T22:54:05.252-0500][gc,heap       ] GC(28) Eden regions: 44->0(44)
[2020-07-30T22:54:05.252-0500][gc,heap       ] GC(28) Survivor regions: 7->7(7)
[2020-07-30T22:54:05.252-0500][gc,heap       ] GC(28) Old regions: 58->61
[2020-07-30T22:54:05.252-0500][gc,heap       ] GC(28) Humongous regions: 129->129
[2020-07-30T22:54:05.252-0500][gc,metaspace  ] GC(28) Metaspace: 48007K->48007K(1091584K)
[2020-07-30T22:54:05.254-0500][gc            ] GC(28) Pause Young (Normal) (G1 Evacuation Pause) 235M->194M(1024M) 32.246ms
[2020-07-30T22:54:05.254-0500][gc,cpu        ] GC(28) User=0.10s Sys=0.01s Real=0.04s
[2020-07-30T22:55:05.117-0500][gc,start      ] GC(29) Pause Young (Normal) (G1 Evacuation Pause)
[2020-07-30T22:55:05.117-0500][gc,task       ] GC(29) Using 4 workers of 4 for evacuation
[2020-07-30T22:55:05.147-0500][gc,mmu        ] GC(29) MMU target violated: 21.0ms (20.0ms/21.0ms)
[2020-07-30T22:55:05.147-0500][gc,phases     ] GC(29)   Pre Evacuate Collection Set: 0.1ms
[2020-07-30T22:55:05.147-0500][gc,phases     ] GC(29)   Evacuate Collection Set: 28.5ms
[2020-07-30T22:55:05.147-0500][gc,phases     ] GC(29)   Post Evacuate Collection Set: 0.6ms
[2020-07-30T22:55:05.147-0500][gc,phases     ] GC(29)   Other: 1.0ms
[2020-07-30T22:55:05.147-0500][gc,heap       ] GC(29) Eden regions: 44->0(45)
[2020-07-30T22:55:05.147-0500][gc,heap       ] GC(29) Survivor regions: 7->6(7)
[2020-07-30T22:55:05.147-0500][gc,heap       ] GC(29) Old regions: 61->64
[2020-07-30T22:55:05.147-0500][gc,heap       ] GC(29) Humongous regions: 129->129
[2020-07-30T22:55:05.147-0500][gc,metaspace  ] GC(29) Metaspace: 48008K->48008K(1091584K)
[2020-07-30T22:55:05.147-0500][gc            ] GC(29) Pause Young (Normal) (G1 Evacuation Pause) 238M->197M(1024M) 30.375ms
[2020-07-30T22:55:05.147-0500][gc,cpu        ] GC(29) User=0.09s Sys=0.02s Real=0.03s
[2020-07-30T22:56:04.686-0500][gc,start      ] GC(30) Pause Young (Normal) (G1 Evacuation Pause)
[2020-07-30T22:56:04.686-0500][gc,task       ] GC(30) Using 4 workers of 4 for evacuation
[2020-07-30T22:56:04.741-0500][gc,mmu        ] GC(30) MMU target violated: 21.0ms (20.0ms/21.0ms)
[2020-07-30T22:56:04.741-0500][gc,phases     ] GC(30)   Pre Evacuate Collection Set: 0.1ms
[2020-07-30T22:56:04.741-0500][gc,phases     ] GC(30)   Evacuate Collection Set: 53.5ms
[2020-07-30T22:56:04.741-0500][gc,phases     ] GC(30)   Post Evacuate Collection Set: 0.8ms
[2020-07-30T22:56:04.741-0500][gc,phases     ] GC(30)   Other: 0.7ms
[2020-07-30T22:56:04.741-0500][gc,heap       ] GC(30) Eden regions: 45->0(45)
[2020-07-30T22:56:04.741-0500][gc,heap       ] GC(30) Survivor regions: 6->6(7)
[2020-07-30T22:56:04.741-0500][gc,heap       ] GC(30) Old regions: 64->68
[2020-07-30T22:56:04.741-0500][gc,heap       ] GC(30) Humongous regions: 129->129
[2020-07-30T22:56:04.741-0500][gc,metaspace  ] GC(30) Metaspace: 48015K->48015K(1091584K)
[2020-07-30T22:56:04.742-0500][gc            ] GC(30) Pause Young (Normal) (G1 Evacuation Pause) 242M->200M(1024M) 55.171ms
[2020-07-30T22:56:04.742-0500][gc,cpu        ] GC(30) User=0.10s Sys=0.01s Real=0.05s
[2020-07-30T22:57:10.636-0500][gc,start      ] GC(31) Pause Young (Normal) (G1 Evacuation Pause)
[2020-07-30T22:57:10.636-0500][gc,task       ] GC(31) Using 4 workers of 4 for evacuation
[2020-07-30T22:57:10.668-0500][gc,mmu        ] GC(31) MMU target violated: 21.0ms (20.0ms/21.0ms)
[2020-07-30T22:57:10.668-0500][gc,phases     ] GC(31)   Pre Evacuate Collection Set: 0.1ms
[2020-07-30T22:57:10.668-0500][gc,phases     ] GC(31)   Evacuate Collection Set: 31.3ms
[2020-07-30T22:57:10.668-0500][gc,phases     ] GC(31)   Post Evacuate Collection Set: 0.7ms
[2020-07-30T22:57:10.668-0500][gc,phases     ] GC(31)   Other: 0.6ms
[2020-07-30T22:57:10.668-0500][gc,heap       ] GC(31) Eden regions: 45->0(46)
[2020-07-30T22:57:10.668-0500][gc,heap       ] GC(31) Survivor regions: 6->5(7)
[2020-07-30T22:57:10.668-0500][gc,heap       ] GC(31) Old regions: 68->70
[2020-07-30T22:57:10.668-0500][gc,heap       ] GC(31) Humongous regions: 129->129
[2020-07-30T22:57:10.668-0500][gc,metaspace  ] GC(31) Metaspace: 48016K->48016K(1091584K)
[2020-07-30T22:57:10.669-0500][gc            ] GC(31) Pause Young (Normal) (G1 Evacuation Pause) 245M->202M(1024M) 32.863ms
[2020-07-30T22:57:10.669-0500][gc,cpu        ] GC(31) User=0.09s Sys=0.00s Real=0.03s
[2020-07-30T22:58:11.493-0500][gc,start      ] GC(32) Pause Young (Normal) (G1 Evacuation Pause)
[2020-07-30T22:58:11.493-0500][gc,task       ] GC(32) Using 4 workers of 4 for evacuation
[2020-07-30T22:58:11.532-0500][gc,mmu        ] GC(32) MMU target violated: 21.0ms (20.0ms/21.0ms)
[2020-07-30T22:58:11.532-0500][gc,phases     ] GC(32)   Pre Evacuate Collection Set: 0.1ms
[2020-07-30T22:58:11.532-0500][gc,phases     ] GC(32)   Evacuate Collection Set: 36.9ms
[2020-07-30T22:58:11.532-0500][gc,phases     ] GC(32)   Post Evacuate Collection Set: 1.6ms
[2020-07-30T22:58:11.532-0500][gc,phases     ] GC(32)   Other: 0.6ms
[2020-07-30T22:58:11.532-0500][gc,heap       ] GC(32) Eden regions: 46->0(46)
[2020-07-30T22:58:11.532-0500][gc,heap       ] GC(32) Survivor regions: 5->5(7)
[2020-07-30T22:58:11.532-0500][gc,heap       ] GC(32) Old regions: 70->73
[2020-07-30T22:58:11.532-0500][gc,heap       ] GC(32) Humongous regions: 129->129
[2020-07-30T22:58:11.532-0500][gc,metaspace  ] GC(32) Metaspace: 48017K->48017K(1091584K)
[2020-07-30T22:58:11.533-0500][gc            ] GC(32) Pause Young (Normal) (G1 Evacuation Pause) 248M->204M(1024M) 39.359ms
[2020-07-30T22:58:11.533-0500][gc,cpu        ] GC(32) User=0.09s Sys=0.00s Real=0.03s
[2020-07-30T22:59:23.482-0500][gc,start      ] GC(33) Pause Young (Normal) (G1 Evacuation Pause)
[2020-07-30T22:59:23.482-0500][gc,task       ] GC(33) Using 4 workers of 4 for evacuation
[2020-07-30T22:59:23.507-0500][gc,mmu        ] GC(33) MMU target violated: 21.0ms (20.0ms/21.0ms)
[2020-07-30T22:59:23.507-0500][gc,phases     ] GC(33)   Pre Evacuate Collection Set: 0.1ms
[2020-07-30T22:59:23.507-0500][gc,phases     ] GC(33)   Evacuate Collection Set: 23.7ms
[2020-07-30T22:59:23.507-0500][gc,phases     ] GC(33)   Post Evacuate Collection Set: 0.9ms
[2020-07-30T22:59:23.507-0500][gc,phases     ] GC(33)   Other: 0.5ms
[2020-07-30T22:59:23.507-0500][gc,heap       ] GC(33) Eden regions: 46->0(46)
[2020-07-30T22:59:23.507-0500][gc,heap       ] GC(33) Survivor regions: 5->5(7)
[2020-07-30T22:59:23.507-0500][gc,heap       ] GC(33) Old regions: 73->75
[2020-07-30T22:59:23.507-0500][gc,heap       ] GC(33) Humongous regions: 129->129
[2020-07-30T22:59:23.507-0500][gc,metaspace  ] GC(33) Metaspace: 48085K->48085K(1093632K)
[2020-07-30T22:59:23.507-0500][gc            ] GC(33) Pause Young (Normal) (G1 Evacuation Pause) 250M->207M(1024M) 25.419ms
[2020-07-30T22:59:23.507-0500][gc,cpu        ] GC(33) User=0.09s Sys=0.00s Real=0.03s
[2020-07-30T23:00:23.095-0500][gc,start      ] GC(34) Pause Young (Normal) (G1 Evacuation Pause)
[2020-07-30T23:00:23.095-0500][gc,task       ] GC(34) Using 4 workers of 4 for evacuation
[2020-07-30T23:00:23.151-0500][gc,mmu        ] GC(34) MMU target violated: 21.0ms (20.0ms/21.0ms)
[2020-07-30T23:00:23.151-0500][gc,phases     ] GC(34)   Pre Evacuate Collection Set: 0.1ms
[2020-07-30T23:00:23.151-0500][gc,phases     ] GC(34)   Evacuate Collection Set: 54.4ms
[2020-07-30T23:00:23.151-0500][gc,phases     ] GC(34)   Post Evacuate Collection Set: 1.0ms
[2020-07-30T23:00:23.151-0500][gc,phases     ] GC(34)   Other: 0.7ms
[2020-07-30T23:00:23.151-0500][gc,heap       ] GC(34) Eden regions: 46->0(44)
[2020-07-30T23:00:23.151-0500][gc,heap       ] GC(34) Survivor regions: 5->7(7)
[2020-07-30T23:00:23.151-0500][gc,heap       ] GC(34) Old regions: 75->77
[2020-07-30T23:00:23.151-0500][gc,heap       ] GC(34) Humongous regions: 129->129
[2020-07-30T23:00:23.151-0500][gc,metaspace  ] GC(34) Metaspace: 48132K->48132K(1093632K)
[2020-07-30T23:00:23.151-0500][gc            ] GC(34) Pause Young (Normal) (G1 Evacuation Pause) 253M->211M(1024M) 56.314ms
[2020-07-30T23:00:23.151-0500][gc,cpu        ] GC(34) User=0.10s Sys=0.01s Real=0.05s
[2020-07-30T23:01:28.806-0500][gc,start      ] GC(35) Pause Young (Normal) (G1 Evacuation Pause)
[2020-07-30T23:01:28.807-0500][gc,task       ] GC(35) Using 4 workers of 4 for evacuation
[2020-07-30T23:01:28.865-0500][gc,mmu        ] GC(35) MMU target violated: 21.0ms (20.0ms/21.0ms)
[2020-07-30T23:01:28.865-0500][gc,phases     ] GC(35)   Pre Evacuate Collection Set: 0.1ms
[2020-07-30T23:01:28.865-0500][gc,phases     ] GC(35)   Evacuate Collection Set: 57.4ms
[2020-07-30T23:01:28.866-0500][gc,phases     ] GC(35)   Post Evacuate Collection Set: 0.8ms
[2020-07-30T23:01:28.866-0500][gc,phases     ] GC(35)   Other: 1.2ms
[2020-07-30T23:01:28.866-0500][gc,heap       ] GC(35) Eden regions: 44->0(49)
[2020-07-30T23:01:28.866-0500][gc,heap       ] GC(35) Survivor regions: 7->2(7)
[2020-07-30T23:01:28.866-0500][gc,heap       ] GC(35) Old regions: 77->84
[2020-07-30T23:01:28.866-0500][gc,heap       ] GC(35) Humongous regions: 129->129
[2020-07-30T23:01:28.866-0500][gc,metaspace  ] GC(35) Metaspace: 48133K->48133K(1093632K)
[2020-07-30T23:01:28.866-0500][gc            ] GC(35) Pause Young (Normal) (G1 Evacuation Pause) 255M->212M(1024M) 59.630ms
[2020-07-30T23:01:28.866-0500][gc,cpu        ] GC(35) User=0.08s Sys=0.01s Real=0.06s
[2020-07-30T23:02:42.301-0500][gc,start      ] GC(36) Pause Young (Normal) (G1 Evacuation Pause)
[2020-07-30T23:02:42.301-0500][gc,task       ] GC(36) Using 4 workers of 4 for evacuation
[2020-07-30T23:02:42.319-0500][gc,phases     ] GC(36)   Pre Evacuate Collection Set: 0.1ms
[2020-07-30T23:02:42.320-0500][gc,phases     ] GC(36)   Evacuate Collection Set: 17.0ms
[2020-07-30T23:02:42.320-0500][gc,phases     ] GC(36)   Post Evacuate Collection Set: 0.8ms
[2020-07-30T23:02:42.320-0500][gc,phases     ] GC(36)   Other: 0.5ms
[2020-07-30T23:02:42.320-0500][gc,heap       ] GC(36) Eden regions: 49->0(47)
[2020-07-30T23:02:42.320-0500][gc,heap       ] GC(36) Survivor regions: 2->4(7)
[2020-07-30T23:02:42.320-0500][gc,heap       ] GC(36) Old regions: 84->84
[2020-07-30T23:02:42.320-0500][gc,heap       ] GC(36) Humongous regions: 129->129
[2020-07-30T23:02:42.320-0500][gc,metaspace  ] GC(36) Metaspace: 48133K->48133K(1093632K)
[2020-07-30T23:02:42.320-0500][gc            ] GC(36) Pause Young (Normal) (G1 Evacuation Pause) 261M->215M(1024M) 18.714ms
[2020-07-30T23:02:42.320-0500][gc,cpu        ] GC(36) User=0.04s Sys=0.00s Real=0.02s
[2020-07-30T23:03:53.926-0500][gc,start      ] GC(37) Pause Young (Normal) (G1 Evacuation Pause)
[2020-07-30T23:03:53.926-0500][gc,task       ] GC(37) Using 4 workers of 4 for evacuation
[2020-07-30T23:03:53.948-0500][gc,mmu        ] GC(37) MMU target violated: 21.0ms (20.0ms/21.0ms)
[2020-07-30T23:03:53.948-0500][gc,phases     ] GC(37)   Pre Evacuate Collection Set: 0.1ms
[2020-07-30T23:03:53.948-0500][gc,phases     ] GC(37)   Evacuate Collection Set: 21.5ms
[2020-07-30T23:03:53.948-0500][gc,phases     ] GC(37)   Post Evacuate Collection Set: 0.6ms
[2020-07-30T23:03:53.949-0500][gc,phases     ] GC(37)   Other: 0.6ms
[2020-07-30T23:03:53.949-0500][gc,heap       ] GC(37) Eden regions: 47->0(45)
[2020-07-30T23:03:53.949-0500][gc,heap       ] GC(37) Survivor regions: 4->6(7)
[2020-07-30T23:03:53.949-0500][gc,heap       ] GC(37) Old regions: 84->85
[2020-07-30T23:03:53.949-0500][gc,heap       ] GC(37) Humongous regions: 129->129
[2020-07-30T23:03:53.949-0500][gc,metaspace  ] GC(37) Metaspace: 48135K->48135K(1093632K)
[2020-07-30T23:03:53.949-0500][gc            ] GC(37) Pause Young (Normal) (G1 Evacuation Pause) 262M->217M(1024M) 22.902ms
[2020-07-30T23:03:53.949-0500][gc,cpu        ] GC(37) User=0.06s Sys=0.01s Real=0.02s
[2020-07-30T23:05:05.276-0500][gc,start      ] GC(38) Pause Young (Normal) (G1 Evacuation Pause)
[2020-07-30T23:05:05.276-0500][gc,task       ] GC(38) Using 4 workers of 4 for evacuation
[2020-07-30T23:05:05.322-0500][gc,mmu        ] GC(38) MMU target violated: 21.0ms (20.0ms/21.0ms)
[2020-07-30T23:05:05.322-0500][gc,phases     ] GC(38)   Pre Evacuate Collection Set: 0.1ms
[2020-07-30T23:05:05.322-0500][gc,phases     ] GC(38)   Evacuate Collection Set: 44.5ms
[2020-07-30T23:05:05.322-0500][gc,phases     ] GC(38)   Post Evacuate Collection Set: 0.8ms
[2020-07-30T23:05:05.322-0500][gc,phases     ] GC(38)   Other: 0.7ms
[2020-07-30T23:05:05.323-0500][gc,heap       ] GC(38) Eden regions: 45->0(46)
[2020-07-30T23:05:05.323-0500][gc,heap       ] GC(38) Survivor regions: 6->5(7)
[2020-07-30T23:05:05.323-0500][gc,heap       ] GC(38) Old regions: 85->88
[2020-07-30T23:05:05.323-0500][gc,heap       ] GC(38) Humongous regions: 129->129
[2020-07-30T23:05:05.323-0500][gc,metaspace  ] GC(38) Metaspace: 48152K->48152K(1093632K)
[2020-07-30T23:05:05.323-0500][gc            ] GC(38) Pause Young (Normal) (G1 Evacuation Pause) 262M->220M(1024M) 46.330ms
[2020-07-30T23:05:05.323-0500][gc,cpu        ] GC(38) User=0.09s Sys=0.00s Real=0.04s
[2020-07-30T23:07:56.215-0500][gc,start      ] GC(39) Pause Young (Normal) (G1 Evacuation Pause)
[2020-07-30T23:07:56.215-0500][gc,task       ] GC(39) Using 4 workers of 4 for evacuation
[2020-07-30T23:07:56.239-0500][gc,mmu        ] GC(39) MMU target violated: 21.0ms (20.0ms/21.0ms)
[2020-07-30T23:07:56.239-0500][gc,phases     ] GC(39)   Pre Evacuate Collection Set: 0.1ms
[2020-07-30T23:07:56.239-0500][gc,phases     ] GC(39)   Evacuate Collection Set: 22.9ms
[2020-07-30T23:07:56.239-0500][gc,phases     ] GC(39)   Post Evacuate Collection Set: 0.6ms
[2020-07-30T23:07:56.239-0500][gc,phases     ] GC(39)   Other: 0.6ms
[2020-07-30T23:07:56.239-0500][gc,heap       ] GC(39) Eden regions: 46->0(46)
[2020-07-30T23:07:56.239-0500][gc,heap       ] GC(39) Survivor regions: 5->5(7)
[2020-07-30T23:07:56.239-0500][gc,heap       ] GC(39) Old regions: 88->90
[2020-07-30T23:07:56.239-0500][gc,heap       ] GC(39) Humongous regions: 129->129
[2020-07-30T23:07:56.239-0500][gc,metaspace  ] GC(39) Metaspace: 48158K->48158K(1093632K)
[2020-07-30T23:07:56.239-0500][gc            ] GC(39) Pause Young (Normal) (G1 Evacuation Pause) 266M->222M(1024M) 24.446ms
[2020-07-30T23:07:56.239-0500][gc,cpu        ] GC(39) User=0.09s Sys=0.01s Real=0.02s
[2020-07-30T23:16:41.493-0500][gc,start      ] GC(40) Pause Young (Normal) (G1 Evacuation Pause)
[2020-07-30T23:16:41.493-0500][gc,task       ] GC(40) Using 4 workers of 4 for evacuation
[2020-07-30T23:16:41.531-0500][gc,mmu        ] GC(40) MMU target violated: 21.0ms (20.0ms/21.0ms)
[2020-07-30T23:16:41.531-0500][gc,phases     ] GC(40)   Pre Evacuate Collection Set: 0.1ms
[2020-07-30T23:16:41.531-0500][gc,phases     ] GC(40)   Evacuate Collection Set: 36.7ms
[2020-07-30T23:16:41.531-0500][gc,phases     ] GC(40)   Post Evacuate Collection Set: 0.7ms
[2020-07-30T23:16:41.531-0500][gc,phases     ] GC(40)   Other: 0.6ms
[2020-07-30T23:16:41.531-0500][gc,heap       ] GC(40) Eden regions: 46->0(46)
[2020-07-30T23:16:41.531-0500][gc,heap       ] GC(40) Survivor regions: 5->5(7)
[2020-07-30T23:16:41.531-0500][gc,heap       ] GC(40) Old regions: 90->93
[2020-07-30T23:16:41.531-0500][gc,heap       ] GC(40) Humongous regions: 129->129
[2020-07-30T23:16:41.531-0500][gc,metaspace  ] GC(40) Metaspace: 48176K->48176K(1093632K)
[2020-07-30T23:16:41.531-0500][gc            ] GC(40) Pause Young (Normal) (G1 Evacuation Pause) 268M->224M(1024M) 38.234ms
[2020-07-30T23:16:41.531-0500][gc,cpu        ] GC(40) User=0.08s Sys=0.00s Real=0.03s
