[2020-07-28T21:25:10.459-0500][gc,heap] Heap region size: 1M
[2020-07-28T21:25:10.483-0500][gc     ] Using G1
[2020-07-28T21:25:10.483-0500][gc,heap,coops] Heap address: 0x00000000c0000000, size: 1024 MB, Compressed Oops mode: 32-bit
[2020-07-28T21:25:10.484-0500][gc,cds       ] Mark closed archive regions in map: [0x00000000fff00000, 0x00000000fff69ff8]
[2020-07-28T21:25:10.484-0500][gc,cds       ] Mark open archive regions in map: [0x00000000ffe00000, 0x00000000ffe46ff8]
[2020-07-28T21:25:14.070-0500][gc,start     ] GC(0) Pause Young (Normal) (G1 Evacuation Pause)
[2020-07-28T21:25:14.071-0500][gc,task      ] GC(0) Using 4 workers of 4 for evacuation
[2020-07-28T21:25:14.102-0500][gc,mmu       ] GC(0) MMU target violated: 21.0ms (20.0ms/21.0ms)
[2020-07-28T21:25:14.102-0500][gc,phases    ] GC(0)   Pre Evacuate Collection Set: 0.1ms
[2020-07-28T21:25:14.102-0500][gc,phases    ] GC(0)   Evacuate Collection Set: 30.4ms
[2020-07-28T21:25:14.102-0500][gc,phases    ] GC(0)   Post Evacuate Collection Set: 1.1ms
[2020-07-28T21:25:14.103-0500][gc,phases    ] GC(0)   Other: 1.4ms
[2020-07-28T21:25:14.103-0500][gc,heap      ] GC(0) Eden regions: 51->0(44)
[2020-07-28T21:25:14.103-0500][gc,heap      ] GC(0) Survivor regions: 0->7(7)
[2020-07-28T21:25:14.103-0500][gc,heap      ] GC(0) Old regions: 2->2
[2020-07-28T21:25:14.103-0500][gc,heap      ] GC(0) Humongous regions: 0->0
[2020-07-28T21:25:14.103-0500][gc,metaspace ] GC(0) Metaspace: 17092K->17092K(1064960K)
[2020-07-28T21:25:14.103-0500][gc           ] GC(0) Pause Young (Normal) (G1 Evacuation Pause) 51M->7M(1024M) 33.038ms
[2020-07-28T21:25:14.103-0500][gc,cpu       ] GC(0) User=0.09s Sys=0.01s Real=0.03s
[2020-07-28T21:25:14.950-0500][gc,start     ] GC(1) Pause Young (Concurrent Start) (Metadata GC Threshold)
[2020-07-28T21:25:14.951-0500][gc,task      ] GC(1) Using 4 workers of 4 for evacuation
[2020-07-28T21:25:14.982-0500][gc,mmu       ] GC(1) MMU target violated: 21.0ms (20.0ms/21.0ms)
[2020-07-28T21:25:14.982-0500][gc,phases    ] GC(1)   Pre Evacuate Collection Set: 0.1ms
[2020-07-28T21:25:14.982-0500][gc,phases    ] GC(1)   Evacuate Collection Set: 29.9ms
[2020-07-28T21:25:14.982-0500][gc,phases    ] GC(1)   Post Evacuate Collection Set: 1.0ms
[2020-07-28T21:25:14.982-0500][gc,phases    ] GC(1)   Other: 0.6ms
[2020-07-28T21:25:14.982-0500][gc,heap      ] GC(1) Eden regions: 18->0(49)
[2020-07-28T21:25:14.982-0500][gc,heap      ] GC(1) Survivor regions: 7->2(7)
[2020-07-28T21:25:14.982-0500][gc,heap      ] GC(1) Old regions: 2->9
[2020-07-28T21:25:14.982-0500][gc,heap      ] GC(1) Humongous regions: 129->129
[2020-07-28T21:25:14.982-0500][gc,metaspace ] GC(1) Metaspace: 20579K->20579K(1067008K)
[2020-07-28T21:25:14.982-0500][gc           ] GC(1) Pause Young (Concurrent Start) (Metadata GC Threshold) 154M->137M(1024M) 31.750ms
[2020-07-28T21:25:14.982-0500][gc,cpu       ] GC(1) User=0.09s Sys=0.00s Real=0.03s
[2020-07-28T21:25:14.982-0500][gc           ] GC(2) Concurrent Cycle
[2020-07-28T21:25:14.982-0500][gc,marking   ] GC(2) Concurrent Clear Claimed Marks
[2020-07-28T21:25:14.983-0500][gc,marking   ] GC(2) Concurrent Clear Claimed Marks 0.081ms
[2020-07-28T21:25:14.983-0500][gc,marking   ] GC(2) Concurrent Scan Root Regions
[2020-07-28T21:25:14.984-0500][gc,marking   ] GC(2) Concurrent Scan Root Regions 1.873ms
[2020-07-28T21:25:14.985-0500][gc,marking   ] GC(2) Concurrent Mark (4.537s)
[2020-07-28T21:25:14.985-0500][gc,marking   ] GC(2) Concurrent Mark From Roots
[2020-07-28T21:25:14.985-0500][gc,task      ] GC(2) Using 1 workers of 1 for marking
[2020-07-28T21:25:15.021-0500][gc,marking   ] GC(2) Concurrent Mark From Roots 36.418ms
[2020-07-28T21:25:15.021-0500][gc,marking   ] GC(2) Concurrent Preclean
[2020-07-28T21:25:15.021-0500][gc,marking   ] GC(2) Concurrent Preclean 0.203ms
[2020-07-28T21:25:15.021-0500][gc,marking   ] GC(2) Concurrent Mark (4.537s, 4.573s) 36.742ms
[2020-07-28T21:25:15.022-0500][gc,start     ] GC(2) Pause Remark
[2020-07-28T21:25:15.028-0500][gc,stringtable] GC(2) Cleaned string and symbol table, strings: 4993 processed, 0 removed, symbols: 50953 processed, 49 removed
[2020-07-28T21:25:15.028-0500][gc            ] GC(2) Pause Remark 139M->139M(1024M) 6.536ms
[2020-07-28T21:25:15.028-0500][gc,cpu        ] GC(2) User=0.02s Sys=0.00s Real=0.00s
[2020-07-28T21:25:15.029-0500][gc,marking    ] GC(2) Concurrent Rebuild Remembered Sets
[2020-07-28T21:25:15.044-0500][gc,marking    ] GC(2) Concurrent Rebuild Remembered Sets 15.598ms
[2020-07-28T21:25:15.045-0500][gc,start      ] GC(2) Pause Cleanup
[2020-07-28T21:25:15.045-0500][gc            ] GC(2) Pause Cleanup 140M->140M(1024M) 0.688ms
[2020-07-28T21:25:15.045-0500][gc,cpu        ] GC(2) User=0.00s Sys=0.00s Real=0.00s
[2020-07-28T21:25:15.045-0500][gc,marking    ] GC(2) Concurrent Cleanup for Next Mark
[2020-07-28T21:25:15.067-0500][gc,marking    ] GC(2) Concurrent Cleanup for Next Mark 21.760ms
[2020-07-28T21:25:15.067-0500][gc            ] GC(2) Concurrent Cycle 84.839ms
[2020-07-28T21:25:16.904-0500][gc,start      ] GC(3) Pause Young (Concurrent Start) (G1 Evacuation Pause)
[2020-07-28T21:25:16.904-0500][gc,task       ] GC(3) Using 4 workers of 4 for evacuation
[2020-07-28T21:25:16.926-0500][gc,mmu        ] GC(3) MMU target violated: 21.0ms (20.0ms/21.0ms)
[2020-07-28T21:25:16.926-0500][gc,phases     ] GC(3)   Pre Evacuate Collection Set: 0.1ms
[2020-07-28T21:25:16.926-0500][gc,phases     ] GC(3)   Evacuate Collection Set: 20.2ms
[2020-07-28T21:25:16.926-0500][gc,phases     ] GC(3)   Post Evacuate Collection Set: 0.8ms
[2020-07-28T21:25:16.926-0500][gc,phases     ] GC(3)   Other: 0.6ms
[2020-07-28T21:25:16.926-0500][gc,heap       ] GC(3) Eden regions: 49->0(46)
[2020-07-28T21:25:16.926-0500][gc,heap       ] GC(3) Survivor regions: 2->5(7)
[2020-07-28T21:25:16.926-0500][gc,heap       ] GC(3) Old regions: 9->9
[2020-07-28T21:25:16.926-0500][gc,heap       ] GC(3) Humongous regions: 129->129
[2020-07-28T21:25:16.926-0500][gc,metaspace  ] GC(3) Metaspace: 29411K->29411K(1075200K)
[2020-07-28T21:25:16.926-0500][gc            ] GC(3) Pause Young (Concurrent Start) (G1 Evacuation Pause) 186M->140M(1024M) 21.884ms
[2020-07-28T21:25:16.926-0500][gc,cpu        ] GC(3) User=0.06s Sys=0.00s Real=0.02s
[2020-07-28T21:25:16.926-0500][gc            ] GC(4) Concurrent Cycle
[2020-07-28T21:25:16.926-0500][gc,marking    ] GC(4) Concurrent Clear Claimed Marks
[2020-07-28T21:25:16.926-0500][gc,marking    ] GC(4) Concurrent Clear Claimed Marks 0.127ms
[2020-07-28T21:25:16.926-0500][gc,marking    ] GC(4) Concurrent Scan Root Regions
[2020-07-28T21:25:16.937-0500][gc,marking    ] GC(4) Concurrent Scan Root Regions 10.981ms
[2020-07-28T21:25:16.937-0500][gc,marking    ] GC(4) Concurrent Mark (6.489s)
[2020-07-28T21:25:16.937-0500][gc,marking    ] GC(4) Concurrent Mark From Roots
[2020-07-28T21:25:16.937-0500][gc,task       ] GC(4) Using 1 workers of 1 for marking
[2020-07-28T21:25:16.971-0500][gc,marking    ] GC(4) Concurrent Mark From Roots 33.440ms
[2020-07-28T21:25:16.971-0500][gc,marking    ] GC(4) Concurrent Preclean
[2020-07-28T21:25:16.971-0500][gc,marking    ] GC(4) Concurrent Preclean 0.208ms
[2020-07-28T21:25:16.971-0500][gc,marking    ] GC(4) Concurrent Mark (6.489s, 6.523s) 33.772ms
[2020-07-28T21:25:16.972-0500][gc,start      ] GC(4) Pause Remark
[2020-07-28T21:25:16.979-0500][gc,stringtable] GC(4) Cleaned string and symbol table, strings: 9681 processed, 6 removed, symbols: 72828 processed, 25 removed
[2020-07-28T21:25:16.979-0500][gc            ] GC(4) Pause Remark 142M->142M(1024M) 7.012ms
[2020-07-28T21:25:16.980-0500][gc,cpu        ] GC(4) User=0.02s Sys=0.00s Real=0.01s
[2020-07-28T21:25:16.980-0500][gc,marking    ] GC(4) Concurrent Rebuild Remembered Sets
[2020-07-28T21:25:16.995-0500][gc,marking    ] GC(4) Concurrent Rebuild Remembered Sets 15.024ms
[2020-07-28T21:25:16.996-0500][gc,start      ] GC(4) Pause Cleanup
[2020-07-28T21:25:16.997-0500][gc            ] GC(4) Pause Cleanup 142M->142M(1024M) 0.618ms
[2020-07-28T21:25:16.997-0500][gc,cpu        ] GC(4) User=0.00s Sys=0.00s Real=0.00s
[2020-07-28T21:25:16.997-0500][gc,marking    ] GC(4) Concurrent Cleanup for Next Mark
[2020-07-28T21:25:17.019-0500][gc,marking    ] GC(4) Concurrent Cleanup for Next Mark 22.547ms
[2020-07-28T21:25:17.019-0500][gc            ] GC(4) Concurrent Cycle 93.494ms
[2020-07-28T21:25:19.137-0500][gc,start      ] GC(5) Pause Young (Normal) (G1 Evacuation Pause)
[2020-07-28T21:25:19.137-0500][gc,task       ] GC(5) Using 4 workers of 4 for evacuation
[2020-07-28T21:25:19.170-0500][gc,mmu        ] GC(5) MMU target violated: 21.0ms (20.0ms/21.0ms)
[2020-07-28T21:25:19.170-0500][gc,phases     ] GC(5)   Pre Evacuate Collection Set: 0.1ms
[2020-07-28T21:25:19.170-0500][gc,phases     ] GC(5)   Evacuate Collection Set: 31.3ms
[2020-07-28T21:25:19.170-0500][gc,phases     ] GC(5)   Post Evacuate Collection Set: 1.1ms
[2020-07-28T21:25:19.171-0500][gc,phases     ] GC(5)   Other: 0.6ms
[2020-07-28T21:25:19.171-0500][gc,heap       ] GC(5) Eden regions: 46->0(48)
[2020-07-28T21:25:19.171-0500][gc,heap       ] GC(5) Survivor regions: 5->3(7)
[2020-07-28T21:25:19.171-0500][gc,heap       ] GC(5) Old regions: 9->13
[2020-07-28T21:25:19.171-0500][gc,heap       ] GC(5) Humongous regions: 129->129
[2020-07-28T21:25:19.171-0500][gc,metaspace  ] GC(5) Metaspace: 35542K->35542K(1081344K)
[2020-07-28T21:25:19.171-0500][gc            ] GC(5) Pause Young (Normal) (G1 Evacuation Pause) 186M->143M(1024M) 33.228ms
[2020-07-28T21:25:19.171-0500][gc,cpu        ] GC(5) User=0.12s Sys=0.00s Real=0.04s
[2020-07-28T21:25:42.761-0500][gc,start      ] GC(6) Pause Young (Normal) (G1 Evacuation Pause)
[2020-07-28T21:25:42.761-0500][gc,task       ] GC(6) Using 4 workers of 4 for evacuation
[2020-07-28T21:25:42.782-0500][gc,mmu        ] GC(6) MMU target violated: 20.8ms (20.0ms/21.0ms)
[2020-07-28T21:25:42.782-0500][gc,phases     ] GC(6)   Pre Evacuate Collection Set: 0.1ms
[2020-07-28T21:25:42.782-0500][gc,phases     ] GC(6)   Evacuate Collection Set: 18.1ms
[2020-07-28T21:25:42.782-0500][gc,phases     ] GC(6)   Post Evacuate Collection Set: 2.4ms
[2020-07-28T21:25:42.782-0500][gc,phases     ] GC(6)   Other: 0.6ms
[2020-07-28T21:25:42.782-0500][gc,heap       ] GC(6) Eden regions: 48->0(44)
[2020-07-28T21:25:42.782-0500][gc,heap       ] GC(6) Survivor regions: 3->7(7)
[2020-07-28T21:25:42.782-0500][gc,heap       ] GC(6) Old regions: 13->14
[2020-07-28T21:25:42.782-0500][gc,heap       ] GC(6) Humongous regions: 129->129
[2020-07-28T21:25:42.782-0500][gc,metaspace  ] GC(6) Metaspace: 44284K->44284K(1089536K)
[2020-07-28T21:25:42.782-0500][gc            ] GC(6) Pause Young (Normal) (G1 Evacuation Pause) 191M->148M(1024M) 21.378ms
[2020-07-28T21:25:42.782-0500][gc,cpu        ] GC(6) User=0.07s Sys=0.00s Real=0.02s
[2020-07-28T21:36:44.760-0500][gc,start      ] GC(7) Pause Young (Normal) (G1 Evacuation Pause)
[2020-07-28T21:36:44.760-0500][gc,task       ] GC(7) Using 4 workers of 4 for evacuation
[2020-07-28T21:36:44.787-0500][gc,mmu        ] GC(7) MMU target violated: 21.0ms (20.0ms/21.0ms)
[2020-07-28T21:36:44.787-0500][gc,phases     ] GC(7)   Pre Evacuate Collection Set: 0.1ms
[2020-07-28T21:36:44.787-0500][gc,phases     ] GC(7)   Evacuate Collection Set: 25.1ms
[2020-07-28T21:36:44.787-0500][gc,phases     ] GC(7)   Post Evacuate Collection Set: 1.1ms
[2020-07-28T21:36:44.787-0500][gc,phases     ] GC(7)   Other: 0.7ms
[2020-07-28T21:36:44.787-0500][gc,heap       ] GC(7) Eden regions: 44->0(49)
[2020-07-28T21:36:44.787-0500][gc,heap       ] GC(7) Survivor regions: 7->2(7)
[2020-07-28T21:36:44.787-0500][gc,heap       ] GC(7) Old regions: 14->21
[2020-07-28T21:36:44.787-0500][gc,heap       ] GC(7) Humongous regions: 129->129
[2020-07-28T21:36:44.787-0500][gc,metaspace  ] GC(7) Metaspace: 46057K->46057K(1091584K)
[2020-07-28T21:36:44.787-0500][gc            ] GC(7) Pause Young (Normal) (G1 Evacuation Pause) 192M->149M(1024M) 27.191ms
[2020-07-28T21:36:44.787-0500][gc,cpu        ] GC(7) User=0.07s Sys=0.01s Real=0.02s
[2020-07-28T21:45:22.402-0500][gc,start      ] GC(8) Pause Young (Normal) (G1 Evacuation Pause)
[2020-07-28T21:45:22.402-0500][gc,task       ] GC(8) Using 4 workers of 4 for evacuation
[2020-07-28T21:45:22.425-0500][gc,mmu        ] GC(8) MMU target violated: 21.0ms (20.0ms/21.0ms)
[2020-07-28T21:45:22.426-0500][gc,phases     ] GC(8)   Pre Evacuate Collection Set: 0.1ms
[2020-07-28T21:45:22.426-0500][gc,phases     ] GC(8)   Evacuate Collection Set: 12.1ms
[2020-07-28T21:45:22.426-0500][gc,phases     ] GC(8)   Post Evacuate Collection Set: 10.8ms
[2020-07-28T21:45:22.426-0500][gc,phases     ] GC(8)   Other: 0.6ms
[2020-07-28T21:45:22.426-0500][gc,heap       ] GC(8) Eden regions: 49->0(48)
[2020-07-28T21:45:22.426-0500][gc,heap       ] GC(8) Survivor regions: 2->3(7)
[2020-07-28T21:45:22.426-0500][gc,heap       ] GC(8) Old regions: 21->21
[2020-07-28T21:45:22.426-0500][gc,heap       ] GC(8) Humongous regions: 129->129
[2020-07-28T21:45:22.426-0500][gc,metaspace  ] GC(8) Metaspace: 47920K->47920K(1091584K)
[2020-07-28T21:45:22.426-0500][gc            ] GC(8) Pause Young (Normal) (G1 Evacuation Pause) 198M->150M(1024M) 23.795ms
[2020-07-28T21:45:22.426-0500][gc,cpu        ] GC(8) User=0.03s Sys=0.00s Real=0.02s
[2020-07-28T21:55:17.843-0500][gc,start      ] GC(9) Pause Young (Normal) (G1 Evacuation Pause)
[2020-07-28T21:55:17.843-0500][gc,task       ] GC(9) Using 4 workers of 4 for evacuation
[2020-07-28T21:55:17.879-0500][gc,mmu        ] GC(9) MMU target violated: 21.0ms (20.0ms/21.0ms)
[2020-07-28T21:55:17.879-0500][gc,phases     ] GC(9)   Pre Evacuate Collection Set: 0.1ms
[2020-07-28T21:55:17.879-0500][gc,phases     ] GC(9)   Evacuate Collection Set: 27.8ms
[2020-07-28T21:55:17.879-0500][gc,phases     ] GC(9)   Post Evacuate Collection Set: 7.7ms
[2020-07-28T21:55:17.879-0500][gc,phases     ] GC(9)   Other: 0.7ms
[2020-07-28T21:55:17.879-0500][gc,heap       ] GC(9) Eden regions: 48->0(48)
[2020-07-28T21:55:17.879-0500][gc,heap       ] GC(9) Survivor regions: 3->3(7)
[2020-07-28T21:55:17.879-0500][gc,heap       ] GC(9) Old regions: 21->21
[2020-07-28T21:55:17.879-0500][gc,heap       ] GC(9) Humongous regions: 129->129
[2020-07-28T21:55:17.879-0500][gc,metaspace  ] GC(9) Metaspace: 47973K->47973K(1091584K)
[2020-07-28T21:55:17.879-0500][gc            ] GC(9) Pause Young (Normal) (G1 Evacuation Pause) 198M->150M(1024M) 36.456ms
[2020-07-28T21:55:17.879-0500][gc,cpu        ] GC(9) User=0.04s Sys=0.00s Real=0.04s
[2020-07-28T22:05:30.554-0500][gc,start      ] GC(10) Pause Young (Normal) (G1 Evacuation Pause)
[2020-07-28T22:05:30.554-0500][gc,task       ] GC(10) Using 4 workers of 4 for evacuation
[2020-07-28T22:05:30.567-0500][gc,phases     ] GC(10)   Pre Evacuate Collection Set: 0.1ms
[2020-07-28T22:05:30.567-0500][gc,phases     ] GC(10)   Evacuate Collection Set: 11.0ms
[2020-07-28T22:05:30.567-0500][gc,phases     ] GC(10)   Post Evacuate Collection Set: 1.2ms
[2020-07-28T22:05:30.567-0500][gc,phases     ] GC(10)   Other: 0.5ms
[2020-07-28T22:05:30.567-0500][gc,heap       ] GC(10) Eden regions: 48->0(48)
[2020-07-28T22:05:30.567-0500][gc,heap       ] GC(10) Survivor regions: 3->3(7)
[2020-07-28T22:05:30.567-0500][gc,heap       ] GC(10) Old regions: 21->21
[2020-07-28T22:05:30.567-0500][gc,heap       ] GC(10) Humongous regions: 129->129
[2020-07-28T22:05:30.567-0500][gc,metaspace  ] GC(10) Metaspace: 48019K->48019K(1091584K)
[2020-07-28T22:05:30.567-0500][gc            ] GC(10) Pause Young (Normal) (G1 Evacuation Pause) 198M->150M(1024M) 13.017ms
[2020-07-28T22:05:30.567-0500][gc,cpu        ] GC(10) User=0.04s Sys=0.00s Real=0.01s
[2020-07-28T22:15:52.451-0500][gc,start      ] GC(11) Pause Young (Normal) (G1 Evacuation Pause)
[2020-07-28T22:15:52.451-0500][gc,task       ] GC(11) Using 4 workers of 4 for evacuation
[2020-07-28T22:15:52.465-0500][gc,phases     ] GC(11)   Pre Evacuate Collection Set: 0.1ms
[2020-07-28T22:15:52.465-0500][gc,phases     ] GC(11)   Evacuate Collection Set: 11.4ms
[2020-07-28T22:15:52.465-0500][gc,phases     ] GC(11)   Post Evacuate Collection Set: 2.2ms
[2020-07-28T22:15:52.465-0500][gc,phases     ] GC(11)   Other: 0.8ms
[2020-07-28T22:15:52.465-0500][gc,heap       ] GC(11) Eden regions: 48->0(48)
[2020-07-28T22:15:52.465-0500][gc,heap       ] GC(11) Survivor regions: 3->3(7)
[2020-07-28T22:15:52.465-0500][gc,heap       ] GC(11) Old regions: 21->21
[2020-07-28T22:15:52.465-0500][gc,heap       ] GC(11) Humongous regions: 129->129
[2020-07-28T22:15:52.465-0500][gc,metaspace  ] GC(11) Metaspace: 48040K->48040K(1091584K)
[2020-07-28T22:15:52.465-0500][gc            ] GC(11) Pause Young (Normal) (G1 Evacuation Pause) 198M->150M(1024M) 14.657ms
[2020-07-28T22:15:52.466-0500][gc,cpu        ] GC(11) User=0.04s Sys=0.00s Real=0.01s
[2020-07-28T22:26:00.323-0500][gc,start      ] GC(12) Pause Young (Normal) (G1 Evacuation Pause)
[2020-07-28T22:26:00.323-0500][gc,task       ] GC(12) Using 4 workers of 4 for evacuation
[2020-07-28T22:26:00.376-0500][gc,mmu        ] GC(12) MMU target violated: 21.0ms (20.0ms/21.0ms)
[2020-07-28T22:26:00.376-0500][gc,phases     ] GC(12)   Pre Evacuate Collection Set: 0.1ms
[2020-07-28T22:26:00.376-0500][gc,phases     ] GC(12)   Evacuate Collection Set: 40.7ms
[2020-07-28T22:26:00.376-0500][gc,phases     ] GC(12)   Post Evacuate Collection Set: 11.4ms
[2020-07-28T22:26:00.376-0500][gc,phases     ] GC(12)   Other: 1.0ms
[2020-07-28T22:26:00.376-0500][gc,heap       ] GC(12) Eden regions: 48->0(47)
[2020-07-28T22:26:00.376-0500][gc,heap       ] GC(12) Survivor regions: 3->4(7)
[2020-07-28T22:26:00.376-0500][gc,heap       ] GC(12) Old regions: 21->21
[2020-07-28T22:26:00.376-0500][gc,heap       ] GC(12) Humongous regions: 129->129
[2020-07-28T22:26:00.376-0500][gc,metaspace  ] GC(12) Metaspace: 48099K->48099K(1091584K)
[2020-07-28T22:26:00.376-0500][gc            ] GC(12) Pause Young (Normal) (G1 Evacuation Pause) 198M->151M(1024M) 53.421ms
[2020-07-28T22:26:00.376-0500][gc,cpu        ] GC(12) User=0.05s Sys=0.00s Real=0.05s
[2020-07-28T22:36:26.806-0500][gc,start      ] GC(13) Pause Young (Normal) (G1 Evacuation Pause)
[2020-07-28T22:36:26.806-0500][gc,task       ] GC(13) Using 4 workers of 4 for evacuation
[2020-07-28T22:36:26.817-0500][gc,phases     ] GC(13)   Pre Evacuate Collection Set: 0.1ms
[2020-07-28T22:36:26.817-0500][gc,phases     ] GC(13)   Evacuate Collection Set: 9.9ms
[2020-07-28T22:36:26.817-0500][gc,phases     ] GC(13)   Post Evacuate Collection Set: 1.1ms
[2020-07-28T22:36:26.817-0500][gc,phases     ] GC(13)   Other: 0.6ms
[2020-07-28T22:36:26.817-0500][gc,heap       ] GC(13) Eden regions: 47->0(48)
[2020-07-28T22:36:26.817-0500][gc,heap       ] GC(13) Survivor regions: 4->3(7)
[2020-07-28T22:36:26.817-0500][gc,heap       ] GC(13) Old regions: 21->21
[2020-07-28T22:36:26.817-0500][gc,heap       ] GC(13) Humongous regions: 129->129
[2020-07-28T22:36:26.817-0500][gc,metaspace  ] GC(13) Metaspace: 48130K->48130K(1091584K)
[2020-07-28T22:36:26.817-0500][gc            ] GC(13) Pause Young (Normal) (G1 Evacuation Pause) 198M->150M(1024M) 11.878ms
[2020-07-28T22:36:26.818-0500][gc,cpu        ] GC(13) User=0.04s Sys=0.00s Real=0.01s
[2020-07-28T22:42:08.569-0500][gc,heap,exit  ] Heap
[2020-07-28T22:42:08.569-0500][gc,heap,exit  ]  garbage-first heap   total 1048576K, used 190744K [0x00000000c0000000, 0x0000000100000000)
[2020-07-28T22:42:08.570-0500][gc,heap,exit  ]   region size 1024K, 41 young (41984K), 3 survivors (3072K)
[2020-07-28T22:42:08.570-0500][gc,heap,exit  ]  Metaspace       used 48852K, capacity 51231K, committed 51408K, reserved 1093632K
[2020-07-28T22:42:08.570-0500][gc,heap,exit  ]   class space    used 6457K, capacity 7597K, committed 7676K, reserved 1048576K
