[2020-07-28T21:36:47.352-0500][gc] Using Concurrent Mark Sweep
[2020-07-28T21:36:47.352-0500][gc,heap,coops] Heap address: 0x0000000740000000, size: 3072 MB, Compressed Oops mode: Zero based, Oop shift amount: 3
[2020-07-28T21:36:49.701-0500][gc,start     ] GC(0) Pause Young (Allocation Failure)
[2020-07-28T21:36:49.704-0500][gc,task      ] GC(0) Using 2 workers of 4 for evacuation
[2020-07-28T21:36:49.760-0500][gc,heap      ] GC(0) ParNew: 45952K->5694K(51648K)
[2020-07-28T21:36:49.760-0500][gc,heap      ] GC(0) CMS: 0K->5556K(57344K)
[2020-07-28T21:36:49.760-0500][gc,metaspace ] GC(0) Metaspace: 8818K->8818K(1056768K)
[2020-07-28T21:36:49.760-0500][gc           ] GC(0) Pause Young (Allocation Failure) 44M->10M(106M) 58.976ms
[2020-07-28T21:36:49.760-0500][gc,cpu       ] GC(0) User=0.08s Sys=0.03s Real=0.06s
[2020-07-28T21:36:51.027-0500][gc,start     ] GC(1) Pause Young (Allocation Failure)
[2020-07-28T21:36:51.027-0500][gc,task      ] GC(1) Using 2 workers of 4 for evacuation
[2020-07-28T21:36:51.056-0500][gc,heap      ] GC(1) ParNew: 51646K->3775K(51648K)
[2020-07-28T21:36:51.056-0500][gc,heap      ] GC(1) CMS: 5556K->11250K(57344K)
[2020-07-28T21:36:51.056-0500][gc,metaspace ] GC(1) Metaspace: 15760K->15760K(1062912K)
[2020-07-28T21:36:51.056-0500][gc           ] GC(1) Pause Young (Allocation Failure) 55M->14M(106M) 28.471ms
[2020-07-28T21:36:51.056-0500][gc,cpu       ] GC(1) User=0.05s Sys=0.01s Real=0.03s
[2020-07-28T21:36:52.064-0500][gc,start     ] GC(2) Pause Young (Allocation Failure)
[2020-07-28T21:36:52.065-0500][gc,task      ] GC(2) Using 4 workers of 4 for evacuation
[2020-07-28T21:36:52.077-0500][gc,heap      ] GC(2) ParNew: 49727K->4824K(51648K)
[2020-07-28T21:36:52.077-0500][gc,heap      ] GC(2) CMS: 11250K->11250K(57344K)
[2020-07-28T21:36:52.077-0500][gc,metaspace ] GC(2) Metaspace: 19382K->19382K(1067008K)
[2020-07-28T21:36:52.077-0500][gc           ] GC(2) Pause Young (Allocation Failure) 59M->15M(106M) 12.744ms
[2020-07-28T21:36:52.077-0500][gc,cpu       ] GC(2) User=0.04s Sys=0.00s Real=0.01s
[2020-07-28T21:36:53.402-0500][gc,start     ] GC(3) Pause Young (Allocation Failure)
[2020-07-28T21:36:53.402-0500][gc,task      ] GC(3) Using 4 workers of 4 for evacuation
[2020-07-28T21:36:53.423-0500][gc,heap      ] GC(3) ParNew: 50776K->4380K(51648K)
[2020-07-28T21:36:53.424-0500][gc,heap      ] GC(3) CMS: 11250K->13969K(57344K)
[2020-07-28T21:36:53.424-0500][gc,metaspace ] GC(3) Metaspace: 25651K->25651K(1073152K)
[2020-07-28T21:36:53.424-0500][gc           ] GC(3) Pause Young (Allocation Failure) 60M->17M(106M) 21.909ms
[2020-07-28T21:36:53.424-0500][gc,cpu       ] GC(3) User=0.07s Sys=0.01s Real=0.02s
[2020-07-28T21:36:53.424-0500][gc,start     ] GC(4) Pause Initial Mark
[2020-07-28T21:36:53.431-0500][gc           ] GC(4) Pause Initial Mark 18M->18M(106M) 6.532ms
[2020-07-28T21:36:53.431-0500][gc,cpu       ] GC(4) User=0.02s Sys=0.00s Real=0.01s
[2020-07-28T21:36:53.431-0500][gc           ] GC(4) Concurrent Mark
[2020-07-28T21:36:53.499-0500][gc           ] GC(4) Concurrent Mark 68.174ms
[2020-07-28T21:36:53.499-0500][gc,cpu       ] GC(4) User=0.14s Sys=0.01s Real=0.07s
[2020-07-28T21:36:53.499-0500][gc           ] GC(4) Concurrent Preclean
[2020-07-28T21:36:53.500-0500][gc           ] GC(4) Concurrent Preclean 0.726ms
[2020-07-28T21:36:53.500-0500][gc,cpu       ] GC(4) User=0.00s Sys=0.00s Real=0.00s
[2020-07-28T21:36:53.500-0500][gc,start     ] GC(4) Pause Remark
[2020-07-28T21:36:53.500-0500][gc,start     ] GC(5) Pause Young (CMS Final Remark)
[2020-07-28T21:36:53.500-0500][gc,task      ] GC(5) Using 4 workers of 4 for evacuation
[2020-07-28T21:36:53.507-0500][gc,heap      ] GC(5) ParNew: 6272K->3673K(51648K)
[2020-07-28T21:36:53.507-0500][gc,heap      ] GC(5) CMS: 13969K->13969K(57344K)
[2020-07-28T21:36:53.507-0500][gc,metaspace ] GC(5) Metaspace: 25953K->25953K(1073152K)
[2020-07-28T21:36:53.507-0500][gc           ] GC(5) Pause Young (CMS Final Remark) 19M->17M(106M) 6.592ms
[2020-07-28T21:36:53.507-0500][gc,cpu       ] GC(5) User=0.02s Sys=0.00s Real=0.00s
[2020-07-28T21:36:53.520-0500][gc           ] GC(4) Pause Remark 19M->17M(106M) 19.377ms
[2020-07-28T21:36:53.520-0500][gc,cpu       ] GC(4) User=0.04s Sys=0.00s Real=0.02s
[2020-07-28T21:36:53.520-0500][gc           ] GC(4) Concurrent Sweep
[2020-07-28T21:36:53.529-0500][gc           ] GC(4) Concurrent Sweep 8.845ms
[2020-07-28T21:36:53.529-0500][gc,cpu       ] GC(4) User=0.02s Sys=0.00s Real=0.00s
[2020-07-28T21:36:53.529-0500][gc           ] GC(4) Concurrent Reset
[2020-07-28T21:36:53.593-0500][gc           ] GC(4) Concurrent Reset 64.479ms
[2020-07-28T21:36:53.593-0500][gc,cpu       ] GC(4) User=0.13s Sys=0.06s Real=0.07s
[2020-07-28T21:36:53.593-0500][gc,heap      ] GC(4) Old: 13969K->13899K(57344K)
[2020-07-28T21:36:55.014-0500][gc,start     ] GC(6) Pause Young (Allocation Failure)
[2020-07-28T21:36:55.014-0500][gc,task      ] GC(6) Using 4 workers of 4 for evacuation
[2020-07-28T21:36:55.026-0500][gc,heap      ] GC(6) ParNew: 49625K->5432K(51648K)
[2020-07-28T21:36:55.026-0500][gc,heap      ] GC(6) CMS: 13899K->13899K(57344K)
[2020-07-28T21:36:55.026-0500][gc,metaspace ] GC(6) Metaspace: 31473K->31473K(1077248K)
[2020-07-28T21:36:55.026-0500][gc           ] GC(6) Pause Young (Allocation Failure) 62M->18M(106M) 12.906ms
[2020-07-28T21:36:55.026-0500][gc,cpu       ] GC(6) User=0.04s Sys=0.01s Real=0.01s
[2020-07-28T21:36:56.614-0500][gc,start     ] GC(7) Pause Young (Allocation Failure)
[2020-07-28T21:36:56.614-0500][gc,task      ] GC(7) Using 4 workers of 4 for evacuation
[2020-07-28T21:36:56.633-0500][gc,heap      ] GC(7) ParNew: 51384K->5696K(51648K)
[2020-07-28T21:36:56.633-0500][gc,heap      ] GC(7) CMS: 13899K->16432K(57344K)
[2020-07-28T21:36:56.633-0500][gc,metaspace ] GC(7) Metaspace: 36815K->36815K(1083392K)
[2020-07-28T21:36:56.633-0500][gc           ] GC(7) Pause Young (Allocation Failure) 63M->21M(106M) 19.075ms
[2020-07-28T21:36:56.633-0500][gc,cpu       ] GC(7) User=0.07s Sys=0.00s Real=0.02s
[2020-07-28T21:36:57.326-0500][gc,start     ] GC(8) Pause Young (Allocation Failure)
[2020-07-28T21:36:57.326-0500][gc,task      ] GC(8) Using 4 workers of 4 for evacuation
[2020-07-28T21:36:57.355-0500][gc,heap      ] GC(8) ParNew: 51648K->5057K(51648K)
[2020-07-28T21:36:57.355-0500][gc,heap      ] GC(8) CMS: 16432K->18341K(57344K)
[2020-07-28T21:36:57.356-0500][gc,metaspace ] GC(8) Metaspace: 39268K->39268K(1085440K)
[2020-07-28T21:36:57.356-0500][gc           ] GC(8) Pause Young (Allocation Failure) 66M->22M(106M) 29.721ms
[2020-07-28T21:36:57.356-0500][gc,cpu       ] GC(8) User=0.09s Sys=0.00s Real=0.03s
[2020-07-28T21:37:04.656-0500][gc,start     ] GC(9) Pause Young (Allocation Failure)
[2020-07-28T21:37:04.656-0500][gc,task      ] GC(9) Using 4 workers of 4 for evacuation
[2020-07-28T21:37:04.691-0500][gc,heap      ] GC(9) ParNew: 51009K->4303K(51648K)
[2020-07-28T21:37:04.692-0500][gc,heap      ] GC(9) CMS: 18341K->20573K(57344K)
[2020-07-28T21:37:04.692-0500][gc,metaspace ] GC(9) Metaspace: 44472K->44472K(1089536K)
[2020-07-28T21:37:04.692-0500][gc           ] GC(9) Pause Young (Allocation Failure) 67M->24M(106M) 36.031ms
[2020-07-28T21:37:04.692-0500][gc,cpu       ] GC(9) User=0.08s Sys=0.00s Real=0.04s
[2020-07-28T21:37:04.693-0500][gc,start     ] GC(10) Pause Initial Mark
[2020-07-28T21:37:04.698-0500][gc           ] GC(10) Pause Initial Mark 24M->24M(106M) 4.947ms
[2020-07-28T21:37:04.698-0500][gc,cpu       ] GC(10) User=0.01s Sys=0.00s Real=0.01s
[2020-07-28T21:37:04.698-0500][gc           ] GC(10) Concurrent Mark
[2020-07-28T21:37:04.805-0500][gc           ] GC(10) Concurrent Mark 107.488ms
[2020-07-28T21:37:04.806-0500][gc,cpu       ] GC(10) User=0.23s Sys=0.02s Real=0.10s
[2020-07-28T21:37:04.806-0500][gc           ] GC(10) Concurrent Preclean
[2020-07-28T21:37:04.807-0500][gc           ] GC(10) Concurrent Preclean 0.989ms
[2020-07-28T21:37:04.807-0500][gc,cpu       ] GC(10) User=0.00s Sys=0.00s Real=0.00s
[2020-07-28T21:37:04.807-0500][gc,start     ] GC(10) Pause Remark
[2020-07-28T21:37:04.807-0500][gc,start     ] GC(11) Pause Young (CMS Final Remark)
[2020-07-28T21:37:04.807-0500][gc,task      ] GC(11) Using 4 workers of 4 for evacuation
[2020-07-28T21:37:04.823-0500][gc,heap      ] GC(11) ParNew: 4757K->3566K(51648K)
[2020-07-28T21:37:04.823-0500][gc,heap      ] GC(11) CMS: 20573K->20573K(57344K)
[2020-07-28T21:37:04.823-0500][gc,metaspace ] GC(11) Metaspace: 44516K->44516K(1089536K)
[2020-07-28T21:37:04.823-0500][gc           ] GC(11) Pause Young (CMS Final Remark) 24M->23M(106M) 15.654ms
[2020-07-28T21:37:04.823-0500][gc,cpu       ] GC(11) User=0.03s Sys=0.00s Real=0.02s
[2020-07-28T21:37:04.876-0500][gc           ] GC(10) Pause Remark 24M->23M(106M) 69.223ms
[2020-07-28T21:37:04.876-0500][gc,cpu       ] GC(10) User=0.09s Sys=0.00s Real=0.07s
[2020-07-28T21:37:04.877-0500][gc           ] GC(10) Concurrent Sweep
[2020-07-28T21:37:04.895-0500][gc           ] GC(10) Concurrent Sweep 18.096ms
[2020-07-28T21:37:04.895-0500][gc,cpu       ] GC(10) User=0.04s Sys=0.00s Real=0.02s
[2020-07-28T21:37:04.895-0500][gc           ] GC(10) Concurrent Reset
[2020-07-28T21:37:04.904-0500][gc           ] GC(10) Concurrent Reset 9.286ms
[2020-07-28T21:37:04.904-0500][gc,cpu       ] GC(10) User=0.02s Sys=0.00s Real=0.01s
[2020-07-28T21:37:04.904-0500][gc,heap      ] GC(10) Old: 20573K->20439K(57344K)
[2020-07-28T21:38:16.169-0500][gc,start     ] GC(12) Pause Young (Allocation Failure)
[2020-07-28T21:38:16.170-0500][gc,task      ] GC(12) Using 4 workers of 4 for evacuation
[2020-07-28T21:38:16.193-0500][gc,heap      ] GC(12) ParNew: 49518K->5696K(51648K)
[2020-07-28T21:38:16.193-0500][gc,heap      ] GC(12) CMS: 20439K->20822K(57344K)
[2020-07-28T21:38:16.193-0500][gc,metaspace ] GC(12) Metaspace: 52427K->52427K(1097728K)
[2020-07-28T21:38:16.193-0500][gc           ] GC(12) Pause Young (Allocation Failure) 68M->25M(106M) 23.608ms
[2020-07-28T21:38:16.193-0500][gc,cpu       ] GC(12) User=0.06s Sys=0.00s Real=0.03s
[2020-07-28T22:01:21.673-0500][gc,start     ] GC(13) Pause Young (Allocation Failure)
[2020-07-28T22:01:21.674-0500][gc,task      ] GC(13) Using 4 workers of 4 for evacuation
[2020-07-28T22:01:21.698-0500][gc,heap      ] GC(13) ParNew: 51648K->5696K(51648K)
[2020-07-28T22:01:21.698-0500][gc,heap      ] GC(13) CMS: 20822K->23360K(57344K)
[2020-07-28T22:01:21.698-0500][gc,metaspace ] GC(13) Metaspace: 52775K->52775K(1097728K)
[2020-07-28T22:01:21.698-0500][gc           ] GC(13) Pause Young (Allocation Failure) 70M->28M(106M) 24.820ms
[2020-07-28T22:01:21.698-0500][gc,cpu       ] GC(13) User=0.07s Sys=0.00s Real=0.03s
[2020-07-28T22:28:32.188-0500][gc,start     ] GC(14) Pause Young (Allocation Failure)
[2020-07-28T22:28:32.188-0500][gc,task      ] GC(14) Using 4 workers of 4 for evacuation
[2020-07-28T22:28:32.210-0500][gc,heap      ] GC(14) ParNew: 51648K->2232K(51648K)
[2020-07-28T22:28:32.210-0500][gc,heap      ] GC(14) CMS: 23360K->26202K(57344K)
[2020-07-28T22:28:32.210-0500][gc,metaspace ] GC(14) Metaspace: 52796K->52796K(1097728K)
[2020-07-28T22:28:32.210-0500][gc           ] GC(14) Pause Young (Allocation Failure) 73M->27M(106M) 21.871ms
[2020-07-28T22:28:32.210-0500][gc,cpu       ] GC(14) User=0.05s Sys=0.00s Real=0.03s
[2020-07-28T22:41:54.779-0500][gc,heap,exit ] Heap
[2020-07-28T22:41:54.779-0500][gc,heap,exit ]  par new generation   total 51648K, used 28129K [0x0000000740000000, 0x0000000743800000, 0x00000007a0000000)
[2020-07-28T22:41:54.779-0500][gc,heap,exit ]   eden space 45952K,  56% used [0x0000000740000000, 0x000000074194a418, 0x0000000742ce0000)
[2020-07-28T22:41:54.779-0500][gc,heap,exit ]   from space 5696K,  39% used [0x0000000743270000, 0x000000074349e040, 0x0000000743800000)
[2020-07-28T22:41:54.779-0500][gc,heap,exit ]   to   space 5696K,   0% used [0x0000000742ce0000, 0x0000000742ce0000, 0x0000000743270000)
[2020-07-28T22:41:54.779-0500][gc,heap,exit ]  concurrent mark-sweep generation total 57344K, used 26202K [0x00000007a0000000, 0x00000007a3800000, 0x0000000800000000)
[2020-07-28T22:41:54.779-0500][gc,heap,exit ]  Metaspace       used 52886K, capacity 54527K, committed 54620K, reserved 1097728K
[2020-07-28T22:41:54.779-0500][gc,heap,exit ]   class space    used 6619K, capacity 7244K, committed 7268K, reserved 1048576K
