[2020-07-28T21:24:39.544-0500][gc,heap] Heap region size: 1M
[2020-07-28T21:24:39.559-0500][gc     ] Using G1
[2020-07-28T21:24:39.559-0500][gc,heap,coops] Heap address: 0x00000000e0000000, size: 512 MB, Compressed Oops mode: 32-bit
[2020-07-28T21:24:39.560-0500][gc,cds       ] Mark closed archive regions in map: [0x00000000fff00000, 0x00000000fff69ff8]
[2020-07-28T21:24:39.560-0500][gc,cds       ] Mark open archive regions in map: [0x00000000ffe00000, 0x00000000ffe46ff8]
[2020-07-28T21:24:56.094-0500][gc,start     ] GC(0) Pause Young (Normal) (G1 Evacuation Pause)
[2020-07-28T21:24:56.094-0500][gc,task      ] GC(0) Using 4 workers of 4 for evacuation
[2020-07-28T21:24:56.126-0500][gc,mmu       ] GC(0) MMU target violated: 21.0ms (20.0ms/21.0ms)
[2020-07-28T21:24:56.126-0500][gc,phases    ] GC(0)   Pre Evacuate Collection Set: 0.0ms
[2020-07-28T21:24:56.126-0500][gc,phases    ] GC(0)   Evacuate Collection Set: 30.5ms
[2020-07-28T21:24:56.126-0500][gc,phases    ] GC(0)   Post Evacuate Collection Set: 0.9ms
[2020-07-28T21:24:56.126-0500][gc,phases    ] GC(0)   Other: 1.2ms
[2020-07-28T21:24:56.126-0500][gc,heap      ] GC(0) Eden regions: 25->0(21)
[2020-07-28T21:24:56.126-0500][gc,heap      ] GC(0) Survivor regions: 0->4(4)
[2020-07-28T21:24:56.126-0500][gc,heap      ] GC(0) Old regions: 2->4
[2020-07-28T21:24:56.126-0500][gc,heap      ] GC(0) Humongous regions: 0->0
[2020-07-28T21:24:56.126-0500][gc,metaspace ] GC(0) Metaspace: 7679K->7679K(1056768K)
[2020-07-28T21:24:56.126-0500][gc           ] GC(0) Pause Young (Normal) (G1 Evacuation Pause) 25M->6M(512M) 32.771ms
[2020-07-28T21:24:56.126-0500][gc,cpu       ] GC(0) User=0.10s Sys=0.01s Real=0.03s
