[2020-07-25T11:11:31.599-0500][gc,heap] Heap region size: 1M
[2020-07-25T11:11:31.615-0500][gc     ] Using G1
[2020-07-25T11:11:31.615-0500][gc,heap,coops] Heap address: 0x00000000e0000000, size: 512 MB, Compressed Oops mode: 32-bit
[2020-07-25T11:11:31.615-0500][gc,cds       ] Mark closed archive regions in map: [0x00000000fff00000, 0x00000000fff69ff8]
[2020-07-25T11:11:31.615-0500][gc,cds       ] Mark open archive regions in map: [0x00000000ffe00000, 0x00000000ffe46ff8]
[2020-07-25T11:12:02.287-0500][gc,start     ] GC(0) Pause Young (Normal) (G1 Evacuation Pause)
[2020-07-25T11:12:02.288-0500][gc,task      ] GC(0) Using 4 workers of 4 for evacuation
[2020-07-25T11:12:02.317-0500][gc,mmu       ] GC(0) MMU target violated: 21.0ms (20.0ms/21.0ms)
[2020-07-25T11:12:02.317-0500][gc,phases    ] GC(0)   Pre Evacuate Collection Set: 0.0ms
[2020-07-25T11:12:02.317-0500][gc,phases    ] GC(0)   Evacuate Collection Set: 27.8ms
[2020-07-25T11:12:02.317-0500][gc,phases    ] GC(0)   Post Evacuate Collection Set: 0.9ms
[2020-07-25T11:12:02.317-0500][gc,phases    ] GC(0)   Other: 1.1ms
[2020-07-25T11:12:02.317-0500][gc,heap      ] GC(0) Eden regions: 25->0(21)
[2020-07-25T11:12:02.317-0500][gc,heap      ] GC(0) Survivor regions: 0->4(4)
[2020-07-25T11:12:02.317-0500][gc,heap      ] GC(0) Old regions: 2->4
[2020-07-25T11:12:02.317-0500][gc,heap      ] GC(0) Humongous regions: 0->0
[2020-07-25T11:12:02.317-0500][gc,metaspace ] GC(0) Metaspace: 7664K->7664K(1056768K)
[2020-07-25T11:12:02.317-0500][gc           ] GC(0) Pause Young (Normal) (G1 Evacuation Pause) 25M->6M(512M) 30.014ms
[2020-07-25T11:12:02.317-0500][gc,cpu       ] GC(0) User=0.09s Sys=0.01s Real=0.03s
[2020-07-25T17:09:56.550-0500][gc,start     ] GC(1) Pause Young (Normal) (G1 Evacuation Pause)
[2020-07-25T17:09:56.551-0500][gc,task      ] GC(1) Using 4 workers of 4 for evacuation
[2020-07-25T17:09:56.571-0500][gc,mmu       ] GC(1) MMU target violated: 20.6ms (20.0ms/21.0ms)
[2020-07-25T17:09:56.571-0500][gc,phases    ] GC(1)   Pre Evacuate Collection Set: 0.0ms
[2020-07-25T17:09:56.571-0500][gc,phases    ] GC(1)   Evacuate Collection Set: 19.7ms
[2020-07-25T17:09:56.571-0500][gc,phases    ] GC(1)   Post Evacuate Collection Set: 0.8ms
[2020-07-25T17:09:56.571-0500][gc,phases    ] GC(1)   Other: 0.8ms
[2020-07-25T17:09:56.571-0500][gc,heap      ] GC(1) Eden regions: 21->0(24)
[2020-07-25T17:09:56.572-0500][gc,heap      ] GC(1) Survivor regions: 4->1(4)
[2020-07-25T17:09:56.572-0500][gc,heap      ] GC(1) Old regions: 4->8
[2020-07-25T17:09:56.572-0500][gc,heap      ] GC(1) Humongous regions: 0->0
[2020-07-25T17:09:56.572-0500][gc,metaspace ] GC(1) Metaspace: 8284K->8284K(1056768K)
[2020-07-25T17:09:56.572-0500][gc           ] GC(1) Pause Young (Normal) (G1 Evacuation Pause) 27M->6M(512M) 21.438ms
[2020-07-25T17:09:56.572-0500][gc,cpu       ] GC(1) User=0.07s Sys=0.00s Real=0.02s
[2020-07-25T17:15:10.116-0500][gc,heap,exit ] Heap
[2020-07-25T17:15:10.116-0500][gc,heap,exit ]  garbage-first heap   total 524288K, used 10045K [0x00000000e0000000, 0x0000000100000000)
[2020-07-25T17:15:10.116-0500][gc,heap,exit ]   region size 1024K, 5 young (5120K), 1 survivors (1024K)
[2020-07-25T17:15:10.117-0500][gc,heap,exit ]  Metaspace       used 8306K, capacity 8616K, committed 8704K, reserved 1056768K
[2020-07-25T17:15:10.117-0500][gc,heap,exit ]   class space    used 891K, capacity 1004K, committed 1024K, reserved 1048576K
